
*** Running vivado
    with args -log kria_starter_kit_axi_cfg_register_0_1.vds -m64 -product Vivado -mode batch -messageDb vivado.pb -notrace -source kria_starter_kit_axi_cfg_register_0_1.tcl



****** Vivado v2024.1 (64-bit)
  **** SW Build 5076996 on Wed May 22 18:37:14 MDT 2024
  **** IP Build 5075265 on Wed May 22 21:45:21 MDT 2024
  **** SharedData Build 5076995 on Wed May 22 18:29:18 MDT 2024
  **** Start of session at: Tue Feb 18 17:08:09 2025
    ** Copyright 1986-2022 Xilinx, Inc. All Rights Reserved.
    ** Copyright 2022-2024 Advanced Micro Devices, Inc. All Rights Reserved.

source kria_starter_kit_axi_cfg_register_0_1.tcl -notrace
create_project: Time (s): cpu = 00:00:15 ; elapsed = 00:00:17 . Memory (MB): peak = 512.809 ; gain = 196.375
INFO: [IP_Flow 19-234] Refreshing IP repositories
INFO: [IP_Flow 19-1704] No user IP repositories specified
INFO: [IP_Flow 19-2313] Loaded Vivado IP repository 'C:/Xilinx/Vivado/2024.1/data/ip'.
Command: synth_design -top kria_starter_kit_axi_cfg_register_0_1 -part xck26-sfvc784-2LV-c -incremental_mode off -mode out_of_context
Starting synth_design
Attempting to get a license for feature 'Synthesis' and/or device 'xck26'
INFO: [Common 17-349] Got license for feature 'Synthesis' and/or device 'xck26'
INFO: [Device 21-403] Loading part xck26-sfvc784-2LV-c
INFO: [Synth 8-7079] Multithreading enabled for synth_design using a maximum of 2 processes.
INFO: [Synth 8-7078] Launching helper process for spawning children vivado processes
INFO: [Synth 8-7075] Helper process launched with PID 17452
---------------------------------------------------------------------------------
Starting RTL Elaboration : Time (s): cpu = 00:00:12 ; elapsed = 00:00:22 . Memory (MB): peak = 1942.809 ; gain = 398.859
---------------------------------------------------------------------------------
INFO: [Synth 8-638] synthesizing module 'kria_starter_kit_axi_cfg_register_0_1' [c:/Users/ASUS/Documents/PhD/kriask/prj/fan_ex/fan_ex.gen/sources_1/bd/kria_starter_kit/ip/kria_starter_kit_axi_cfg_register_0_1/synth/kria_starter_kit_axi_cfg_register_0_1.vhd:81]
	Parameter CFG_DATA_WIDTH bound to: 32 - type: integer 
	Parameter AXI_DATA_WIDTH bound to: 32 - type: integer 
	Parameter AXI_ADDR_WIDTH bound to: 32 - type: integer 
INFO: [Synth 8-3491] module 'axi_cfg_register' declared at 'C:/Users/ASUS/Documents/PhD/kriask/doc/axi_cfg_register.v:4' bound to instance 'U0' of component 'axi_cfg_register' [c:/Users/ASUS/Documents/PhD/kriask/prj/fan_ex/fan_ex.gen/sources_1/bd/kria_starter_kit/ip/kria_starter_kit_axi_cfg_register_0_1/synth/kria_starter_kit_axi_cfg_register_0_1.vhd:147]
INFO: [Synth 8-6157] synthesizing module 'axi_cfg_register' [C:/Users/ASUS/Documents/PhD/kriask/doc/axi_cfg_register.v:4]
INFO: [Synth 8-6157] synthesizing module 'FDRE' [C:/Xilinx/Vivado/2024.1/scripts/rt/data/unisim_comp.v:41014]
INFO: [Synth 8-6155] done synthesizing module 'FDRE' (0#1) [C:/Xilinx/Vivado/2024.1/scripts/rt/data/unisim_comp.v:41014]
INFO: [Synth 8-6155] done synthesizing module 'axi_cfg_register' (0#1) [C:/Users/ASUS/Documents/PhD/kriask/doc/axi_cfg_register.v:4]
INFO: [Synth 8-256] done synthesizing module 'kria_starter_kit_axi_cfg_register_0_1' (0#1) [c:/Users/ASUS/Documents/PhD/kriask/prj/fan_ex/fan_ex.gen/sources_1/bd/kria_starter_kit/ip/kria_starter_kit_axi_cfg_register_0_1/synth/kria_starter_kit_axi_cfg_register_0_1.vhd:81]
WARNING: [Synth 8-7129] Port s_axi_awaddr[31] in module axi_cfg_register is either unconnected or has no load
WARNING: [Synth 8-7129] Port s_axi_awaddr[30] in module axi_cfg_register is either unconnected or has no load
WARNING: [Synth 8-7129] Port s_axi_awaddr[29] in module axi_cfg_register is either unconnected or has no load
WARNING: [Synth 8-7129] Port s_axi_awaddr[28] in module axi_cfg_register is either unconnected or has no load
WARNING: [Synth 8-7129] Port s_axi_awaddr[27] in module axi_cfg_register is either unconnected or has no load
WARNING: [Synth 8-7129] Port s_axi_awaddr[26] in module axi_cfg_register is either unconnected or has no load
WARNING: [Synth 8-7129] Port s_axi_awaddr[25] in module axi_cfg_register is either unconnected or has no load
WARNING: [Synth 8-7129] Port s_axi_awaddr[24] in module axi_cfg_register is either unconnected or has no load
WARNING: [Synth 8-7129] Port s_axi_awaddr[23] in module axi_cfg_register is either unconnected or has no load
WARNING: [Synth 8-7129] Port s_axi_awaddr[22] in module axi_cfg_register is either unconnected or has no load
WARNING: [Synth 8-7129] Port s_axi_awaddr[21] in module axi_cfg_register is either unconnected or has no load
WARNING: [Synth 8-7129] Port s_axi_awaddr[20] in module axi_cfg_register is either unconnected or has no load
WARNING: [Synth 8-7129] Port s_axi_awaddr[19] in module axi_cfg_register is either unconnected or has no load
WARNING: [Synth 8-7129] Port s_axi_awaddr[18] in module axi_cfg_register is either unconnected or has no load
WARNING: [Synth 8-7129] Port s_axi_awaddr[17] in module axi_cfg_register is either unconnected or has no load
WARNING: [Synth 8-7129] Port s_axi_awaddr[16] in module axi_cfg_register is either unconnected or has no load
WARNING: [Synth 8-7129] Port s_axi_awaddr[15] in module axi_cfg_register is either unconnected or has no load
WARNING: [Synth 8-7129] Port s_axi_awaddr[14] in module axi_cfg_register is either unconnected or has no load
WARNING: [Synth 8-7129] Port s_axi_awaddr[13] in module axi_cfg_register is either unconnected or has no load
WARNING: [Synth 8-7129] Port s_axi_awaddr[12] in module axi_cfg_register is either unconnected or has no load
WARNING: [Synth 8-7129] Port s_axi_awaddr[11] in module axi_cfg_register is either unconnected or has no load
WARNING: [Synth 8-7129] Port s_axi_awaddr[10] in module axi_cfg_register is either unconnected or has no load
WARNING: [Synth 8-7129] Port s_axi_awaddr[9] in module axi_cfg_register is either unconnected or has no load
WARNING: [Synth 8-7129] Port s_axi_awaddr[8] in module axi_cfg_register is either unconnected or has no load
WARNING: [Synth 8-7129] Port s_axi_awaddr[7] in module axi_cfg_register is either unconnected or has no load
WARNING: [Synth 8-7129] Port s_axi_awaddr[6] in module axi_cfg_register is either unconnected or has no load
WARNING: [Synth 8-7129] Port s_axi_awaddr[5] in module axi_cfg_register is either unconnected or has no load
WARNING: [Synth 8-7129] Port s_axi_awaddr[4] in module axi_cfg_register is either unconnected or has no load
WARNING: [Synth 8-7129] Port s_axi_awaddr[3] in module axi_cfg_register is either unconnected or has no load
WARNING: [Synth 8-7129] Port s_axi_awaddr[1] in module axi_cfg_register is either unconnected or has no load
WARNING: [Synth 8-7129] Port s_axi_awaddr[0] in module axi_cfg_register is either unconnected or has no load
WARNING: [Synth 8-7129] Port s_axi_araddr[31] in module axi_cfg_register is either unconnected or has no load
WARNING: [Synth 8-7129] Port s_axi_araddr[30] in module axi_cfg_register is either unconnected or has no load
WARNING: [Synth 8-7129] Port s_axi_araddr[29] in module axi_cfg_register is either unconnected or has no load
WARNING: [Synth 8-7129] Port s_axi_araddr[28] in module axi_cfg_register is either unconnected or has no load
WARNING: [Synth 8-7129] Port s_axi_araddr[27] in module axi_cfg_register is either unconnected or has no load
WARNING: [Synth 8-7129] Port s_axi_araddr[26] in module axi_cfg_register is either unconnected or has no load
WARNING: [Synth 8-7129] Port s_axi_araddr[25] in module axi_cfg_register is either unconnected or has no load
WARNING: [Synth 8-7129] Port s_axi_araddr[24] in module axi_cfg_register is either unconnected or has no load
WARNING: [Synth 8-7129] Port s_axi_araddr[23] in module axi_cfg_register is either unconnected or has no load
WARNING: [Synth 8-7129] Port s_axi_araddr[22] in module axi_cfg_register is either unconnected or has no load
WARNING: [Synth 8-7129] Port s_axi_araddr[21] in module axi_cfg_register is either unconnected or has no load
WARNING: [Synth 8-7129] Port s_axi_araddr[20] in module axi_cfg_register is either unconnected or has no load
WARNING: [Synth 8-7129] Port s_axi_araddr[19] in module axi_cfg_register is either unconnected or has no load
WARNING: [Synth 8-7129] Port s_axi_araddr[18] in module axi_cfg_register is either unconnected or has no load
WARNING: [Synth 8-7129] Port s_axi_araddr[17] in module axi_cfg_register is either unconnected or has no load
WARNING: [Synth 8-7129] Port s_axi_araddr[16] in module axi_cfg_register is either unconnected or has no load
WARNING: [Synth 8-7129] Port s_axi_araddr[15] in module axi_cfg_register is either unconnected or has no load
WARNING: [Synth 8-7129] Port s_axi_araddr[14] in module axi_cfg_register is either unconnected or has no load
WARNING: [Synth 8-7129] Port s_axi_araddr[13] in module axi_cfg_register is either unconnected or has no load
WARNING: [Synth 8-7129] Port s_axi_araddr[12] in module axi_cfg_register is either unconnected or has no load
WARNING: [Synth 8-7129] Port s_axi_araddr[11] in module axi_cfg_register is either unconnected or has no load
WARNING: [Synth 8-7129] Port s_axi_araddr[10] in module axi_cfg_register is either unconnected or has no load
WARNING: [Synth 8-7129] Port s_axi_araddr[9] in module axi_cfg_register is either unconnected or has no load
WARNING: [Synth 8-7129] Port s_axi_araddr[8] in module axi_cfg_register is either unconnected or has no load
WARNING: [Synth 8-7129] Port s_axi_araddr[7] in module axi_cfg_register is either unconnected or has no load
WARNING: [Synth 8-7129] Port s_axi_araddr[6] in module axi_cfg_register is either unconnected or has no load
WARNING: [Synth 8-7129] Port s_axi_araddr[5] in module axi_cfg_register is either unconnected or has no load
WARNING: [Synth 8-7129] Port s_axi_araddr[4] in module axi_cfg_register is either unconnected or has no load
WARNING: [Synth 8-7129] Port s_axi_araddr[3] in module axi_cfg_register is either unconnected or has no load
WARNING: [Synth 8-7129] Port s_axi_araddr[2] in module axi_cfg_register is either unconnected or has no load
WARNING: [Synth 8-7129] Port s_axi_araddr[1] in module axi_cfg_register is either unconnected or has no load
WARNING: [Synth 8-7129] Port s_axi_araddr[0] in module axi_cfg_register is either unconnected or has no load
---------------------------------------------------------------------------------
Finished RTL Elaboration : Time (s): cpu = 00:00:16 ; elapsed = 00:00:30 . Memory (MB): peak = 2055.527 ; gain = 511.578
---------------------------------------------------------------------------------
---------------------------------------------------------------------------------
Start Handling Custom Attributes
---------------------------------------------------------------------------------
---------------------------------------------------------------------------------
Finished Handling Custom Attributes : Time (s): cpu = 00:00:16 ; elapsed = 00:00:30 . Memory (MB): peak = 2055.527 ; gain = 511.578
---------------------------------------------------------------------------------
---------------------------------------------------------------------------------
Finished RTL Optimization Phase 1 : Time (s): cpu = 00:00:16 ; elapsed = 00:00:30 . Memory (MB): peak = 2055.527 ; gain = 511.578
---------------------------------------------------------------------------------
Netlist sorting complete. Time (s): cpu = 00:00:00 ; elapsed = 00:00:00.005 . Memory (MB): peak = 2055.527 ; gain = 0.000
INFO: [Project 1-570] Preparing netlist for logic optimization

Processing XDC Constraints
Initializing timing engine
Completed Processing XDC Constraints

Netlist sorting complete. Time (s): cpu = 00:00:00 ; elapsed = 00:00:00 . Memory (MB): peak = 2135.094 ; gain = 0.000
INFO: [Project 1-111] Unisim Transformation Summary:
No Unisim elements were transformed.

Constraint Validation Runtime : Time (s): cpu = 00:00:00 ; elapsed = 00:00:00.103 . Memory (MB): peak = 2153.531 ; gain = 18.316
INFO: [Designutils 20-5008] Incremental synthesis strategy off
---------------------------------------------------------------------------------
Finished Constraint Validation : Time (s): cpu = 00:00:34 ; elapsed = 00:00:52 . Memory (MB): peak = 2153.531 ; gain = 609.582
---------------------------------------------------------------------------------
---------------------------------------------------------------------------------
Start Loading Part and Timing Information
---------------------------------------------------------------------------------
Loading part: xck26-sfvc784-2LV-c
INFO: [Synth 8-6742] Reading net delay rules and data
---------------------------------------------------------------------------------
Finished Loading Part and Timing Information : Time (s): cpu = 00:00:34 ; elapsed = 00:00:52 . Memory (MB): peak = 2153.531 ; gain = 609.582
---------------------------------------------------------------------------------
---------------------------------------------------------------------------------
Start Applying 'set_property' XDC Constraints
---------------------------------------------------------------------------------
---------------------------------------------------------------------------------
Finished applying 'set_property' XDC Constraints : Time (s): cpu = 00:00:34 ; elapsed = 00:00:52 . Memory (MB): peak = 2153.531 ; gain = 609.582
---------------------------------------------------------------------------------
---------------------------------------------------------------------------------
Finished RTL Optimization Phase 2 : Time (s): cpu = 00:00:35 ; elapsed = 00:00:53 . Memory (MB): peak = 2153.531 ; gain = 609.582
---------------------------------------------------------------------------------
---------------------------------------------------------------------------------
Start RTL Component Statistics 
---------------------------------------------------------------------------------
Detailed RTL Component Info : 
+---Registers : 
	               32 Bit    Registers := 1     
	                1 Bit    Registers := 2     
+---Muxes : 
	   2 Input    1 Bit        Muxes := 2     
---------------------------------------------------------------------------------
Finished RTL Component Statistics 
---------------------------------------------------------------------------------
---------------------------------------------------------------------------------
Start Part Resource Summary
---------------------------------------------------------------------------------
Part Resources:
DSPs: 1248 (col length:96)
BRAMs: 288 (col length: RAMB18 96 RAMB36 48)
---------------------------------------------------------------------------------
Finished Part Resource Summary
---------------------------------------------------------------------------------
---------------------------------------------------------------------------------
Start Cross Boundary and Area Optimization
---------------------------------------------------------------------------------
WARNING: [Synth 8-7080] Parallel synthesis criteria is not met
INFO: [Synth 8-3917] design kria_starter_kit_axi_cfg_register_0_1 has port s_axi_bresp[1] driven by constant 0
INFO: [Synth 8-3917] design kria_starter_kit_axi_cfg_register_0_1 has port s_axi_bresp[0] driven by constant 0
INFO: [Synth 8-3917] design kria_starter_kit_axi_cfg_register_0_1 has port s_axi_arready driven by constant 1
INFO: [Synth 8-3917] design kria_starter_kit_axi_cfg_register_0_1 has port s_axi_rresp[1] driven by constant 0
INFO: [Synth 8-3917] design kria_starter_kit_axi_cfg_register_0_1 has port s_axi_rresp[0] driven by constant 0
WARNING: [Synth 8-7129] Port s_axi_awaddr[31] in module kria_starter_kit_axi_cfg_register_0_1 is either unconnected or has no load
WARNING: [Synth 8-7129] Port s_axi_awaddr[30] in module kria_starter_kit_axi_cfg_register_0_1 is either unconnected or has no load
WARNING: [Synth 8-7129] Port s_axi_awaddr[29] in module kria_starter_kit_axi_cfg_register_0_1 is either unconnected or has no load
WARNING: [Synth 8-7129] Port s_axi_awaddr[28] in module kria_starter_kit_axi_cfg_register_0_1 is either unconnected or has no load
WARNING: [Synth 8-7129] Port s_axi_awaddr[27] in module kria_starter_kit_axi_cfg_register_0_1 is either unconnected or has no load
WARNING: [Synth 8-7129] Port s_axi_awaddr[26] in module kria_starter_kit_axi_cfg_register_0_1 is either unconnected or has no load
WARNING: [Synth 8-7129] Port s_axi_awaddr[25] in module kria_starter_kit_axi_cfg_register_0_1 is either unconnected or has no load
WARNING: [Synth 8-7129] Port s_axi_awaddr[24] in module kria_starter_kit_axi_cfg_register_0_1 is either unconnected or has no load
WARNING: [Synth 8-7129] Port s_axi_awaddr[23] in module kria_starter_kit_axi_cfg_register_0_1 is either unconnected or has no load
WARNING: [Synth 8-7129] Port s_axi_awaddr[22] in module kria_starter_kit_axi_cfg_register_0_1 is either unconnected or has no load
WARNING: [Synth 8-7129] Port s_axi_awaddr[21] in module kria_starter_kit_axi_cfg_register_0_1 is either unconnected or has no load
WARNING: [Synth 8-7129] Port s_axi_awaddr[20] in module kria_starter_kit_axi_cfg_register_0_1 is either unconnected or has no load
WARNING: [Synth 8-7129] Port s_axi_awaddr[19] in module kria_starter_kit_axi_cfg_register_0_1 is either unconnected or has no load
WARNING: [Synth 8-7129] Port s_axi_awaddr[18] in module kria_starter_kit_axi_cfg_register_0_1 is either unconnected or has no load
WARNING: [Synth 8-7129] Port s_axi_awaddr[17] in module kria_starter_kit_axi_cfg_register_0_1 is either unconnected or has no load
WARNING: [Synth 8-7129] Port s_axi_awaddr[16] in module kria_starter_kit_axi_cfg_register_0_1 is either unconnected or has no load
WARNING: [Synth 8-7129] Port s_axi_awaddr[15] in module kria_starter_kit_axi_cfg_register_0_1 is either unconnected or has no load
WARNING: [Synth 8-7129] Port s_axi_awaddr[14] in module kria_starter_kit_axi_cfg_register_0_1 is either unconnected or has no load
WARNING: [Synth 8-7129] Port s_axi_awaddr[13] in module kria_starter_kit_axi_cfg_register_0_1 is either unconnected or has no load
WARNING: [Synth 8-7129] Port s_axi_awaddr[12] in module kria_starter_kit_axi_cfg_register_0_1 is either unconnected or has no load
WARNING: [Synth 8-7129] Port s_axi_awaddr[11] in module kria_starter_kit_axi_cfg_register_0_1 is either unconnected or has no load
WARNING: [Synth 8-7129] Port s_axi_awaddr[10] in module kria_starter_kit_axi_cfg_register_0_1 is either unconnected or has no load
WARNING: [Synth 8-7129] Port s_axi_awaddr[9] in module kria_starter_kit_axi_cfg_register_0_1 is either unconnected or has no load
WARNING: [Synth 8-7129] Port s_axi_awaddr[8] in module kria_starter_kit_axi_cfg_register_0_1 is either unconnected or has no load
WARNING: [Synth 8-7129] Port s_axi_awaddr[7] in module kria_starter_kit_axi_cfg_register_0_1 is either unconnected or has no load
WARNING: [Synth 8-7129] Port s_axi_awaddr[6] in module kria_starter_kit_axi_cfg_register_0_1 is either unconnected or has no load
WARNING: [Synth 8-7129] Port s_axi_awaddr[5] in module kria_starter_kit_axi_cfg_register_0_1 is either unconnected or has no load
WARNING: [Synth 8-7129] Port s_axi_awaddr[4] in module kria_starter_kit_axi_cfg_register_0_1 is either unconnected or has no load
WARNING: [Synth 8-7129] Port s_axi_awaddr[3] in module kria_starter_kit_axi_cfg_register_0_1 is either unconnected or has no load
WARNING: [Synth 8-7129] Port s_axi_awaddr[1] in module kria_starter_kit_axi_cfg_register_0_1 is either unconnected or has no load
WARNING: [Synth 8-7129] Port s_axi_awaddr[0] in module kria_starter_kit_axi_cfg_register_0_1 is either unconnected or has no load
WARNING: [Synth 8-7129] Port s_axi_araddr[31] in module kria_starter_kit_axi_cfg_register_0_1 is either unconnected or has no load
WARNING: [Synth 8-7129] Port s_axi_araddr[30] in module kria_starter_kit_axi_cfg_register_0_1 is either unconnected or has no load
WARNING: [Synth 8-7129] Port s_axi_araddr[29] in module kria_starter_kit_axi_cfg_register_0_1 is either unconnected or has no load
WARNING: [Synth 8-7129] Port s_axi_araddr[28] in module kria_starter_kit_axi_cfg_register_0_1 is either unconnected or has no load
WARNING: [Synth 8-7129] Port s_axi_araddr[27] in module kria_starter_kit_axi_cfg_register_0_1 is either unconnected or has no load
WARNING: [Synth 8-7129] Port s_axi_araddr[26] in module kria_starter_kit_axi_cfg_register_0_1 is either unconnected or has no load
INFO: [Common 17-14] Message 'Synth 8-7129' appears 100 times and further instances of the messages will be disabled. Use the Tcl command set_msg_config to change the current settings.
---------------------------------------------------------------------------------
Finished Cross Boundary and Area Optimization : Time (s): cpu = 00:00:39 ; elapsed = 00:00:57 . Memory (MB): peak = 2153.531 ; gain = 609.582
---------------------------------------------------------------------------------
---------------------------------------------------------------------------------
Start Applying XDC Timing Constraints
---------------------------------------------------------------------------------
---------------------------------------------------------------------------------
Finished Applying XDC Timing Constraints : Time (s): cpu = 00:01:07 ; elapsed = 00:01:33 . Memory (MB): peak = 2563.781 ; gain = 1019.832
---------------------------------------------------------------------------------
---------------------------------------------------------------------------------
Start Timing Optimization
---------------------------------------------------------------------------------
---------------------------------------------------------------------------------
Finished Timing Optimization : Time (s): cpu = 00:01:07 ; elapsed = 00:01:33 . Memory (MB): peak = 2563.781 ; gain = 1019.832
---------------------------------------------------------------------------------
---------------------------------------------------------------------------------
Start Technology Mapping
---------------------------------------------------------------------------------
---------------------------------------------------------------------------------
Finished Technology Mapping : Time (s): cpu = 00:01:07 ; elapsed = 00:01:33 . Memory (MB): peak = 2582.887 ; gain = 1038.938
---------------------------------------------------------------------------------
---------------------------------------------------------------------------------
Start IO Insertion
---------------------------------------------------------------------------------
---------------------------------------------------------------------------------
Start Flattening Before IO Insertion
---------------------------------------------------------------------------------
---------------------------------------------------------------------------------
Finished Flattening Before IO Insertion
---------------------------------------------------------------------------------
---------------------------------------------------------------------------------
Start Final Netlist Cleanup
---------------------------------------------------------------------------------
---------------------------------------------------------------------------------
Finished Final Netlist Cleanup
---------------------------------------------------------------------------------
---------------------------------------------------------------------------------
Finished IO Insertion : Time (s): cpu = 00:01:19 ; elapsed = 00:01:47 . Memory (MB): peak = 2588.656 ; gain = 1044.707
---------------------------------------------------------------------------------
---------------------------------------------------------------------------------
Start Renaming Generated Instances
---------------------------------------------------------------------------------
---------------------------------------------------------------------------------
Finished Renaming Generated Instances : Time (s): cpu = 00:01:19 ; elapsed = 00:01:47 . Memory (MB): peak = 2588.656 ; gain = 1044.707
---------------------------------------------------------------------------------
---------------------------------------------------------------------------------
Start Rebuilding User Hierarchy
---------------------------------------------------------------------------------
---------------------------------------------------------------------------------
Finished Rebuilding User Hierarchy : Time (s): cpu = 00:01:19 ; elapsed = 00:01:47 . Memory (MB): peak = 2588.656 ; gain = 1044.707
---------------------------------------------------------------------------------
---------------------------------------------------------------------------------
Start Renaming Generated Ports
---------------------------------------------------------------------------------
---------------------------------------------------------------------------------
Finished Renaming Generated Ports : Time (s): cpu = 00:01:19 ; elapsed = 00:01:47 . Memory (MB): peak = 2588.656 ; gain = 1044.707
---------------------------------------------------------------------------------
---------------------------------------------------------------------------------
Start Handling Custom Attributes
---------------------------------------------------------------------------------
---------------------------------------------------------------------------------
Finished Handling Custom Attributes : Time (s): cpu = 00:01:19 ; elapsed = 00:01:47 . Memory (MB): peak = 2588.656 ; gain = 1044.707
---------------------------------------------------------------------------------
---------------------------------------------------------------------------------
Start Renaming Generated Nets
---------------------------------------------------------------------------------
---------------------------------------------------------------------------------
Finished Renaming Generated Nets : Time (s): cpu = 00:01:19 ; elapsed = 00:01:47 . Memory (MB): peak = 2588.656 ; gain = 1044.707
---------------------------------------------------------------------------------
---------------------------------------------------------------------------------
Start Writing Synthesis Report
---------------------------------------------------------------------------------

Report BlackBoxes: 
+-+--------------+----------+
| |BlackBox name |Instances |
+-+--------------+----------+
+-+--------------+----------+

Report Cell Usage: 
+------+-----+------+
|      |Cell |Count |
+------+-----+------+
|1     |LUT1 |     1|
|2     |LUT2 |     1|
|3     |LUT4 |     5|
|4     |LUT5 |     1|
|5     |FDRE |    66|
+------+-----+------+
---------------------------------------------------------------------------------
Finished Writing Synthesis Report : Time (s): cpu = 00:01:19 ; elapsed = 00:01:47 . Memory (MB): peak = 2588.656 ; gain = 1044.707
---------------------------------------------------------------------------------
Synthesis finished with 0 errors, 0 critical warnings and 64 warnings.
Synthesis Optimization Runtime : Time (s): cpu = 00:00:59 ; elapsed = 00:01:42 . Memory (MB): peak = 2588.656 ; gain = 946.703
Synthesis Optimization Complete : Time (s): cpu = 00:01:20 ; elapsed = 00:01:48 . Memory (MB): peak = 2588.656 ; gain = 1044.707
INFO: [Project 1-571] Translating synthesized netlist
Netlist sorting complete. Time (s): cpu = 00:00:00 ; elapsed = 00:00:00.008 . Memory (MB): peak = 2588.656 ; gain = 0.000
INFO: [Project 1-570] Preparing netlist for logic optimization
INFO: [Opt 31-138] Pushed 0 inverter(s) to 0 load pin(s).
Netlist sorting complete. Time (s): cpu = 00:00:00 ; elapsed = 00:00:00 . Memory (MB): peak = 2588.656 ; gain = 0.000
INFO: [Project 1-111] Unisim Transformation Summary:
No Unisim elements were transformed.

Synth Design complete | Checksum: ce53331e
INFO: [Common 17-83] Releasing license: Synthesis
30 Infos, 101 Warnings, 0 Critical Warnings and 0 Errors encountered.
synth_design completed successfully
synth_design: Time (s): cpu = 00:01:39 ; elapsed = 00:02:19 . Memory (MB): peak = 2588.656 ; gain = 2016.215
INFO: [Common 17-1381] The checkpoint 'C:/Users/ASUS/Documents/PhD/kriask/prj/fan_ex/fan_ex.runs/kria_starter_kit_axi_cfg_register_0_1_synth_1/kria_starter_kit_axi_cfg_register_0_1.dcp' has been generated.
INFO: [Vivado 12-24828] Executing command : report_utilization -file kria_starter_kit_axi_cfg_register_0_1_utilization_synth.rpt -pb kria_starter_kit_axi_cfg_register_0_1_utilization_synth.pb
INFO: [Common 17-206] Exiting Vivado at Tue Feb 18 17:10:57 2025...
