#-----------------------------------------------------------
# Vivado v2024.1 (64-bit)
# SW Build 5076996 on Wed May 22 18:37:14 MDT 2024
# IP Build 5075265 on Wed May 22 21:45:21 MDT 2024
# SharedData Build 5076995 on Wed May 22 18:29:18 MDT 2024
# Start of session at: Tue Feb 18 16:35:35 2025
# Process ID: 19792
# Current directory: C:/Users/ASUS/Documents/PhD/kriask/prj/fan_ex
# Command line: vivado.exe -gui_launcher_event rodinguilauncherevent17928 C:\Users\ASUS\Documents\PhD\kriask\prj\fan_ex\fan_ex.xpr
# Log file: C:/Users/ASUS/Documents/PhD/kriask/prj/fan_ex/vivado.log
# Journal file: C:/Users/ASUS/Documents/PhD/kriask/prj/fan_ex\vivado.jou
# Running On        :Goose
# Platform          :Windows Server 2016 or Windows 10
# Operating System  :26100
# Processor Detail  :Intel(R) Core(TM) i7-10510U CPU @ 1.80GHz
# CPU Frequency     :2304 MHz
# CPU Physical cores:4
# CPU Logical cores :8
# Host memory       :16979 MB
# Swap memory       :1073 MB
# Total Virtual     :18053 MB
# Available Virtual :8370 MB
#-----------------------------------------------------------
start_gui
open_project C:/Users/ASUS/Documents/PhD/kriask/prj/fan_ex/fan_ex.xpr
WARNING: [Board 49-26] cannot add Board Part xilinx.com:kc705:part0:1.6 available at C:/Xilinx/Vivado/2024.1/data/xhub/boards/XilinxBoardStore/boards/Xilinx/kc705/1.6/board.xml as part xc7k325tffg900-2 specified in board_part file is either invalid or not available
WARNING: [Board 49-26] cannot add Board Part xilinx.com:kcu105:part0:1.6 available at C:/Xilinx/Vivado/2024.1/data/xhub/boards/XilinxBoardStore/boards/Xilinx/kcu105/1.6/board.xml as part xcku040-ffva1156-2-e specified in board_part file is either invalid or not available
WARNING: [Board 49-26] cannot add Board Part xilinx.com:kcu105:part0:1.7 available at C:/Xilinx/Vivado/2024.1/data/xhub/boards/XilinxBoardStore/boards/Xilinx/kcu105/1.7/board.xml as part xcku040-ffva1156-2-e specified in board_part file is either invalid or not available
WARNING: [Board 49-26] cannot add Board Part xilinx.com:kcu1500:part0:1.2 available at C:/Xilinx/Vivado/2024.1/data/xhub/boards/XilinxBoardStore/boards/Xilinx/kcu1500/1.2/board.xml as part xcku115-flvb2104-2-e specified in board_part file is either invalid or not available
WARNING: [Board 49-26] cannot add Board Part xilinx.com:vc707:part0:1.4 available at C:/Xilinx/Vivado/2024.1/data/xhub/boards/XilinxBoardStore/boards/Xilinx/vc707/1.4/board.xml as part xc7vx485tffg1761-2 specified in board_part file is either invalid or not available
WARNING: [Board 49-26] cannot add Board Part xilinx.com:vc709:part0:1.8 available at C:/Xilinx/Vivado/2024.1/data/xhub/boards/XilinxBoardStore/boards/Xilinx/vc709/1.8/board.xml as part xc7vx690tffg1761-2 specified in board_part file is either invalid or not available
WARNING: [Board 49-26] cannot add Board Part xilinx.com:vck190:part0:2.2 available at C:/Xilinx/Vivado/2024.1/data/xhub/boards/XilinxBoardStore/boards/Xilinx/vck190/production/2.2/board.xml as part xcvc1902-vsva2197-2mp-e-s specified in board_part file is either invalid or not available
WARNING: [Board 49-26] cannot add Board Part xilinx.com:vck190:part0:3.0 available at C:/Xilinx/Vivado/2024.1/data/xhub/boards/XilinxBoardStore/boards/Xilinx/vck190/production/3.0/board.xml as part xcvc1902-vsva2197-2mp-e-s specified in board_part file is either invalid or not available
WARNING: [Board 49-26] cannot add Board Part xilinx.com:vck190:part0:3.1 available at C:/Xilinx/Vivado/2024.1/data/xhub/boards/XilinxBoardStore/boards/Xilinx/vck190/production/3.1/board.xml as part xcvc1902-vsva2197-2mp-e-s specified in board_part file is either invalid or not available
WARNING: [Board 49-26] cannot add Board Part xilinx.com:vck190:part0:3.2 available at C:/Xilinx/Vivado/2024.1/data/xhub/boards/XilinxBoardStore/boards/Xilinx/vck190/production/3.2/board.xml as part xcvc1902-vsva2197-2mp-e-s specified in board_part file is either invalid or not available
WARNING: [Board 49-26] cannot add Board Part xilinx.com:vck190:part0:3.3 available at C:/Xilinx/Vivado/2024.1/data/xhub/boards/XilinxBoardStore/boards/Xilinx/vck190/production/3.3/board.xml as part xcvc1902-vsva2197-2mp-e-s specified in board_part file is either invalid or not available
WARNING: [Board 49-26] cannot add Board Part xilinx.com:vck190_newl:part0:1.0 available at C:/Xilinx/Vivado/2024.1/data/xhub/boards/XilinxBoardStore/boards/Xilinx/vck190_newl/production/1.0/board.xml as part xcvc1902-vsva2197-2mp-e-s specified in board_part file is either invalid or not available
WARNING: [Board 49-26] cannot add Board Part xilinx.com:vck190_newl:part0:1.1 available at C:/Xilinx/Vivado/2024.1/data/xhub/boards/XilinxBoardStore/boards/Xilinx/vck190_newl/production/1.1/board.xml as part xcvc1902-vsva2197-2mp-e-s specified in board_part file is either invalid or not available
WARNING: [Board 49-26] cannot add Board Part xilinx.com:vck190_newl:part0:1.2 available at C:/Xilinx/Vivado/2024.1/data/xhub/boards/XilinxBoardStore/boards/Xilinx/vck190_newl/production/1.2/board.xml as part xcvc1902-vsva2197-2mp-e-s specified in board_part file is either invalid or not available
WARNING: [Board 49-26] cannot add Board Part xilinx.com:vcu108:part0:1.6 available at C:/Xilinx/Vivado/2024.1/data/xhub/boards/XilinxBoardStore/boards/Xilinx/vcu108/1.6/board.xml as part xcvu095-ffva2104-2-e specified in board_part file is either invalid or not available
WARNING: [Board 49-26] cannot add Board Part xilinx.com:vcu108:part0:1.7 available at C:/Xilinx/Vivado/2024.1/data/xhub/boards/XilinxBoardStore/boards/Xilinx/vcu108/1.7/board.xml as part xcvu095-ffva2104-2-e specified in board_part file is either invalid or not available
WARNING: [Board 49-26] cannot add Board Part xilinx.com:vcu110:part0:1.4 available at C:/Xilinx/Vivado/2024.1/data/xhub/boards/XilinxBoardStore/boards/Xilinx/vcu110/1.4/board.xml as part xcvu190-flgc2104-2-e specified in board_part file is either invalid or not available
WARNING: [Board 49-26] cannot add Board Part xilinx.com:vcu118:part0:2.0 available at C:/Xilinx/Vivado/2024.1/data/xhub/boards/XilinxBoardStore/boards/Xilinx/vcu118/2.0/board.xml as part xcvu9p-flga2104-2l-e specified in board_part file is either invalid or not available
WARNING: [Board 49-26] cannot add Board Part xilinx.com:vcu118:part0:2.3 available at C:/Xilinx/Vivado/2024.1/data/xhub/boards/XilinxBoardStore/boards/Xilinx/vcu118/2.3/board.xml as part xcvu9p-flga2104-2l-e specified in board_part file is either invalid or not available
WARNING: [Board 49-26] cannot add Board Part xilinx.com:vcu118:part0:2.4 available at C:/Xilinx/Vivado/2024.1/data/xhub/boards/XilinxBoardStore/boards/Xilinx/vcu118/2.4/board.xml as part xcvu9p-flga2104-2l-e specified in board_part file is either invalid or not available
WARNING: [Board 49-26] cannot add Board Part xilinx.com:vcu129:part0:1.0 available at C:/Xilinx/Vivado/2024.1/data/xhub/boards/XilinxBoardStore/boards/Xilinx/vcu129/production/1.0/board.xml as part xcvu29p-fsga2577-2l-e specified in board_part file is either invalid or not available
WARNING: [Board 49-26] cannot add Board Part xilinx.com:vcu1525:part0:1.3 available at C:/Xilinx/Vivado/2024.1/data/xhub/boards/XilinxBoardStore/boards/Xilinx/vcu1525/1.3/board.xml as part xcvu9p-fsgd2104-2l-e specified in board_part file is either invalid or not available
WARNING: [Board 49-26] cannot add Board Part xilinx.com:vek280:part0:1.0 available at C:/Xilinx/Vivado/2024.1/data/xhub/boards/XilinxBoardStore/boards/Xilinx/vek280/production/1.0/board.xml as part xcve2802-vsvh1760-2mp-e-s specified in board_part file is either invalid or not available
WARNING: [Board 49-26] cannot add Board Part xilinx.com:vek280:part0:1.1 available at C:/Xilinx/Vivado/2024.1/data/xhub/boards/XilinxBoardStore/boards/Xilinx/vek280/production/1.1/board.xml as part xcve2802-vsvh1760-2mp-e-s specified in board_part file is either invalid or not available
WARNING: [Board 49-26] cannot add Board Part xilinx.com:vek280:part0:1.2 available at C:/Xilinx/Vivado/2024.1/data/xhub/boards/XilinxBoardStore/boards/Xilinx/vek280/production/1.2/board.xml as part xcve2802-vsvh1760-2mp-e-s specified in board_part file is either invalid or not available
WARNING: [Board 49-26] cannot add Board Part xilinx.com:vek280_es:part0:1.0 available at C:/Xilinx/Vivado/2024.1/data/xhub/boards/XilinxBoardStore/boards/Xilinx/vek280/es/rev_a/1.0/board.xml as part xcve2802-vsvh1760-2lp-e-s-es1 specified in board_part file is either invalid or not available
WARNING: [Board 49-26] cannot add Board Part xilinx.com:vek280_es:part0:1.1 available at C:/Xilinx/Vivado/2024.1/data/xhub/boards/XilinxBoardStore/boards/Xilinx/vek280/es/rev_a/1.1/board.xml as part xcve2802-vsvh1760-2lp-e-s-es1 specified in board_part file is either invalid or not available
WARNING: [Board 49-26] cannot add Board Part xilinx.com:vek280_es_revb:part0:1.0 available at C:/Xilinx/Vivado/2024.1/data/xhub/boards/XilinxBoardStore/boards/Xilinx/vek280/es/rev_b/1.0/board.xml as part xcve2802-vsvh1760-2mp-e-s-es1 specified in board_part file is either invalid or not available
WARNING: [Board 49-26] cannot add Board Part xilinx.com:vek280_es_revb:part0:1.1 available at C:/Xilinx/Vivado/2024.1/data/xhub/boards/XilinxBoardStore/boards/Xilinx/vek280/es/rev_b/1.1/board.xml as part xcve2802-vsvh1760-2mp-e-s-es1 specified in board_part file is either invalid or not available
WARNING: [Board 49-26] cannot add Board Part xilinx.com:vermeo_t1_mpsoc:part0:1.0 available at C:/Xilinx/Vivado/2024.1/data/xhub/boards/XilinxBoardStore/boards/Xilinx/vermeo_t1_mpsoc/1.0/board.xml as part xczu19eg-ffvd1760-2l-e specified in board_part file is either invalid or not available
WARNING: [Board 49-26] cannot add Board Part xilinx.com:vermeo_t1_rfsoc:part0:1.0 available at C:/Xilinx/Vivado/2024.1/data/xhub/boards/XilinxBoardStore/boards/Xilinx/vermeo_t1_rfsoc/1.0/board.xml as part xczu21dr-ffvd1156-2l-e specified in board_part file is either invalid or not available
WARNING: [Board 49-26] cannot add Board Part xilinx.com:vhk158:part0:1.0 available at C:/Xilinx/Vivado/2024.1/data/xhub/boards/XilinxBoardStore/boards/Xilinx/vhk158/production/1.0/board.xml as part xcvh1582-vsva3697-2mp-e-s specified in board_part file is either invalid or not available
WARNING: [Board 49-26] cannot add Board Part xilinx.com:vhk158:part0:1.1 available at C:/Xilinx/Vivado/2024.1/data/xhub/boards/XilinxBoardStore/boards/Xilinx/vhk158/production/1.1/board.xml as part xcvh1582-vsva3697-2mp-e-s specified in board_part file is either invalid or not available
WARNING: [Board 49-26] cannot add Board Part xilinx.com:vhk158_es:part0:1.0 available at C:/Xilinx/Vivado/2024.1/data/xhub/boards/XilinxBoardStore/boards/Xilinx/vhk158/es/1.0/board.xml as part xcvh1582-vsva3697-2mp-e-s-es1 specified in board_part file is either invalid or not available
WARNING: [Board 49-26] cannot add Board Part xilinx.com:vhk158_es:part0:1.1 available at C:/Xilinx/Vivado/2024.1/data/xhub/boards/XilinxBoardStore/boards/Xilinx/vhk158/es/1.1/board.xml as part xcvh1582-vsva3697-2mp-e-s-es1 specified in board_part file is either invalid or not available
WARNING: [Board 49-26] cannot add Board Part xilinx.com:vmk180:part0:2.2 available at C:/Xilinx/Vivado/2024.1/data/xhub/boards/XilinxBoardStore/boards/Xilinx/vmk180/production/2.2/board.xml as part xcvm1802-vsva2197-2mp-e-s specified in board_part file is either invalid or not available
WARNING: [Board 49-26] cannot add Board Part xilinx.com:vmk180:part0:3.0 available at C:/Xilinx/Vivado/2024.1/data/xhub/boards/XilinxBoardStore/boards/Xilinx/vmk180/production/3.0/board.xml as part xcvm1802-vsva2197-2mp-e-s specified in board_part file is either invalid or not available
WARNING: [Board 49-26] cannot add Board Part xilinx.com:vmk180:part0:3.1 available at C:/Xilinx/Vivado/2024.1/data/xhub/boards/XilinxBoardStore/boards/Xilinx/vmk180/production/3.1/board.xml as part xcvm1802-vsva2197-2mp-e-s specified in board_part file is either invalid or not available
WARNING: [Board 49-26] cannot add Board Part xilinx.com:vmk180:part0:3.2 available at C:/Xilinx/Vivado/2024.1/data/xhub/boards/XilinxBoardStore/boards/Xilinx/vmk180/production/3.2/board.xml as part xcvm1802-vsva2197-2mp-e-s specified in board_part file is either invalid or not available
WARNING: [Board 49-26] cannot add Board Part xilinx.com:vmk180_newl:part0:1.0 available at C:/Xilinx/Vivado/2024.1/data/xhub/boards/XilinxBoardStore/boards/Xilinx/vmk180_newl/production/1.0/board.xml as part xcvm1802-vsva2197-2mp-e-s specified in board_part file is either invalid or not available
WARNING: [Board 49-26] cannot add Board Part xilinx.com:vmk180_newl:part0:1.1 available at C:/Xilinx/Vivado/2024.1/data/xhub/boards/XilinxBoardStore/boards/Xilinx/vmk180_newl/production/1.1/board.xml as part xcvm1802-vsva2197-2mp-e-s specified in board_part file is either invalid or not available
WARNING: [Board 49-26] cannot add Board Part xilinx.com:vpk120:part0:1.0 available at C:/Xilinx/Vivado/2024.1/data/xhub/boards/XilinxBoardStore/boards/Xilinx/vpk120/production/1.0/board.xml as part xcvp1202-vsva2785-2mp-e-s specified in board_part file is either invalid or not available
WARNING: [Board 49-26] cannot add Board Part xilinx.com:vpk120:part0:1.1 available at C:/Xilinx/Vivado/2024.1/data/xhub/boards/XilinxBoardStore/boards/Xilinx/vpk120/production/1.1/board.xml as part xcvp1202-vsva2785-2mp-e-s specified in board_part file is either invalid or not available
WARNING: [Board 49-26] cannot add Board Part xilinx.com:vpk120:part0:1.2 available at C:/Xilinx/Vivado/2024.1/data/xhub/boards/XilinxBoardStore/boards/Xilinx/vpk120/production/1.2/board.xml as part xcvp1202-vsva2785-2mp-e-s specified in board_part file is either invalid or not available
WARNING: [Board 49-26] cannot add Board Part xilinx.com:vpk180:part0:1.0 available at C:/Xilinx/Vivado/2024.1/data/xhub/boards/XilinxBoardStore/boards/Xilinx/vpk180/production/1.0/board.xml as part xcvp1802-lsvc4072-2mp-e-s specified in board_part file is either invalid or not available
WARNING: [Board 49-26] cannot add Board Part xilinx.com:vpk180:part0:1.1 available at C:/Xilinx/Vivado/2024.1/data/xhub/boards/XilinxBoardStore/boards/Xilinx/vpk180/production/1.1/board.xml as part xcvp1802-lsvc4072-2mp-e-s specified in board_part file is either invalid or not available
WARNING: [Board 49-26] cannot add Board Part xilinx.com:vpk180:part0:1.2 available at C:/Xilinx/Vivado/2024.1/data/xhub/boards/XilinxBoardStore/boards/Xilinx/vpk180/production/1.2/board.xml as part xcvp1802-lsvc4072-2mp-e-s specified in board_part file is either invalid or not available
WARNING: [Board 49-26] cannot add Board Part xilinx.com:zc706:part0:1.4 available at C:/Xilinx/Vivado/2024.1/data/xhub/boards/XilinxBoardStore/boards/Xilinx/zc706/1.4/board.xml as part xc7z045ffg900-2 specified in board_part file is either invalid or not available
WARNING: [Board 49-26] cannot add Board Part xilinx.com:zcu102:part0:3.3 available at C:/Xilinx/Vivado/2024.1/data/xhub/boards/XilinxBoardStore/boards/Xilinx/zcu102/3.3/board.xml as part xczu9eg-ffvb1156-2-e specified in board_part file is either invalid or not available
WARNING: [Board 49-26] cannot add Board Part xilinx.com:zcu102:part0:3.4 available at C:/Xilinx/Vivado/2024.1/data/xhub/boards/XilinxBoardStore/boards/Xilinx/zcu102/3.4/board.xml as part xczu9eg-ffvb1156-2-e specified in board_part file is either invalid or not available
WARNING: [Board 49-26] cannot add Board Part xilinx.com:zcu111:part0:1.2 available at C:/Xilinx/Vivado/2024.1/data/xhub/boards/XilinxBoardStore/boards/Xilinx/zcu111/1.2/board.xml as part xczu28dr-ffvg1517-2-e specified in board_part file is either invalid or not available
WARNING: [Board 49-26] cannot add Board Part xilinx.com:zcu111:part0:1.3 available at C:/Xilinx/Vivado/2024.1/data/xhub/boards/XilinxBoardStore/boards/Xilinx/zcu111/1.3/board.xml as part xczu28dr-ffvg1517-2-e specified in board_part file is either invalid or not available
WARNING: [Board 49-26] cannot add Board Part xilinx.com:zcu111:part0:1.4 available at C:/Xilinx/Vivado/2024.1/data/xhub/boards/XilinxBoardStore/boards/Xilinx/zcu111/1.4/board.xml as part xczu28dr-ffvg1517-2-e specified in board_part file is either invalid or not available
WARNING: [Board 49-26] cannot add Board Part xilinx.com:zcu1275:part0:1.0 available at C:/Xilinx/Vivado/2024.1/data/xhub/boards/XilinxBoardStore/boards/Xilinx/zcu1275/1.0/board.xml as part xczu29dr-ffvf1760-2-e specified in board_part file is either invalid or not available
WARNING: [Board 49-26] cannot add Board Part xilinx.com:zcu1285:part0:1.0 available at C:/Xilinx/Vivado/2024.1/data/xhub/boards/XilinxBoardStore/boards/Xilinx/zcu1285/1.0/board.xml as part xczu39dr-ffvf1760-2-i specified in board_part file is either invalid or not available
WARNING: [Board 49-26] cannot add Board Part xilinx.com:zcu208:part0:2.0 available at C:/Xilinx/Vivado/2024.1/data/xhub/boards/XilinxBoardStore/boards/Xilinx/zcu208/production/2.0/board.xml as part xczu48dr-fsvg1517-2-e specified in board_part file is either invalid or not available
WARNING: [Board 49-26] cannot add Board Part xilinx.com:zcu208ld:part0:2.0 available at C:/Xilinx/Vivado/2024.1/data/xhub/boards/XilinxBoardStore/boards/Xilinx/zcu208ld/production/2.0/board.xml as part xczu58dr-fsvg1517-2-i specified in board_part file is either invalid or not available
WARNING: [Board 49-26] cannot add Board Part xilinx.com:zcu216:part0:2.0 available at C:/Xilinx/Vivado/2024.1/data/xhub/boards/XilinxBoardStore/boards/Xilinx/zcu216/production/2.0/board.xml as part xczu49dr-ffvf1760-2-e specified in board_part file is either invalid or not available
WARNING: [Board 49-26] cannot add Board Part xilinx.com:zcu216ld:part0:2.0 available at C:/Xilinx/Vivado/2024.1/data/xhub/boards/XilinxBoardStore/boards/Xilinx/zcu216ld/production/2.0/board.xml as part xczu59dr-ffvf1760-2-i specified in board_part file is either invalid or not available
WARNING: [Board 49-26] cannot add Board Part xilinx.com:zcu670:part0:2.0 available at C:/Xilinx/Vivado/2024.1/data/xhub/boards/XilinxBoardStore/boards/Xilinx/zcu670/2.0/board.xml as part xczu67dr-fsve1156-2-i specified in board_part file is either invalid or not available
WARNING: [Board 49-26] cannot add Board Part xilinx.com:zcu670ld:part0:1.0 available at C:/Xilinx/Vivado/2024.1/data/xhub/boards/XilinxBoardStore/boards/Xilinx/zcu670ld/1.0/board.xml as part xczu57dr-fsve1156-2-i specified in board_part file is either invalid or not available
Scanning sources...
Finished scanning sources
INFO: [IP_Flow 19-234] Refreshing IP repositories
INFO: [IP_Flow 19-1704] No user IP repositories specified
INFO: [IP_Flow 19-2313] Loaded Vivado IP repository 'C:/Xilinx/Vivado/2024.1/data/ip'.
open_project: Time (s): cpu = 00:00:27 ; elapsed = 00:00:14 . Memory (MB): peak = 1527.141 ; gain = 411.352
update_compile_order -fileset sources_1
open_bd_design {C:/Users/ASUS/Documents/PhD/kriask/prj/fan_ex/fan_ex.srcs/sources_1/bd/kria_starter_kit/kria_starter_kit.bd}
Reading block design file <C:/Users/ASUS/Documents/PhD/kriask/prj/fan_ex/fan_ex.srcs/sources_1/bd/kria_starter_kit/kria_starter_kit.bd>...
Adding component instance block -- xilinx.com:ip:xlslice:1.0 - xlslice_0
Adding component instance block -- xilinx.com:ip:zynq_ultra_ps_e:3.5 - zynq_ultra_ps_e_0
Adding component instance block -- xilinx.com:ip:proc_sys_reset:5.0 - rst_ps8_0_99M
Adding component instance block -- xilinx.com:module_ref:axi_cfg_register:1.0 - axi_cfg_register_0
Adding component instance block -- xilinx.com:ip:axi_interconnect:2.1 - ps8_0_axi_periph
Successfully read diagram <kria_starter_kit> from block design file <C:/Users/ASUS/Documents/PhD/kriask/prj/fan_ex/fan_ex.srcs/sources_1/bd/kria_starter_kit/kria_starter_kit.bd>
open_bd_design: Time (s): cpu = 00:00:08 ; elapsed = 00:00:06 . Memory (MB): peak = 1674.062 ; gain = 123.988
copy_bd_objs /  [get_bd_cells {axi_cfg_register_0}]
set_property location {3 1142 370} [get_bd_cells axi_cfg_register_1]
apply_bd_automation -rule xilinx.com:bd_rule:axi4 -config { Clk_master {/zynq_ultra_ps_e_0/pl_clk0 (99 MHz)} Clk_slave {Auto} Clk_xbar {/zynq_ultra_ps_e_0/pl_clk0 (99 MHz)} Master {/zynq_ultra_ps_e_0/M_AXI_HPM0_FPD} Slave {/axi_cfg_register_1/s_axi} ddr_seg {Auto} intc_ip {/ps8_0_axi_periph} master_apm {0}}  [get_bd_intf_pins axi_cfg_register_1/s_axi]
Slave segment '/axi_cfg_register_1/s_axi/reg0' is being assigned into address space '/zynq_ultra_ps_e_0/Data' at <0x10_0000_0000 [ 4G ]>.
regenerate_bd_layout
copy_bd_objs /  [get_bd_cells {axi_cfg_register_1}]
apply_bd_automation -rule xilinx.com:bd_rule:axi4 -config { Clk_master {/zynq_ultra_ps_e_0/pl_clk0 (99 MHz)} Clk_slave {Auto} Clk_xbar {/zynq_ultra_ps_e_0/pl_clk0 (99 MHz)} Master {/zynq_ultra_ps_e_0/M_AXI_HPM0_FPD} Slave {/axi_cfg_register_2/s_axi} ddr_seg {Auto} intc_ip {/ps8_0_axi_periph} master_apm {0}}  [get_bd_intf_pins axi_cfg_register_2/s_axi]
Slave segment '/axi_cfg_register_2/s_axi/reg0' is being assigned into address space '/zynq_ultra_ps_e_0/Data' at <0x11_0000_0000 [ 4G ]>.
regenerate_bd_layout
regenerate_bd_layout
regenerate_bd_layout
regenerate_bd_layout
regenerate_bd_layout
regenerate_bd_layout
regenerate_bd_layout
regenerate_bd_layout
regenerate_bd_layout
regenerate_bd_layout
set_property offset 0x400000000 [get_bd_addr_segs {zynq_ultra_ps_e_0/Data/SEG_axi_cfg_register_0_reg0}]
set_property range 128 [get_bd_addr_segs {zynq_ultra_ps_e_0/Data/SEG_axi_cfg_register_0_reg0}]
set_property offset 0xA0000000 [get_bd_addr_segs {zynq_ultra_ps_e_0/Data/SEG_axi_cfg_register_0_reg0}]
set_property offset 0x1000000000 [get_bd_addr_segs {zynq_ultra_ps_e_0/Data/SEG_axi_cfg_register_1_reg0}]
set_property range 128 [get_bd_addr_segs {zynq_ultra_ps_e_0/Data/SEG_axi_cfg_register_1_reg0}]
save_bd_design
Wrote  : <C:\Users\ASUS\Documents\PhD\kriask\prj\fan_ex\fan_ex.srcs\sources_1\bd\kria_starter_kit\kria_starter_kit.bd> 
Wrote  : <C:/Users/ASUS/Documents/PhD/kriask/prj/fan_ex/fan_ex.srcs/sources_1/bd/kria_starter_kit/ui/bd_309a37e6.ui> 
set_property range 128 [get_bd_addr_segs {zynq_ultra_ps_e_0/Data/SEG_axi_cfg_register_2_reg0}]
save_bd_design
Wrote  : <C:\Users\ASUS\Documents\PhD\kriask\prj\fan_ex\fan_ex.srcs\sources_1\bd\kria_starter_kit\kria_starter_kit.bd> 
Wrote  : <C:/Users/ASUS/Documents/PhD/kriask/prj/fan_ex/fan_ex.srcs/sources_1/bd/kria_starter_kit/ui/bd_309a37e6.ui> 
undo
INFO: [Common 17-17] undo 'set_property range 128 [get_bd_addr_segs {zynq_ultra_ps_e_0/Data/SEG_axi_cfg_register_2_reg0}]'
undo
INFO: [Common 17-17] undo 'set_property range 128 [get_bd_addr_segs {zynq_ultra_ps_e_0/Data/SEG_axi_cfg_register_1_reg0}]'
undo
INFO: [Common 17-17] undo 'set_property offset 0x1000000000 [get_bd_addr_segs {zynq_ultra_ps_e_0/Data/SEG_axi_cfg_register_1_reg0}]'
undo
INFO: [Common 17-17] undo 'set_property offset 0xA0000000 [get_bd_addr_segs {zynq_ultra_ps_e_0/Data/SEG_axi_cfg_register_0_reg0}]'
undo
INFO: [Common 17-17] undo 'set_property range 128 [get_bd_addr_segs {zynq_ultra_ps_e_0/Data/SEG_axi_cfg_register_0_reg0}]'
undo
INFO: [Common 17-17] undo 'set_property offset 0x400000000 [get_bd_addr_segs {zynq_ultra_ps_e_0/Data/SEG_axi_cfg_register_0_reg0}]'
undo
INFO: [Common 17-17] undo 'regenerate_bd_layout'
undo
INFO: [Common 17-17] undo 'regenerate_bd_layout'
save_bd_design
Wrote  : <C:\Users\ASUS\Documents\PhD\kriask\prj\fan_ex\fan_ex.srcs\sources_1\bd\kria_starter_kit\kria_starter_kit.bd> 
Wrote  : <C:/Users/ASUS/Documents/PhD/kriask/prj/fan_ex/fan_ex.srcs/sources_1/bd/kria_starter_kit/ui/bd_309a37e6.ui> 
set_property range 128M [get_bd_addr_segs {zynq_ultra_ps_e_0/Data/SEG_axi_cfg_register_0_reg0}]
set_property range 128 [get_bd_addr_segs {zynq_ultra_ps_e_0/Data/SEG_axi_cfg_register_0_reg0}]
set_property range 128 [get_bd_addr_segs {zynq_ultra_ps_e_0/Data/SEG_axi_cfg_register_1_reg0}]
set_property range 128 [get_bd_addr_segs {zynq_ultra_ps_e_0/Data/SEG_axi_cfg_register_2_reg0}]
set_property offset 0x400000000 [get_bd_addr_segs {zynq_ultra_ps_e_0/Data/SEG_axi_cfg_register_0_reg0}]
save_bd_design
Wrote  : <C:\Users\ASUS\Documents\PhD\kriask\prj\fan_ex\fan_ex.srcs\sources_1\bd\kria_starter_kit\kria_starter_kit.bd> 
Wrote  : <C:/Users/ASUS/Documents/PhD/kriask/prj/fan_ex/fan_ex.srcs/sources_1/bd/kria_starter_kit/ui/bd_309a37e6.ui> 
set_property offset 0x1000000000 [get_bd_addr_segs {zynq_ultra_ps_e_0/Data/SEG_axi_cfg_register_1_reg0}]
set_property offset 0xA0000000 [get_bd_addr_segs {zynq_ultra_ps_e_0/Data/SEG_axi_cfg_register_0_reg0}]
set_property offset 0x1000000000 [get_bd_addr_segs {zynq_ultra_ps_e_0/Data/SEG_axi_cfg_register_1_reg0}]
set_property offset 0xA0000000 [get_bd_addr_segs {zynq_ultra_ps_e_0/Data/SEG_axi_cfg_register_0_reg0}]
set_property offset 0x1000000100 [get_bd_addr_segs {zynq_ultra_ps_e_0/Data/SEG_axi_cfg_register_1_reg0}]
set_property offset 0xA0000100 [get_bd_addr_segs {zynq_ultra_ps_e_0/Data/SEG_axi_cfg_register_1_reg0}]
set_property offset 0xA0000200 [get_bd_addr_segs {zynq_ultra_ps_e_0/Data/SEG_axi_cfg_register_2_reg0}]
save_bd_design
Wrote  : <C:\Users\ASUS\Documents\PhD\kriask\prj\fan_ex\fan_ex.srcs\sources_1\bd\kria_starter_kit\kria_starter_kit.bd> 
startgroup
set_property CONFIG.CFG_DATA_WIDTH {32} [get_bd_cells axi_cfg_register_0]
endgroup
startgroup
set_property CONFIG.CFG_DATA_WIDTH {32} [get_bd_cells axi_cfg_register_1]
endgroup
startgroup
set_property CONFIG.CFG_DATA_WIDTH {32} [get_bd_cells axi_cfg_register_2]
endgroup
regenerate_bd_layout
regenerate_bd_layout
regenerate_bd_layout
regenerate_bd_layout
save_bd_design
Wrote  : <C:\Users\ASUS\Documents\PhD\kriask\prj\fan_ex\fan_ex.srcs\sources_1\bd\kria_starter_kit\kria_starter_kit.bd> 
Wrote  : <C:/Users/ASUS/Documents/PhD/kriask/prj/fan_ex/fan_ex.srcs/sources_1/bd/kria_starter_kit/ui/bd_309a37e6.ui> 
validate_bd_design
WARNING: [BD 41-237] Bus Interface property AWUSER_WIDTH does not match between /ps8_0_axi_periph/s00_couplers/auto_ds/S_AXI(0) and /zynq_ultra_ps_e_0/M_AXI_HPM0_FPD(16)
WARNING: [BD 41-237] Bus Interface property ARUSER_WIDTH does not match between /ps8_0_axi_periph/s00_couplers/auto_ds/S_AXI(0) and /zynq_ultra_ps_e_0/M_AXI_HPM0_FPD(16)
save_bd_design
Wrote  : <C:\Users\ASUS\Documents\PhD\kriask\prj\fan_ex\fan_ex.srcs\sources_1\bd\kria_starter_kit\kria_starter_kit.bd> 
Wrote  : <C:/Users/ASUS/Documents/PhD/kriask/prj/fan_ex/fan_ex.srcs/sources_1/bd/kria_starter_kit/ui/bd_309a37e6.ui> 
launch_runs impl_1 -to_step write_bitstream -jobs 8
INFO: [BD 41-1662] The design 'kria_starter_kit.bd' is already validated. Therefore parameter propagation will not be re-run.
VHDL Output written to : c:/Users/ASUS/Documents/PhD/kriask/prj/fan_ex/fan_ex.gen/sources_1/bd/kria_starter_kit/synth/kria_starter_kit.vhd
VHDL Output written to : c:/Users/ASUS/Documents/PhD/kriask/prj/fan_ex/fan_ex.gen/sources_1/bd/kria_starter_kit/sim/kria_starter_kit.vhd
VHDL Output written to : c:/Users/ASUS/Documents/PhD/kriask/prj/fan_ex/fan_ex.gen/sources_1/bd/kria_starter_kit/hdl/kria_starter_kit_wrapper.vhd
INFO: [BD 41-1029] Generation completed for the IP Integrator block xlslice_0 .
INFO: [xilinx.com:ip:zynq_ultra_ps_e:3.5-0] kria_starter_kit_zynq_ultra_ps_e_0_0: 
Changes in your design (including the PCW configuration settings) are not automatically exported from Vivado to Amd's SDK, Petalinux or Yocto.
This is by design to avoid disrupting existing embedded development efforts. To have any changes of your design taking effect in the embedded software flow please export your
design by going through Vivado's main menu, click on File, then Export finally select Export Hardware, please ensure you click on the Include BitStream option.
The auto-generated HDF file is all you need to import in Amd's SDK, Petalinux or Yocto for your changes to be reflected in the Embedded Software Flow.
For more information, please consult PG201, section: Exporting PCW Settings to Embedded Software Flows
INFO: [PSU-0] Address Range of DDR (0x7ff00000 to 0x7fffffff) is reserved by PMU for internal purpose.
INFO: [IP_Flow 19-5611] Unable to find an associated reset port for the interface 'M_AXI_HPM0_FPD'. A default connection has been created.
INFO: [BD 41-1029] Generation completed for the IP Integrator block zynq_ultra_ps_e_0 .
INFO: [BD 41-1029] Generation completed for the IP Integrator block rst_ps8_0_99M .
INFO: [BD 41-1029] Generation completed for the IP Integrator block axi_cfg_register_0 .
INFO: [BD 41-1029] Generation completed for the IP Integrator block ps8_0_axi_periph/xbar .
INFO: [BD 41-1029] Generation completed for the IP Integrator block axi_cfg_register_1 .
INFO: [BD 41-1029] Generation completed for the IP Integrator block axi_cfg_register_2 .
WARNING: [IP_Flow 19-4994] Overwriting existing constraint file 'c:/Users/ASUS/Documents/PhD/kriask/prj/fan_ex/fan_ex.gen/sources_1/bd/kria_starter_kit/ip/kria_starter_kit_auto_ds_0/kria_starter_kit_auto_ds_0_ooc.xdc'
INFO: [IP_Flow 19-5611] Unable to find an associated reset port for the interface 'S_AXI'. A default connection has been created.
INFO: [IP_Flow 19-5611] Unable to find an associated reset port for the interface 'M_AXI'. A default connection has been created.
INFO: [BD 41-1029] Generation completed for the IP Integrator block ps8_0_axi_periph/s00_couplers/auto_ds .
WARNING: [IP_Flow 19-4994] Overwriting existing constraint file 'c:/Users/ASUS/Documents/PhD/kriask/prj/fan_ex/fan_ex.gen/sources_1/bd/kria_starter_kit/ip/kria_starter_kit_auto_pc_0/kria_starter_kit_auto_pc_0_ooc.xdc'
INFO: [BD 41-1029] Generation completed for the IP Integrator block ps8_0_axi_periph/s00_couplers/auto_pc .
Exporting to file c:/Users/ASUS/Documents/PhD/kriask/prj/fan_ex/fan_ex.gen/sources_1/bd/kria_starter_kit/hw_handoff/kria_starter_kit.hwh
Generated Hardware Definition File c:/Users/ASUS/Documents/PhD/kriask/prj/fan_ex/fan_ex.gen/sources_1/bd/kria_starter_kit/synth/kria_starter_kit.hwdef
INFO: [IP_Flow 19-6930] IPCACHE: runCacheChecks() number of threads = 8
INFO: [IP_Flow 19-6921] IPCACHE: Adding cache check func to thread queue for IP kria_starter_kit_auto_ds_0
INFO: [IP_Flow 19-6921] IPCACHE: Adding cache check func to thread queue for IP kria_starter_kit_auto_pc_0
INFO: [IP_Flow 19-6921] IPCACHE: Adding cache check func to thread queue for IP kria_starter_kit_rst_ps8_0_99M_0
INFO: [IP_Flow 19-6921] IPCACHE: Adding cache check func to thread queue for IP kria_starter_kit_xbar_0
INFO: [IP_Flow 19-6921] IPCACHE: Adding cache check func to thread queue for IP kria_starter_kit_zynq_ultra_ps_e_0_0
INFO: [IP_Flow 19-8020] IPCACHE: runCacheChecks() calling threadPool finishWork()
INFO: [IP_Flow 19-6924] IPCACHE: Running cache check for IP inst: kria_starter_kit_auto_ds_0
INFO: [IP_Flow 19-6924] IPCACHE: Running cache check for IP inst: kria_starter_kit_auto_pc_0
INFO: [IP_Flow 19-6924] IPCACHE: Running cache check for IP inst: kria_starter_kit_rst_ps8_0_99M_0
INFO: [IP_Flow 19-6924] IPCACHE: Running cache check for IP inst: kria_starter_kit_xbar_0
INFO: [IP_Flow 19-6924] IPCACHE: Running cache check for IP inst: kria_starter_kit_zynq_ultra_ps_e_0_0
[Tue Feb 18 17:08:02 2025] Launched kria_starter_kit_auto_ds_0_synth_1, kria_starter_kit_xbar_0_synth_1, kria_starter_kit_axi_cfg_register_1_0_synth_1, kria_starter_kit_auto_pc_0_synth_1, kria_starter_kit_axi_cfg_register_0_1_synth_1, kria_starter_kit_rst_ps8_0_99M_0_synth_1, kria_starter_kit_axi_cfg_register_0_0_synth_1, kria_starter_kit_zynq_ultra_ps_e_0_0_synth_1, synth_1...
Run output will be captured here:
kria_starter_kit_auto_ds_0_synth_1: C:/Users/ASUS/Documents/PhD/kriask/prj/fan_ex/fan_ex.runs/kria_starter_kit_auto_ds_0_synth_1/runme.log
kria_starter_kit_xbar_0_synth_1: C:/Users/ASUS/Documents/PhD/kriask/prj/fan_ex/fan_ex.runs/kria_starter_kit_xbar_0_synth_1/runme.log
kria_starter_kit_axi_cfg_register_1_0_synth_1: C:/Users/ASUS/Documents/PhD/kriask/prj/fan_ex/fan_ex.runs/kria_starter_kit_axi_cfg_register_1_0_synth_1/runme.log
kria_starter_kit_auto_pc_0_synth_1: C:/Users/ASUS/Documents/PhD/kriask/prj/fan_ex/fan_ex.runs/kria_starter_kit_auto_pc_0_synth_1/runme.log
kria_starter_kit_axi_cfg_register_0_1_synth_1: C:/Users/ASUS/Documents/PhD/kriask/prj/fan_ex/fan_ex.runs/kria_starter_kit_axi_cfg_register_0_1_synth_1/runme.log
kria_starter_kit_rst_ps8_0_99M_0_synth_1: C:/Users/ASUS/Documents/PhD/kriask/prj/fan_ex/fan_ex.runs/kria_starter_kit_rst_ps8_0_99M_0_synth_1/runme.log
kria_starter_kit_axi_cfg_register_0_0_synth_1: C:/Users/ASUS/Documents/PhD/kriask/prj/fan_ex/fan_ex.runs/kria_starter_kit_axi_cfg_register_0_0_synth_1/runme.log
kria_starter_kit_zynq_ultra_ps_e_0_0_synth_1: C:/Users/ASUS/Documents/PhD/kriask/prj/fan_ex/fan_ex.runs/kria_starter_kit_zynq_ultra_ps_e_0_0_synth_1/runme.log
synth_1: C:/Users/ASUS/Documents/PhD/kriask/prj/fan_ex/fan_ex.runs/synth_1/runme.log
[Tue Feb 18 17:08:02 2025] Launched impl_1...
Run output will be captured here: C:/Users/ASUS/Documents/PhD/kriask/prj/fan_ex/fan_ex.runs/impl_1/runme.log
launch_runs: Time (s): cpu = 00:00:46 ; elapsed = 00:00:43 . Memory (MB): peak = 2235.363 ; gain = 441.320
make_wrapper -files [get_files C:/Users/ASUS/Documents/PhD/kriask/prj/fan_ex/fan_ex.srcs/sources_1/bd/kria_starter_kit/kria_starter_kit.bd] -top
add_files -norecurse c:/Users/ASUS/Documents/PhD/kriask/prj/fan_ex/fan_ex.gen/sources_1/bd/kria_starter_kit/hdl/kria_starter_kit_wrapper.vhd
update_compile_order -fileset sources_1
export_ip_user_files -of_objects  [get_files C:/Users/ASUS/Documents/PhD/kriask/prj/fan_ex/fan_ex.srcs/sources_1/imports/hdl/kria_starter_kit_wrapper.v] -no_script -reset -force -quiet
remove_files  C:/Users/ASUS/Documents/PhD/kriask/prj/fan_ex/fan_ex.srcs/sources_1/imports/hdl/kria_starter_kit_wrapper.v
update_compile_order -fileset sources_1
reset_run synth_1
launch_runs impl_1 -to_step write_bitstream -jobs 8
[Tue Feb 18 17:17:08 2025] Launched synth_1...
Run output will be captured here: C:/Users/ASUS/Documents/PhD/kriask/prj/fan_ex/fan_ex.runs/synth_1/runme.log
[Tue Feb 18 17:17:08 2025] Launched impl_1...
Run output will be captured here: C:/Users/ASUS/Documents/PhD/kriask/prj/fan_ex/fan_ex.runs/impl_1/runme.log
save_bd_design_as init -dir {C:/Users/ASUS/Documents/PhD/kriask/doc}
INFO: [BD 41-1943] The current project board is set to 'xilinx.com:kr260_som_som240_1_connector_kr260_carrier_som240_1_connector_som240_2_connector_kr260_carrier_som240_2_connector:part0:1.1'. In order to avoid issues with upgrade, please make sure that the 'init.bd' opened in a project that uses the same board.
Wrote  : <C:\Users\ASUS\Documents\PhD\kriask\doc\init\init.bd> 
INFO: [PSU-0] Address Range of DDR (0x7ff00000 to 0x7fffffff) is reserved by PMU for internal purpose.
INFO: [PSU-1]  DP_AUDIO clock source: RPLL is also being used by other peripheral clocks. Their outputs may get impacted if any driver changes DP_AUDIO PLL source to support runtime audio change 
Slave segment '/axi_cfg_register_0/s_axi/reg0' is being assigned into address space '/zynq_ultra_ps_e_0/Data' at <0xA000_0000 [ 128 ]>.
Slave segment '/axi_cfg_register_1/s_axi/reg0' is being assigned into address space '/zynq_ultra_ps_e_0/Data' at <0xA000_0100 [ 128 ]>.
Slave segment '/axi_cfg_register_2/s_axi/reg0' is being assigned into address space '/zynq_ultra_ps_e_0/Data' at <0xA000_0200 [ 128 ]>.
WARNING: [BD 41-237] Bus Interface property AWUSER_WIDTH does not match between /ps8_0_axi_periph/s00_couplers/auto_ds/S_AXI(0) and /zynq_ultra_ps_e_0/M_AXI_HPM0_FPD(16)
WARNING: [BD 41-237] Bus Interface property ARUSER_WIDTH does not match between /ps8_0_axi_periph/s00_couplers/auto_ds/S_AXI(0) and /zynq_ultra_ps_e_0/M_AXI_HPM0_FPD(16)
Wrote  : <C:\Users\ASUS\Documents\PhD\kriask\doc\init\init.bd> 
Wrote  : <C:/Users/ASUS/Documents/PhD/kriask/doc/init/ui/bd_965e65d0.ui> 
save_bd_design_as: Time (s): cpu = 00:00:14 ; elapsed = 00:00:15 . Memory (MB): peak = 2293.289 ; gain = 57.926
add_files -norecurse C:/Users/ASUS/Documents/PhD/kriask/doc/init/init.bd
export_ip_user_files -of_objects  [get_files  C:/Users/ASUS/Documents/PhD/kriask/doc/init/init.bd] -lib_map_path [list {modelsim=C:/Users/ASUS/Documents/PhD/kriask/prj/fan_ex/fan_ex.cache/compile_simlib/modelsim} {questa=C:/Users/ASUS/Documents/PhD/kriask/prj/fan_ex/fan_ex.cache/compile_simlib/questa} {riviera=C:/Users/ASUS/Documents/PhD/kriask/prj/fan_ex/fan_ex.cache/compile_simlib/riviera} {activehdl=C:/Users/ASUS/Documents/PhD/kriask/prj/fan_ex/fan_ex.cache/compile_simlib/activehdl}] -force -quiet
open_bd_design {C:/Users/ASUS/Documents/PhD/kriask/doc/init/init.bd}
Reading block design file <C:/Users/ASUS/Documents/PhD/kriask/doc/init/init.bd>...
Adding component instance block -- xilinx.com:ip:xlslice:1.0 - xlslice_0
Adding component instance block -- xilinx.com:ip:zynq_ultra_ps_e:3.5 - zynq_ultra_ps_e_0
Adding component instance block -- xilinx.com:ip:proc_sys_reset:5.0 - rst_ps8_0_99M
Adding component instance block -- xilinx.com:module_ref:axi_cfg_register:1.0 - axi_cfg_register_0
Adding component instance block -- xilinx.com:ip:axi_interconnect:2.1 - ps8_0_axi_periph
Adding component instance block -- xilinx.com:ip:axi_crossbar:2.1 - xbar
Adding component instance block -- xilinx.com:ip:axi_dwidth_converter:2.1 - auto_ds
Adding component instance block -- xilinx.com:ip:axi_protocol_converter:2.1 - auto_pc
Adding component instance block -- xilinx.com:module_ref:axi_cfg_register:1.0 - axi_cfg_register_1
Adding component instance block -- xilinx.com:module_ref:axi_cfg_register:1.0 - axi_cfg_register_2
Successfully read diagram <init> from block design file <C:/Users/ASUS/Documents/PhD/kriask/doc/init/init.bd>
update_compile_order -fileset sources_1
current_bd_design [get_bd_designs kria_starter_kit]
close_bd_design [get_bd_designs kria_starter_kit]
Wrote  : <C:/Users/ASUS/Documents/PhD/kriask/prj/fan_ex/fan_ex.srcs/sources_1/bd/kria_starter_kit/ui/bd_309a37e6.ui> 
reset_run synth_1
INFO: [Project 1-1160] Copying file C:/Users/ASUS/Documents/PhD/kriask/prj/fan_ex/fan_ex.runs/synth_1/kria_starter_kit_wrapper.dcp to C:/Users/ASUS/Documents/PhD/kriask/prj/fan_ex/fan_ex.srcs/utils_1/imports/synth_1 and adding it to utils fileset
launch_runs impl_1 -to_step write_bitstream -jobs 8
[Tue Feb 18 17:28:33 2025] Launched synth_1...
Run output will be captured here: C:/Users/ASUS/Documents/PhD/kriask/prj/fan_ex/fan_ex.runs/synth_1/runme.log
[Tue Feb 18 17:28:33 2025] Launched impl_1...
Run output will be captured here: C:/Users/ASUS/Documents/PhD/kriask/prj/fan_ex/fan_ex.runs/impl_1/runme.log
exit
INFO: [Common 17-206] Exiting Vivado at Tue Feb 18 17:35:23 2025...
