Copyright 1986-2022 Xilinx, Inc. All Rights Reserved. Copyright 2022-2024 Advanced Micro Devices, Inc. All Rights Reserved.
---------------------------------------------------------------------------------------------------------------------------------------------
| Tool Version : Vivado v.2024.1 (win64) Build 5076996 Wed May 22 18:37:14 MDT 2024
| Date         : Tue Feb 18 11:27:18 2025
| Host         : Goose running 64-bit major release  (build 9200)
| Command      : report_utilization -file design_1_wrapper_utilization_placed.rpt -pb design_1_wrapper_utilization_placed.pb
| Design       : design_1_wrapper
| Device       : xck26-sfvc784-2LV-c
| Speed File   : -2LV
| Design State : Fully Placed
---------------------------------------------------------------------------------------------------------------------------------------------

Utilization Design Information

Table of Contents
-----------------
1. CLB Logic
1.1 Summary of Registers by Type
2. CLB Logic Distribution
3. BLOCKRAM
4. ARITHMETIC
5. I/O
6. CLOCK
7. ADVANCED
8. CONFIGURATION
9. Primitives
10. Black Boxes
11. Instantiated Netlists

1. CLB Logic
------------

+----------------------------+------+-------+------------+-----------+-------+
|          Site Type         | Used | Fixed | Prohibited | Available | Util% |
+----------------------------+------+-------+------------+-----------+-------+
| CLB LUTs                   | 3784 |     0 |          0 |    117120 |  3.23 |
|   LUT as Logic             | 3512 |     0 |          0 |    117120 |  3.00 |
|   LUT as Memory            |  272 |     0 |          0 |     57600 |  0.47 |
|     LUT as Distributed RAM |  100 |     0 |            |           |       |
|     LUT as Shift Register  |  172 |     0 |            |           |       |
| CLB Registers              | 4840 |     0 |          0 |    234240 |  2.07 |
|   Register as Flip Flop    | 4840 |     0 |          0 |    234240 |  2.07 |
|   Register as Latch        |    0 |     0 |          0 |    234240 |  0.00 |
| CARRY8                     |   34 |     0 |          0 |     14640 |  0.23 |
| F7 Muxes                   |    9 |     0 |          0 |     58560 |  0.02 |
| F8 Muxes                   |    0 |     0 |          0 |     29280 |  0.00 |
| F9 Muxes                   |    0 |     0 |          0 |     14640 |  0.00 |
+----------------------------+------+-------+------------+-----------+-------+
* Warning! LUT value is adjusted to account for LUT combining.


1.1 Summary of Registers by Type
--------------------------------

+-------+--------------+-------------+--------------+
| Total | Clock Enable | Synchronous | Asynchronous |
+-------+--------------+-------------+--------------+
| 0     |            _ |           - |            - |
| 0     |            _ |           - |          Set |
| 0     |            _ |           - |        Reset |
| 0     |            _ |         Set |            - |
| 0     |            _ |       Reset |            - |
| 0     |          Yes |           - |            - |
| 107   |          Yes |           - |          Set |
| 322   |          Yes |           - |        Reset |
| 66    |          Yes |         Set |            - |
| 4345  |          Yes |       Reset |            - |
+-------+--------------+-------------+--------------+


2. CLB Logic Distribution
-------------------------

+--------------------------------------------+------+-------+------------+-----------+-------+
|                  Site Type                 | Used | Fixed | Prohibited | Available | Util% |
+--------------------------------------------+------+-------+------------+-----------+-------+
| CLB                                        |  841 |     0 |          0 |     14640 |  5.74 |
|   CLBL                                     |  432 |     0 |            |           |       |
|   CLBM                                     |  409 |     0 |            |           |       |
| LUT as Logic                               | 3512 |     0 |          0 |    117120 |  3.00 |
|   using O5 output only                     |  125 |       |            |           |       |
|   using O6 output only                     | 2613 |       |            |           |       |
|   using O5 and O6                          |  774 |       |            |           |       |
| LUT as Memory                              |  272 |     0 |          0 |     57600 |  0.47 |
|   LUT as Distributed RAM                   |  100 |     0 |            |           |       |
|     using O5 output only                   |    0 |       |            |           |       |
|     using O6 output only                   |    8 |       |            |           |       |
|     using O5 and O6                        |   92 |       |            |           |       |
|   LUT as Shift Register                    |  172 |     0 |            |           |       |
|     using O5 output only                   |    0 |       |            |           |       |
|     using O6 output only                   |  128 |       |            |           |       |
|     using O5 and O6                        |   44 |       |            |           |       |
| CLB Registers                              | 4840 |     0 |          0 |    234240 |  2.07 |
|   Register driven from within the CLB      | 2277 |       |            |           |       |
|   Register driven from outside the CLB     | 2563 |       |            |           |       |
|     LUT in front of the register is unused | 1577 |       |            |           |       |
|     LUT in front of the register is used   |  986 |       |            |           |       |
| Unique Control Sets                        |  261 |       |          0 |     29280 |  0.89 |
+--------------------------------------------+------+-------+------------+-----------+-------+
* * Note: Available Control Sets calculated as Slices * 2, Review the Control Sets Report for more information regarding control sets.


3. BLOCKRAM
-----------

+-------------------+------+-------+------------+-----------+-------+
|     Site Type     | Used | Fixed | Prohibited | Available | Util% |
+-------------------+------+-------+------------+-----------+-------+
| Block RAM Tile    |  0.5 |     0 |          0 |       144 |  0.35 |
|   RAMB36/FIFO*    |    0 |     0 |          0 |       144 |  0.00 |
|   RAMB18          |    1 |     0 |          0 |       288 |  0.35 |
|     RAMB18E2 only |    1 |       |            |           |       |
| URAM              |    0 |     0 |          0 |        64 |  0.00 |
+-------------------+------+-------+------------+-----------+-------+
* Note: Each Block RAM Tile only has one FIFO logic available and therefore can accommodate only one FIFO36E2 or one FIFO18E2. However, if a FIFO18E2 occupies a Block RAM Tile, that tile can still accommodate a RAMB18E2


4. ARITHMETIC
-------------

+-----------+------+-------+------------+-----------+-------+
| Site Type | Used | Fixed | Prohibited | Available | Util% |
+-----------+------+-------+------------+-----------+-------+
| DSPs      |    0 |     0 |          0 |      1248 |  0.00 |
+-----------+------+-------+------------+-----------+-------+


5. I/O
------

+------------------+------+-------+------------+-----------+-------+
|     Site Type    | Used | Fixed | Prohibited | Available | Util% |
+------------------+------+-------+------------+-----------+-------+
| Bonded IOB       |    4 |     4 |          0 |       189 |  2.12 |
| HPIOB_M          |    2 |     2 |          0 |        58 |  3.45 |
|   INPUT          |    1 |       |            |           |       |
|   OUTPUT         |    1 |       |            |           |       |
|   BIDIR          |    0 |       |            |           |       |
| HPIOB_S          |    1 |     1 |          0 |        58 |  1.72 |
|   INPUT          |    0 |       |            |           |       |
|   OUTPUT         |    1 |       |            |           |       |
|   BIDIR          |    0 |       |            |           |       |
| HDIOB_M          |    1 |     1 |          0 |        35 |  2.86 |
|   INPUT          |    0 |       |            |           |       |
|   OUTPUT         |    1 |       |            |           |       |
|   BIDIR          |    0 |       |            |           |       |
| HDIOB_S          |    0 |     0 |          0 |        35 |  0.00 |
| HPIOB_SNGL       |    0 |     0 |          0 |         3 |  0.00 |
| HPIOBDIFFINBUF   |    0 |     0 |          0 |        82 |  0.00 |
| HPIOBDIFFOUTBUF  |    0 |     0 |          0 |        82 |  0.00 |
| HDIOBDIFFINBUF   |    0 |     0 |          0 |        35 |  0.00 |
| BITSLICE_CONTROL |    0 |     0 |          0 |        32 |  0.00 |
| BITSLICE_RX_TX   |    0 |     0 |          0 |      1248 |  0.00 |
| BITSLICE_TX      |    0 |     0 |          0 |        32 |  0.00 |
| RIU_OR           |    0 |     0 |          0 |        16 |  0.00 |
+------------------+------+-------+------------+-----------+-------+


6. CLOCK
--------

+------------+------+-------+------------+-----------+-------+
|  Site Type | Used | Fixed | Prohibited | Available | Util% |
+------------+------+-------+------------+-----------+-------+
| BUFGCE     |    2 |     0 |          0 |       112 |  1.79 |
| BUFGCE_DIV |    0 |     0 |          0 |        16 |  0.00 |
| BUFG_GT    |    0 |     0 |          0 |        96 |  0.00 |
| BUFG_PS    |    1 |     0 |          0 |        96 |  1.04 |
| BUFGCTRL*  |    0 |     0 |          0 |        32 |  0.00 |
| PLL        |    0 |     0 |          0 |         8 |  0.00 |
| MMCM       |    1 |     0 |          0 |         4 | 25.00 |
+------------+------+-------+------------+-----------+-------+
* Note: Each used BUFGCTRL counts as two GLOBAL CLOCK BUFFERs. This table does not include global clocking resources, only buffer cell usage. See the Clock Utilization Report (report_clock_utilization) for detailed accounting of global clocking resource availability.


7. ADVANCED
-----------

+-----------------+------+-------+------------+-----------+--------+
|    Site Type    | Used | Fixed | Prohibited | Available |  Util% |
+-----------------+------+-------+------------+-----------+--------+
| GTHE4_CHANNEL   |    0 |     0 |          0 |         4 |   0.00 |
| GTHE4_COMMON    |    0 |     0 |          0 |         1 |   0.00 |
| OBUFDS_GTE4     |    0 |     0 |          0 |         2 |   0.00 |
| OBUFDS_GTE4_ADV |    0 |     0 |          0 |         2 |   0.00 |
| PCIE40E4        |    0 |     0 |          0 |         2 |   0.00 |
| PS8             |    1 |     0 |          0 |         1 | 100.00 |
| SYSMONE4        |    0 |     0 |          0 |         1 |   0.00 |
| VCU             |    0 |     0 |          0 |         1 |   0.00 |
+-----------------+------+-------+------------+-----------+--------+


8. CONFIGURATION
----------------

+-------------+------+-------+------------+-----------+-------+
|  Site Type  | Used | Fixed | Prohibited | Available | Util% |
+-------------+------+-------+------------+-----------+-------+
| BSCANE2     |    1 |     0 |          0 |         4 | 25.00 |
| DNA_PORTE2  |    0 |     0 |          0 |         1 |  0.00 |
| EFUSE_USR   |    0 |     0 |          0 |         1 |  0.00 |
| FRAME_ECCE4 |    0 |     0 |          0 |         1 |  0.00 |
| ICAPE3      |    0 |     0 |          0 |         2 |  0.00 |
| MASTER_JTAG |    0 |     0 |          0 |         1 |  0.00 |
| STARTUPE3   |    0 |     0 |          0 |         1 |  0.00 |
+-------------+------+-------+------------+-----------+-------+


9. Primitives
-------------

+------------+------+---------------------+
|  Ref Name  | Used | Functional Category |
+------------+------+---------------------+
| FDRE       | 4345 |            Register |
| LUT6       | 1617 |                 CLB |
| LUT5       |  896 |                 CLB |
| LUT3       |  745 |                 CLB |
| LUT4       |  506 |                 CLB |
| LUT2       |  397 |                 CLB |
| FDCE       |  322 |            Register |
| RAMD32     |  168 |                 CLB |
| SRLC32E    |  139 |                 CLB |
| LUT1       |  125 |                 CLB |
| FDPE       |  107 |            Register |
| SRL16E     |   75 |                 CLB |
| FDSE       |   66 |            Register |
| CARRY8     |   34 |                 CLB |
| RAMS32     |   24 |                 CLB |
| MUXF7      |    9 |                 CLB |
| OBUF       |    3 |                 I/O |
| SRLC16E    |    2 |                 CLB |
| BUFGCE     |    2 |               Clock |
| RAMB18E2   |    1 |            BLOCKRAM |
| PS8        |    1 |            Advanced |
| MMCME4_ADV |    1 |               Clock |
| INBUF      |    1 |                 I/O |
| IBUFCTRL   |    1 |              Others |
| BUFG_PS    |    1 |               Clock |
| BSCANE2    |    1 |       Configuration |
+------------+------+---------------------+


10. Black Boxes
---------------

+----------+------+
| Ref Name | Used |
+----------+------+


11. Instantiated Netlists
-------------------------

+-------------------------------+------+
|            Ref Name           | Used |
+-------------------------------+------+
| design_1_zynq_ultra_ps_e_0_0  |    1 |
| design_1_xbar_0               |    1 |
| design_1_proc_sys_reset_0_0   |    1 |
| design_1_ila_0_0              |    1 |
| design_1_demux_0_0            |    1 |
| design_1_clk_wiz_0_0          |    1 |
| design_1_axi_cfg_register_0_0 |    1 |
| design_1_auto_pc_1            |    1 |
| design_1_auto_pc_0            |    1 |
| design_1_auto_ds_1            |    1 |
| design_1_auto_ds_0            |    1 |
| dbg_hub                       |    1 |
+-------------------------------+------+


