#-----------------------------------------------------------
# Vivado v2024.1 (64-bit)
# SW Build 5076996 on Wed May 22 18:37:14 MDT 2024
# IP Build 5075265 on Wed May 22 21:45:21 MDT 2024
# SharedData Build 5076995 on Wed May 22 18:29:18 MDT 2024
# Start of session at: Wed Feb 19 09:11:21 2025
# Process ID: 3496
# Current directory: C:/Users/ASUS/Documents/PhD/kriask/prj/fan_ex/fan_ex.runs/synth_1
# Command line: vivado.exe -log kria_starter_kit_wrapper.vds -product Vivado -mode batch -messageDb vivado.pb -notrace -source kria_starter_kit_wrapper.tcl
# Log file: C:/Users/ASUS/Documents/PhD/kriask/prj/fan_ex/fan_ex.runs/synth_1/kria_starter_kit_wrapper.vds
# Journal file: C:/Users/ASUS/Documents/PhD/kriask/prj/fan_ex/fan_ex.runs/synth_1\vivado.jou
# Running On        :Goose
# Platform          :Windows Server 2016 or Windows 10
# Operating System  :26100
# Processor Detail  :Intel(R) Core(TM) i7-10510U CPU @ 1.80GHz
# CPU Frequency     :2304 MHz
# CPU Physical cores:4
# CPU Logical cores :8
# Host memory       :16979 MB
# Swap memory       :1073 MB
# Total Virtual     :18053 MB
# Available Virtual :9850 MB
#-----------------------------------------------------------
source kria_starter_kit_wrapper.tcl -notrace
