Copyright 1986-2022 Xilinx, Inc. All Rights Reserved. Copyright 2022-2024 Advanced Micro Devices, Inc. All Rights Reserved.
-----------------------------------------------------------------------------------------------------------------------------------------------------------------------------------------------------------------------------
| Tool Version      : Vivado v.2024.1 (win64) Build 5076996 Wed May 22 18:37:14 MDT 2024
| Date              : Sat Jan  4 13:43:30 2025
| Host              : Goose running 64-bit major release  (build 9200)
| Command           : report_timing_summary -max_paths 10 -report_unconstrained -file prescaler_timing_summary_routed.rpt -pb prescaler_timing_summary_routed.pb -rpx prescaler_timing_summary_routed.rpx -warn_on_violation
| Design            : prescaler
| Device            : xck26-sfvc784
| Speed File        : -2LV  PRODUCTION 1.30 05-15-2022
| Design State      : Routed
| Temperature Grade : C
-----------------------------------------------------------------------------------------------------------------------------------------------------------------------------------------------------------------------------

Timing Summary Report

------------------------------------------------------------------------------------------------
| Timer Settings
| --------------
------------------------------------------------------------------------------------------------

  Enable Multi Corner Analysis               :  Yes
  Enable Pessimism Removal                   :  Yes
  Pessimism Removal Resolution               :  Nearest Common Node
  Enable Input Delay Default Clock           :  No
  Enable Preset / Clear Arcs                 :  No
  Disable Flight Delays                      :  No
  Ignore I/O Paths                           :  No
  Timing Early Launch at Borrowing Latches   :  No
  Borrow Time for Max Delay Exceptions       :  Yes
  Merge Timing Exceptions                    :  Yes
  Inter-SLR Compensation                     :  Conservative

  Corner  Analyze    Analyze    
  Name    Max Paths  Min Paths  
  ------  ---------  ---------  
  Slow    Yes        Yes        
  Fast    Yes        Yes        


------------------------------------------------------------------------------------------------
| Report Methodology
| ------------------
------------------------------------------------------------------------------------------------

Rule       Severity          Description                  Violations  
---------  ----------------  ---------------------------  ----------  
TIMING-17  Critical Warning  Non-clocked sequential cell  20          

Note: This report is based on the most recent report_methodology run and may not be up-to-date. Run report_methodology on the current design for the latest report.



check_timing report

Table of Contents
-----------------
1. checking no_clock (20)
2. checking constant_clock (0)
3. checking pulse_width_clock (0)
4. checking unconstrained_internal_endpoints (39)
5. checking no_input_delay (0)
6. checking no_output_delay (1)
7. checking multiple_clock (0)
8. checking generated_clocks (0)
9. checking loops (0)
10. checking partial_input_delay (0)
11. checking partial_output_delay (0)
12. checking latch_loops (0)

1. checking no_clock (20)
-------------------------
 There are 20 register/latch pins with no clock driven by root clock pin: data_in (HIGH)


2. checking constant_clock (0)
------------------------------
 There are 0 register/latch pins with constant_clock.


3. checking pulse_width_clock (0)
---------------------------------
 There are 0 register/latch pins which need pulse_width check


4. checking unconstrained_internal_endpoints (39)
-------------------------------------------------
 There are 39 pins that are not constrained for maximum delay. (HIGH)

 There are 0 pins that are not constrained for maximum delay due to constant clock.


5. checking no_input_delay (0)
------------------------------
 There are 0 input ports with no input delay specified.

 There are 0 input ports with no input delay but user has a false path constraint.


6. checking no_output_delay (1)
-------------------------------
 There is 1 port with no output delay specified. (HIGH)

 There are 0 ports with no output delay but user has a false path constraint

 There are 0 ports with no output delay but with a timing clock defined on it or propagating through it


7. checking multiple_clock (0)
------------------------------
 There are 0 register/latch pins with multiple clocks.


8. checking generated_clocks (0)
--------------------------------
 There are 0 generated clocks that are not connected to a clock source.


9. checking loops (0)
---------------------
 There are 0 combinational loops in the design.


10. checking partial_input_delay (0)
------------------------------------
 There are 0 input ports with partial input delay specified.


11. checking partial_output_delay (0)
-------------------------------------
 There are 0 ports with partial output delay specified.


12. checking latch_loops (0)
----------------------------
 There are 0 combinational latch loops in the design through latch input



------------------------------------------------------------------------------------------------
| Design Timing Summary
| ---------------------
------------------------------------------------------------------------------------------------

    WNS(ns)      TNS(ns)  TNS Failing Endpoints  TNS Total Endpoints      WHS(ns)      THS(ns)  THS Failing Endpoints  THS Total Endpoints     WPWS(ns)     TPWS(ns)  TPWS Failing Endpoints  TPWS Total Endpoints  
    -------      -------  ---------------------  -------------------      -------      -------  ---------------------  -------------------     --------     --------  ----------------------  --------------------  
        inf        0.000                      0                   40          inf        0.000                      0                   40           NA           NA                      NA                    NA  


There are no user specified timing constraints.


------------------------------------------------------------------------------------------------
| Clock Summary
| -------------
------------------------------------------------------------------------------------------------


------------------------------------------------------------------------------------------------
| Intra Clock Table
| -----------------
------------------------------------------------------------------------------------------------

Clock             WNS(ns)      TNS(ns)  TNS Failing Endpoints  TNS Total Endpoints      WHS(ns)      THS(ns)  THS Failing Endpoints  THS Total Endpoints     WPWS(ns)     TPWS(ns)  TPWS Failing Endpoints  TPWS Total Endpoints  
-----             -------      -------  ---------------------  -------------------      -------      -------  ---------------------  -------------------     --------     --------  ----------------------  --------------------  


------------------------------------------------------------------------------------------------
| Inter Clock Table
| -----------------
------------------------------------------------------------------------------------------------

From Clock    To Clock          WNS(ns)      TNS(ns)  TNS Failing Endpoints  TNS Total Endpoints      WHS(ns)      THS(ns)  THS Failing Endpoints  THS Total Endpoints  
----------    --------          -------      -------  ---------------------  -------------------      -------      -------  ---------------------  -------------------  


------------------------------------------------------------------------------------------------
| Other Path Groups Table
| -----------------------
------------------------------------------------------------------------------------------------

Path Group    From Clock    To Clock          WNS(ns)      TNS(ns)  TNS Failing Endpoints  TNS Total Endpoints      WHS(ns)      THS(ns)  THS Failing Endpoints  THS Total Endpoints  
----------    ----------    --------          -------      -------  ---------------------  -------------------      -------      -------  ---------------------  -------------------  


------------------------------------------------------------------------------------------------
| User Ignored Path Table
| -----------------------
------------------------------------------------------------------------------------------------

Path Group    From Clock    To Clock    
----------    ----------    --------    


------------------------------------------------------------------------------------------------
| Unconstrained Path Table
| ------------------------
------------------------------------------------------------------------------------------------

Path Group    From Clock    To Clock    
----------    ----------    --------    
(none)                                    


------------------------------------------------------------------------------------------------
| Timing Details
| --------------
------------------------------------------------------------------------------------------------


--------------------------------------------------------------------------------------
Path Group:  (none)
From Clock:  
  To Clock:  

Max Delay            40 Endpoints
Min Delay            40 Endpoints
--------------------------------------------------------------------------------------


Max Delay Paths
--------------------------------------------------------------------------------------
Slack:                    inf
  Source:                 tmp_reg/C
                            (rising edge-triggered cell FDRE)
  Destination:            data_out
                            (output port)
  Path Group:             (none)
  Path Type:              Max at Slow Process Corner
  Data Path Delay:        2.123ns  (logic 1.001ns (47.131%)  route 1.122ns (52.869%))
  Logic Levels:           2  (FDRE=1 OBUF=1)

    Location             Delay type                Incr(ns)  Path(ns)    Netlist Resource(s)
  -------------------------------------------------------------------    -------------------
    SLICE_X23Y221        FDRE                         0.000     0.000 r  tmp_reg/C
    SLICE_X23Y221        FDRE (Prop_CFF_SLICEL_C_Q)
                                                      0.114     0.114 r  tmp_reg/Q
                         net (fo=2, routed)           1.122     1.236    data_out_OBUF
    F8                   OBUF (Prop_OUTBUF_HPIOB_M_I_O)
                                                      0.887     2.123 r  data_out_OBUF_inst/O
                         net (fo=0)                   0.000     2.123    data_out
    F8                                                                r  data_out (OUT)
  -------------------------------------------------------------------    -------------------

Slack:                    inf
  Source:                 counter_reg[9]/C
                            (rising edge-triggered cell FDRE)
  Destination:            counter_reg[18]/D
  Path Group:             (none)
  Path Type:              Max at Slow Process Corner
  Data Path Delay:        1.754ns  (logic 0.498ns (28.393%)  route 1.256ns (71.607%))
  Logic Levels:           3  (CARRY8=2 FDRE=1)

    Location             Delay type                Incr(ns)  Path(ns)    Netlist Resource(s)
  -------------------------------------------------------------------    -------------------
    SLICE_X23Y219        FDRE                         0.000     0.000 r  counter_reg[9]/C
    SLICE_X23Y219        FDRE (Prop_AFF_SLICEL_C_Q)
                                                      0.114     0.114 r  counter_reg[9]/Q
                         net (fo=2, routed)           1.193     1.307    counter[9]
    SLICE_X23Y219        CARRY8 (Prop_CARRY8_SLICEL_S[0]_CO[7])
                                                      0.278     1.585 r  counter_reg[16]_i_1/CO[7]
                         net (fo=1, routed)           0.030     1.615    counter_reg[16]_i_1_n_0
    SLICE_X23Y220        CARRY8 (Prop_CARRY8_SLICEL_CI_O[1])
                                                      0.106     1.721 r  counter_reg[18]_i_2/O[1]
                         net (fo=1, routed)           0.033     1.754    p_1_in[18]
    SLICE_X23Y220        FDRE                                         r  counter_reg[18]/D
  -------------------------------------------------------------------    -------------------

Slack:                    inf
  Source:                 counter_reg[9]/C
                            (rising edge-triggered cell FDRE)
  Destination:            counter_reg[17]/D
  Path Group:             (none)
  Path Type:              Max at Slow Process Corner
  Data Path Delay:        1.725ns  (logic 0.470ns (27.248%)  route 1.255ns (72.752%))
  Logic Levels:           3  (CARRY8=2 FDRE=1)

    Location             Delay type                Incr(ns)  Path(ns)    Netlist Resource(s)
  -------------------------------------------------------------------    -------------------
    SLICE_X23Y219        FDRE                         0.000     0.000 r  counter_reg[9]/C
    SLICE_X23Y219        FDRE (Prop_AFF_SLICEL_C_Q)
                                                      0.114     0.114 r  counter_reg[9]/Q
                         net (fo=2, routed)           1.193     1.307    counter[9]
    SLICE_X23Y219        CARRY8 (Prop_CARRY8_SLICEL_S[0]_CO[7])
                                                      0.278     1.585 r  counter_reg[16]_i_1/CO[7]
                         net (fo=1, routed)           0.030     1.615    counter_reg[16]_i_1_n_0
    SLICE_X23Y220        CARRY8 (Prop_CARRY8_SLICEL_CI_O[0])
                                                      0.078     1.693 r  counter_reg[18]_i_2/O[0]
                         net (fo=1, routed)           0.032     1.725    p_1_in[17]
    SLICE_X23Y220        FDRE                                         r  counter_reg[17]/D
  -------------------------------------------------------------------    -------------------

Slack:                    inf
  Source:                 counter_reg[9]/C
                            (rising edge-triggered cell FDRE)
  Destination:            counter_reg[16]/D
  Path Group:             (none)
  Path Type:              Max at Slow Process Corner
  Data Path Delay:        1.673ns  (logic 0.446ns (26.660%)  route 1.227ns (73.340%))
  Logic Levels:           2  (CARRY8=1 FDRE=1)

    Location             Delay type                Incr(ns)  Path(ns)    Netlist Resource(s)
  -------------------------------------------------------------------    -------------------
    SLICE_X23Y219        FDRE                         0.000     0.000 r  counter_reg[9]/C
    SLICE_X23Y219        FDRE (Prop_AFF_SLICEL_C_Q)
                                                      0.114     0.114 r  counter_reg[9]/Q
                         net (fo=2, routed)           1.193     1.307    counter[9]
    SLICE_X23Y219        CARRY8 (Prop_CARRY8_SLICEL_S[0]_O[7])
                                                      0.332     1.639 r  counter_reg[16]_i_1/O[7]
                         net (fo=1, routed)           0.034     1.673    p_1_in[16]
    SLICE_X23Y219        FDRE                                         r  counter_reg[16]/D
  -------------------------------------------------------------------    -------------------

Slack:                    inf
  Source:                 counter_reg[9]/C
                            (rising edge-triggered cell FDRE)
  Destination:            counter_reg[14]/D
  Path Group:             (none)
  Path Type:              Max at Slow Process Corner
  Data Path Delay:        1.671ns  (logic 0.445ns (26.632%)  route 1.226ns (73.368%))
  Logic Levels:           2  (CARRY8=1 FDRE=1)

    Location             Delay type                Incr(ns)  Path(ns)    Netlist Resource(s)
  -------------------------------------------------------------------    -------------------
    SLICE_X23Y219        FDRE                         0.000     0.000 r  counter_reg[9]/C
    SLICE_X23Y219        FDRE (Prop_AFF_SLICEL_C_Q)
                                                      0.114     0.114 r  counter_reg[9]/Q
                         net (fo=2, routed)           1.193     1.307    counter[9]
    SLICE_X23Y219        CARRY8 (Prop_CARRY8_SLICEL_S[0]_O[5])
                                                      0.331     1.638 r  counter_reg[16]_i_1/O[5]
                         net (fo=1, routed)           0.033     1.671    p_1_in[14]
    SLICE_X23Y219        FDRE                                         r  counter_reg[14]/D
  -------------------------------------------------------------------    -------------------

Slack:                    inf
  Source:                 counter_reg[9]/C
                            (rising edge-triggered cell FDRE)
  Destination:            counter_reg[15]/D
  Path Group:             (none)
  Path Type:              Max at Slow Process Corner
  Data Path Delay:        1.652ns  (logic 0.425ns (25.728%)  route 1.227ns (74.272%))
  Logic Levels:           2  (CARRY8=1 FDRE=1)

    Location             Delay type                Incr(ns)  Path(ns)    Netlist Resource(s)
  -------------------------------------------------------------------    -------------------
    SLICE_X23Y219        FDRE                         0.000     0.000 r  counter_reg[9]/C
    SLICE_X23Y219        FDRE (Prop_AFF_SLICEL_C_Q)
                                                      0.114     0.114 r  counter_reg[9]/Q
                         net (fo=2, routed)           1.193     1.307    counter[9]
    SLICE_X23Y219        CARRY8 (Prop_CARRY8_SLICEL_S[0]_O[6])
                                                      0.311     1.618 r  counter_reg[16]_i_1/O[6]
                         net (fo=1, routed)           0.034     1.652    p_1_in[15]
    SLICE_X23Y219        FDRE                                         r  counter_reg[15]/D
  -------------------------------------------------------------------    -------------------

Slack:                    inf
  Source:                 counter_reg[9]/C
                            (rising edge-triggered cell FDRE)
  Destination:            counter_reg[13]/D
  Path Group:             (none)
  Path Type:              Max at Slow Process Corner
  Data Path Delay:        1.624ns  (logic 0.399ns (24.570%)  route 1.225ns (75.430%))
  Logic Levels:           2  (CARRY8=1 FDRE=1)

    Location             Delay type                Incr(ns)  Path(ns)    Netlist Resource(s)
  -------------------------------------------------------------------    -------------------
    SLICE_X23Y219        FDRE                         0.000     0.000 r  counter_reg[9]/C
    SLICE_X23Y219        FDRE (Prop_AFF_SLICEL_C_Q)
                                                      0.114     0.114 r  counter_reg[9]/Q
                         net (fo=2, routed)           1.193     1.307    counter[9]
    SLICE_X23Y219        CARRY8 (Prop_CARRY8_SLICEL_S[0]_O[4])
                                                      0.285     1.592 r  counter_reg[16]_i_1/O[4]
                         net (fo=1, routed)           0.032     1.624    p_1_in[13]
    SLICE_X23Y219        FDRE                                         r  counter_reg[13]/D
  -------------------------------------------------------------------    -------------------

Slack:                    inf
  Source:                 counter_reg[9]/C
                            (rising edge-triggered cell FDRE)
  Destination:            counter_reg[12]/D
  Path Group:             (none)
  Path Type:              Max at Slow Process Corner
  Data Path Delay:        1.534ns  (logic 0.307ns (20.014%)  route 1.227ns (79.986%))
  Logic Levels:           2  (CARRY8=1 FDRE=1)

    Location             Delay type                Incr(ns)  Path(ns)    Netlist Resource(s)
  -------------------------------------------------------------------    -------------------
    SLICE_X23Y219        FDRE                         0.000     0.000 r  counter_reg[9]/C
    SLICE_X23Y219        FDRE (Prop_AFF_SLICEL_C_Q)
                                                      0.114     0.114 r  counter_reg[9]/Q
                         net (fo=2, routed)           1.193     1.307    counter[9]
    SLICE_X23Y219        CARRY8 (Prop_CARRY8_SLICEL_S[0]_O[3])
                                                      0.193     1.500 r  counter_reg[16]_i_1/O[3]
                         net (fo=1, routed)           0.034     1.534    p_1_in[12]
    SLICE_X23Y219        FDRE                                         r  counter_reg[12]/D
  -------------------------------------------------------------------    -------------------

Slack:                    inf
  Source:                 counter_reg[9]/C
                            (rising edge-triggered cell FDRE)
  Destination:            counter_reg[11]/D
  Path Group:             (none)
  Path Type:              Max at Slow Process Corner
  Data Path Delay:        1.525ns  (logic 0.298ns (19.542%)  route 1.227ns (80.458%))
  Logic Levels:           2  (CARRY8=1 FDRE=1)

    Location             Delay type                Incr(ns)  Path(ns)    Netlist Resource(s)
  -------------------------------------------------------------------    -------------------
    SLICE_X23Y219        FDRE                         0.000     0.000 r  counter_reg[9]/C
    SLICE_X23Y219        FDRE (Prop_AFF_SLICEL_C_Q)
                                                      0.114     0.114 r  counter_reg[9]/Q
                         net (fo=2, routed)           1.193     1.307    counter[9]
    SLICE_X23Y219        CARRY8 (Prop_CARRY8_SLICEL_S[0]_O[2])
                                                      0.184     1.491 r  counter_reg[16]_i_1/O[2]
                         net (fo=1, routed)           0.034     1.525    p_1_in[11]
    SLICE_X23Y219        FDRE                                         r  counter_reg[11]/D
  -------------------------------------------------------------------    -------------------

Slack:                    inf
  Source:                 counter_reg[9]/C
                            (rising edge-triggered cell FDRE)
  Destination:            counter_reg[10]/D
  Path Group:             (none)
  Path Type:              Max at Slow Process Corner
  Data Path Delay:        1.472ns  (logic 0.246ns (16.713%)  route 1.226ns (83.287%))
  Logic Levels:           2  (CARRY8=1 FDRE=1)

    Location             Delay type                Incr(ns)  Path(ns)    Netlist Resource(s)
  -------------------------------------------------------------------    -------------------
    SLICE_X23Y219        FDRE                         0.000     0.000 r  counter_reg[9]/C
    SLICE_X23Y219        FDRE (Prop_AFF_SLICEL_C_Q)
                                                      0.114     0.114 r  counter_reg[9]/Q
                         net (fo=2, routed)           1.193     1.307    counter[9]
    SLICE_X23Y219        CARRY8 (Prop_CARRY8_SLICEL_S[0]_O[1])
                                                      0.132     1.439 r  counter_reg[16]_i_1/O[1]
                         net (fo=1, routed)           0.033     1.472    p_1_in[10]
    SLICE_X23Y219        FDRE                                         r  counter_reg[10]/D
  -------------------------------------------------------------------    -------------------





Min Delay Paths
--------------------------------------------------------------------------------------
Slack:                    inf
  Source:                 tmp_reg/C
                            (rising edge-triggered cell FDRE)
  Destination:            tmp_reg/D
  Path Group:             (none)
  Path Type:              Min at Fast Process Corner
  Data Path Delay:        0.152ns  (logic 0.105ns (69.245%)  route 0.047ns (30.755%))
  Logic Levels:           2  (FDRE=1 LUT6=1)

    Location             Delay type                Incr(ns)  Path(ns)    Netlist Resource(s)
  -------------------------------------------------------------------    -------------------
    SLICE_X23Y221        FDRE                         0.000     0.000 r  tmp_reg/C
    SLICE_X23Y221        FDRE (Prop_CFF_SLICEL_C_Q)
                                                      0.084     0.084 r  tmp_reg/Q
                         net (fo=2, routed)           0.028     0.112    data_out_OBUF
    SLICE_X23Y221        LUT6 (Prop_C6LUT_SLICEL_I5_O)
                                                      0.021     0.133 r  tmp_i_1/O
                         net (fo=1, routed)           0.019     0.152    tmp_i_1_n_0
    SLICE_X23Y221        FDRE                                         r  tmp_reg/D
  -------------------------------------------------------------------    -------------------

Slack:                    inf
  Source:                 counter_reg[18]/C
                            (rising edge-triggered cell FDRE)
  Destination:            counter_reg[18]/D
  Path Group:             (none)
  Path Type:              Min at Fast Process Corner
  Data Path Delay:        0.166ns  (logic 0.103ns (62.052%)  route 0.063ns (37.948%))
  Logic Levels:           2  (CARRY8=1 FDRE=1)

    Location             Delay type                Incr(ns)  Path(ns)    Netlist Resource(s)
  -------------------------------------------------------------------    -------------------
    SLICE_X23Y220        FDRE                         0.000     0.000 r  counter_reg[18]/C
    SLICE_X23Y220        FDRE (Prop_BFF_SLICEL_C_Q)
                                                      0.084     0.084 r  counter_reg[18]/Q
                         net (fo=2, routed)           0.055     0.139    counter[18]
    SLICE_X23Y220        CARRY8 (Prop_CARRY8_SLICEL_S[1]_O[1])
                                                      0.019     0.158 r  counter_reg[18]_i_2/O[1]
                         net (fo=1, routed)           0.008     0.166    p_1_in[18]
    SLICE_X23Y220        FDRE                                         r  counter_reg[18]/D
  -------------------------------------------------------------------    -------------------

Slack:                    inf
  Source:                 counter_reg[12]/C
                            (rising edge-triggered cell FDRE)
  Destination:            counter_reg[12]/D
  Path Group:             (none)
  Path Type:              Min at Fast Process Corner
  Data Path Delay:        0.167ns  (logic 0.103ns (61.811%)  route 0.064ns (38.189%))
  Logic Levels:           2  (CARRY8=1 FDRE=1)

    Location             Delay type                Incr(ns)  Path(ns)    Netlist Resource(s)
  -------------------------------------------------------------------    -------------------
    SLICE_X23Y219        FDRE                         0.000     0.000 r  counter_reg[12]/C
    SLICE_X23Y219        FDRE (Prop_DFF_SLICEL_C_Q)
                                                      0.084     0.084 r  counter_reg[12]/Q
                         net (fo=2, routed)           0.056     0.140    counter[12]
    SLICE_X23Y219        CARRY8 (Prop_CARRY8_SLICEL_S[3]_O[3])
                                                      0.019     0.159 r  counter_reg[16]_i_1/O[3]
                         net (fo=1, routed)           0.008     0.167    p_1_in[12]
    SLICE_X23Y219        FDRE                                         r  counter_reg[12]/D
  -------------------------------------------------------------------    -------------------

Slack:                    inf
  Source:                 counter_reg[4]/C
                            (rising edge-triggered cell FDRE)
  Destination:            counter_reg[4]/D
  Path Group:             (none)
  Path Type:              Min at Fast Process Corner
  Data Path Delay:        0.167ns  (logic 0.103ns (61.811%)  route 0.064ns (38.189%))
  Logic Levels:           2  (CARRY8=1 FDRE=1)

    Location             Delay type                Incr(ns)  Path(ns)    Netlist Resource(s)
  -------------------------------------------------------------------    -------------------
    SLICE_X23Y218        FDRE                         0.000     0.000 r  counter_reg[4]/C
    SLICE_X23Y218        FDRE (Prop_DFF_SLICEL_C_Q)
                                                      0.084     0.084 r  counter_reg[4]/Q
                         net (fo=2, routed)           0.056     0.140    counter[4]
    SLICE_X23Y218        CARRY8 (Prop_CARRY8_SLICEL_S[3]_O[3])
                                                      0.019     0.159 r  counter_reg[8]_i_1/O[3]
                         net (fo=1, routed)           0.008     0.167    p_1_in[4]
    SLICE_X23Y218        FDRE                                         r  counter_reg[4]/D
  -------------------------------------------------------------------    -------------------

Slack:                    inf
  Source:                 counter_reg[10]/C
                            (rising edge-triggered cell FDRE)
  Destination:            counter_reg[10]/D
  Path Group:             (none)
  Path Type:              Min at Fast Process Corner
  Data Path Delay:        0.168ns  (logic 0.103ns (61.443%)  route 0.065ns (38.557%))
  Logic Levels:           2  (CARRY8=1 FDRE=1)

    Location             Delay type                Incr(ns)  Path(ns)    Netlist Resource(s)
  -------------------------------------------------------------------    -------------------
    SLICE_X23Y219        FDRE                         0.000     0.000 r  counter_reg[10]/C
    SLICE_X23Y219        FDRE (Prop_BFF_SLICEL_C_Q)
                                                      0.084     0.084 r  counter_reg[10]/Q
                         net (fo=2, routed)           0.057     0.141    counter[10]
    SLICE_X23Y219        CARRY8 (Prop_CARRY8_SLICEL_S[1]_O[1])
                                                      0.019     0.160 r  counter_reg[16]_i_1/O[1]
                         net (fo=1, routed)           0.008     0.168    p_1_in[10]
    SLICE_X23Y219        FDRE                                         r  counter_reg[10]/D
  -------------------------------------------------------------------    -------------------

Slack:                    inf
  Source:                 counter_reg[2]/C
                            (rising edge-triggered cell FDRE)
  Destination:            counter_reg[2]/D
  Path Group:             (none)
  Path Type:              Min at Fast Process Corner
  Data Path Delay:        0.168ns  (logic 0.103ns (61.443%)  route 0.065ns (38.557%))
  Logic Levels:           2  (CARRY8=1 FDRE=1)

    Location             Delay type                Incr(ns)  Path(ns)    Netlist Resource(s)
  -------------------------------------------------------------------    -------------------
    SLICE_X23Y218        FDRE                         0.000     0.000 r  counter_reg[2]/C
    SLICE_X23Y218        FDRE (Prop_BFF_SLICEL_C_Q)
                                                      0.084     0.084 r  counter_reg[2]/Q
                         net (fo=2, routed)           0.057     0.141    counter[2]
    SLICE_X23Y218        CARRY8 (Prop_CARRY8_SLICEL_S[1]_O[1])
                                                      0.019     0.160 r  counter_reg[8]_i_1/O[1]
                         net (fo=1, routed)           0.008     0.168    p_1_in[2]
    SLICE_X23Y218        FDRE                                         r  counter_reg[2]/D
  -------------------------------------------------------------------    -------------------

Slack:                    inf
  Source:                 counter_reg[11]/C
                            (rising edge-triggered cell FDRE)
  Destination:            counter_reg[11]/D
  Path Group:             (none)
  Path Type:              Min at Fast Process Corner
  Data Path Delay:        0.169ns  (logic 0.103ns (61.078%)  route 0.066ns (38.922%))
  Logic Levels:           2  (CARRY8=1 FDRE=1)

    Location             Delay type                Incr(ns)  Path(ns)    Netlist Resource(s)
  -------------------------------------------------------------------    -------------------
    SLICE_X23Y219        FDRE                         0.000     0.000 r  counter_reg[11]/C
    SLICE_X23Y219        FDRE (Prop_CFF_SLICEL_C_Q)
                                                      0.084     0.084 r  counter_reg[11]/Q
                         net (fo=2, routed)           0.058     0.142    counter[11]
    SLICE_X23Y219        CARRY8 (Prop_CARRY8_SLICEL_S[2]_O[2])
                                                      0.019     0.161 r  counter_reg[16]_i_1/O[2]
                         net (fo=1, routed)           0.008     0.169    p_1_in[11]
    SLICE_X23Y219        FDRE                                         r  counter_reg[11]/D
  -------------------------------------------------------------------    -------------------

Slack:                    inf
  Source:                 counter_reg[16]/C
                            (rising edge-triggered cell FDRE)
  Destination:            counter_reg[16]/D
  Path Group:             (none)
  Path Type:              Min at Fast Process Corner
  Data Path Delay:        0.169ns  (logic 0.104ns (61.671%)  route 0.065ns (38.329%))
  Logic Levels:           2  (CARRY8=1 FDRE=1)

    Location             Delay type                Incr(ns)  Path(ns)    Netlist Resource(s)
  -------------------------------------------------------------------    -------------------
    SLICE_X23Y219        FDRE                         0.000     0.000 r  counter_reg[16]/C
    SLICE_X23Y219        FDRE (Prop_HFF_SLICEL_C_Q)
                                                      0.084     0.084 r  counter_reg[16]/Q
                         net (fo=2, routed)           0.057     0.141    counter[16]
    SLICE_X23Y219        CARRY8 (Prop_CARRY8_SLICEL_S[7]_O[7])
                                                      0.020     0.161 r  counter_reg[16]_i_1/O[7]
                         net (fo=1, routed)           0.008     0.169    p_1_in[16]
    SLICE_X23Y219        FDRE                                         r  counter_reg[16]/D
  -------------------------------------------------------------------    -------------------

Slack:                    inf
  Source:                 counter_reg[3]/C
                            (rising edge-triggered cell FDRE)
  Destination:            counter_reg[3]/D
  Path Group:             (none)
  Path Type:              Min at Fast Process Corner
  Data Path Delay:        0.169ns  (logic 0.103ns (61.078%)  route 0.066ns (38.922%))
  Logic Levels:           2  (CARRY8=1 FDRE=1)

    Location             Delay type                Incr(ns)  Path(ns)    Netlist Resource(s)
  -------------------------------------------------------------------    -------------------
    SLICE_X23Y218        FDRE                         0.000     0.000 r  counter_reg[3]/C
    SLICE_X23Y218        FDRE (Prop_CFF_SLICEL_C_Q)
                                                      0.084     0.084 r  counter_reg[3]/Q
                         net (fo=2, routed)           0.058     0.142    counter[3]
    SLICE_X23Y218        CARRY8 (Prop_CARRY8_SLICEL_S[2]_O[2])
                                                      0.019     0.161 r  counter_reg[8]_i_1/O[2]
                         net (fo=1, routed)           0.008     0.169    p_1_in[3]
    SLICE_X23Y218        FDRE                                         r  counter_reg[3]/D
  -------------------------------------------------------------------    -------------------

Slack:                    inf
  Source:                 counter_reg[8]/C
                            (rising edge-triggered cell FDRE)
  Destination:            counter_reg[8]/D
  Path Group:             (none)
  Path Type:              Min at Fast Process Corner
  Data Path Delay:        0.169ns  (logic 0.104ns (61.671%)  route 0.065ns (38.329%))
  Logic Levels:           2  (CARRY8=1 FDRE=1)

    Location             Delay type                Incr(ns)  Path(ns)    Netlist Resource(s)
  -------------------------------------------------------------------    -------------------
    SLICE_X23Y218        FDRE                         0.000     0.000 r  counter_reg[8]/C
    SLICE_X23Y218        FDRE (Prop_HFF_SLICEL_C_Q)
                                                      0.084     0.084 r  counter_reg[8]/Q
                         net (fo=2, routed)           0.057     0.141    counter[8]
    SLICE_X23Y218        CARRY8 (Prop_CARRY8_SLICEL_S[7]_O[7])
                                                      0.020     0.161 r  counter_reg[8]_i_1/O[7]
                         net (fo=1, routed)           0.008     0.169    p_1_in[8]
    SLICE_X23Y218        FDRE                                         r  counter_reg[8]/D
  -------------------------------------------------------------------    -------------------





