\BOOKMARK [0][-]{chapter.1}{Petalinux}{}% 1
\BOOKMARK [1][-]{section.1.1}{Installation\040procedure}{chapter.1}% 2
\BOOKMARK [2][-]{subsection.1.1.1}{i386\040architecture}{section.1.1}% 3
\BOOKMARK [2][-]{subsection.1.1.2}{Petalinux\040Build\040Host\040packages}{section.1.1}% 4
\BOOKMARK [2][-]{subsection.1.1.3}{Petalinux\040SDK\040installation}{section.1.1}% 5
\BOOKMARK [0][-]{chapter.2}{Project\0401:\040NAND\040gate\040-\040bare\040metal\040approach}{}% 6
\BOOKMARK [1][-]{section.2.1}{Vivado\040project}{chapter.2}% 7
\BOOKMARK [2][-]{subsection.2.1.1}{Project\040creation}{section.2.1}% 8
\BOOKMARK [2][-]{subsection.2.1.2}{Behavioral\040description}{section.2.1}% 9
\BOOKMARK [2][-]{subsection.2.1.3}{Physical\040constraints}{section.2.1}% 10
\BOOKMARK [2][-]{subsection.2.1.4}{Design\040generation}{section.2.1}% 11
\BOOKMARK [2][-]{subsection.2.1.5}{FPGA\040programming}{section.2.1}% 12
\BOOKMARK [0][-]{chapter.3}{Project\0402:\040NAND\040gate}{}% 13
\BOOKMARK [1][-]{section.3.1}{Vivado\040project}{chapter.3}% 14
\BOOKMARK [1][-]{section.3.2}{Petalinux\040project}{chapter.3}% 15
\BOOKMARK [2][-]{subsection.3.2.1}{Base\040configuration}{section.3.2}% 16
\BOOKMARK [2][-]{subsection.3.2.2}{rootfs\040configuration}{section.3.2}% 17
\BOOKMARK [2][-]{subsection.3.2.3}{Booting\040the\040board}{section.3.2}% 18
\BOOKMARK [1][-]{section.3.3}{Programming\040the\040FPGA}{chapter.3}% 19
\BOOKMARK [1][-]{section.3.4}{J-TAG\040debugging}{chapter.3}% 20
\BOOKMARK [0][-]{chapter.4}{Project\0403:\040blinking\040LED}{}% 21
\BOOKMARK [1][-]{section.4.1}{Vivado\040project}{chapter.4}% 22
\BOOKMARK [2][-]{subsection.4.1.1}{Block\040configuration}{section.4.1}% 23
\BOOKMARK [1][-]{section.4.2}{Petalinux\040project}{chapter.4}% 24
\BOOKMARK [1][-]{section.4.3}{J-TAG\040debugging}{chapter.4}% 25
\BOOKMARK [0][-]{chapter.5}{Project\0404:\040blinking\040LED\040with\040memory\040access}{}% 26
\BOOKMARK [1][-]{section.5.1}{Vivado\040project}{chapter.5}% 27
\BOOKMARK [1][-]{section.5.2}{Code\040implementation}{chapter.5}% 28
\BOOKMARK [2][-]{subsection.5.2.1}{Driver}{section.5.2}% 29
\BOOKMARK [2][-]{subsection.5.2.2}{C\040program}{section.5.2}% 30
\BOOKMARK [1][-]{section.5.3}{Board\040booting}{chapter.5}% 31
\BOOKMARK [1][-]{section.5.4}{J-TAG\040debugging}{chapter.5}% 32
