
*** Running vivado
    with args -log design_1_wrapper.vdi -applog -m64 -product Vivado -messageDb vivado.pb -mode batch -source design_1_wrapper.tcl -notrace


****** Vivado v2024.1 (64-bit)
  **** SW Build 5076996 on Wed May 22 18:36:09 MDT 2024
  **** IP Build 5075265 on Wed May 22 21:45:21 MDT 2024
  **** SharedData Build 5076995 on Wed May 22 18:29:18 MDT 2024
  **** Start of session at: Thu Jun  5 10:29:41 2025
    ** Copyright 1986-2022 Xilinx, Inc. All Rights Reserved.
    ** Copyright 2022-2024 Advanced Micro Devices, Inc. All Rights Reserved.

source design_1_wrapper.tcl -notrace
create_project: Time (s): cpu = 00:00:05 ; elapsed = 00:00:05 . Memory (MB): peak = 1370.715 ; gain = 20.836 ; free physical = 9663 ; free virtual = 18479
INFO: [IP_Flow 19-234] Refreshing IP repositories
INFO: [IP_Flow 19-1704] No user IP repositories specified
INFO: [IP_Flow 19-2313] Loaded Vivado IP repository '/data/Xilinx/Vivado/Vivado/2024.1/data/ip'.
Command: link_design -top design_1_wrapper -part xck26-sfvc784-2LV-c
Design is defaulting to srcset: sources_1
Design is defaulting to constrset: constrs_1
INFO: [Device 21-403] Loading part xck26-sfvc784-2LV-c
INFO: [Project 1-454] Reading design checkpoint '/data/devel/kria_mb/vivado/blink_mk_VIII/blink_mk_VII.gen/sources_1/bd/design_1/ip/design_1_axi_cfg_register_0_0/design_1_axi_cfg_register_0_0.dcp' for cell 'design_1_i/axi_cfg_register_0'
INFO: [Project 1-454] Reading design checkpoint '/data/devel/kria_mb/vivado/blink_mk_VIII/blink_mk_VII.gen/sources_1/bd/design_1/ip/design_1_clk_wiz_1_0/design_1_clk_wiz_1_0.dcp' for cell 'design_1_i/clk_wiz_1'
INFO: [Project 1-454] Reading design checkpoint '/data/devel/kria_mb/vivado/blink_mk_VIII/blink_mk_VII.gen/sources_1/bd/design_1/ip/design_1_axi_fifo_mm_s_0_1/design_1_axi_fifo_mm_s_0_1.dcp' for cell 'design_1_i/fifo_in'
INFO: [Project 1-454] Reading design checkpoint '/data/devel/kria_mb/vivado/blink_mk_VIII/blink_mk_VII.gen/sources_1/bd/design_1/ip/design_1_axi_fifo_mm_s_0_0/design_1_axi_fifo_mm_s_0_0.dcp' for cell 'design_1_i/fifo_out'
INFO: [Project 1-454] Reading design checkpoint '/data/devel/kria_mb/vivado/blink_mk_VIII/blink_mk_VII.gen/sources_1/bd/design_1/ip/design_1_proc_sys_reset_0_0/design_1_proc_sys_reset_0_0.dcp' for cell 'design_1_i/proc_sys_reset_0'
INFO: [Project 1-454] Reading design checkpoint '/data/devel/kria_mb/vivado/blink_mk_VIII/blink_mk_VII.gen/sources_1/bd/design_1/ip/design_1_zynq_ultra_ps_e_0_0/design_1_zynq_ultra_ps_e_0_0.dcp' for cell 'design_1_i/zynq_ultra_ps_e_0'
INFO: [Project 1-454] Reading design checkpoint '/data/devel/kria_mb/vivado/blink_mk_VIII/blink_mk_VII.gen/sources_1/bd/design_1/ip/design_1_xbar_0/design_1_xbar_0.dcp' for cell 'design_1_i/ps8_0_axi_periph/xbar'
INFO: [Project 1-454] Reading design checkpoint '/data/devel/kria_mb/vivado/blink_mk_VIII/blink_mk_VII.gen/sources_1/bd/design_1/ip/design_1_auto_ds_0/design_1_auto_ds_0.dcp' for cell 'design_1_i/ps8_0_axi_periph/s00_couplers/auto_ds'
INFO: [Project 1-454] Reading design checkpoint '/data/devel/kria_mb/vivado/blink_mk_VIII/blink_mk_VII.gen/sources_1/bd/design_1/ip/design_1_auto_pc_0/design_1_auto_pc_0.dcp' for cell 'design_1_i/ps8_0_axi_periph/s00_couplers/auto_pc'
INFO: [Project 1-454] Reading design checkpoint '/data/devel/kria_mb/vivado/blink_mk_VIII/blink_mk_VII.gen/sources_1/bd/design_1/ip/design_1_auto_ds_1/design_1_auto_ds_1.dcp' for cell 'design_1_i/ps8_0_axi_periph/s01_couplers/auto_ds'
INFO: [Project 1-454] Reading design checkpoint '/data/devel/kria_mb/vivado/blink_mk_VIII/blink_mk_VII.gen/sources_1/bd/design_1/ip/design_1_auto_pc_1/design_1_auto_pc_1.dcp' for cell 'design_1_i/ps8_0_axi_periph/s01_couplers/auto_pc'
Netlist sorting complete. Time (s): cpu = 00:00:00.11 ; elapsed = 00:00:00.11 . Memory (MB): peak = 2376.137 ; gain = 0.000 ; free physical = 8639 ; free virtual = 17456
INFO: [Netlist 29-17] Analyzing 112 Unisim elements for replacement
INFO: [Netlist 29-28] Unisim Transformation completed in 0 CPU seconds
INFO: [Project 1-479] Netlist was created with Vivado 2024.1
INFO: [Project 1-570] Preparing netlist for logic optimization
Parsing XDC File [/data/devel/kria_mb/vivado/blink_mk_VIII/blink_mk_VII.gen/sources_1/bd/design_1/ip/design_1_zynq_ultra_ps_e_0_0/design_1_zynq_ultra_ps_e_0_0.xdc] for cell 'design_1_i/zynq_ultra_ps_e_0/U0'
Finished Parsing XDC File [/data/devel/kria_mb/vivado/blink_mk_VIII/blink_mk_VII.gen/sources_1/bd/design_1/ip/design_1_zynq_ultra_ps_e_0_0/design_1_zynq_ultra_ps_e_0_0.xdc] for cell 'design_1_i/zynq_ultra_ps_e_0/U0'
Parsing XDC File [/data/devel/kria_mb/vivado/blink_mk_VIII/blink_mk_VII.gen/sources_1/bd/design_1/ip/design_1_proc_sys_reset_0_0/design_1_proc_sys_reset_0_0_board.xdc] for cell 'design_1_i/proc_sys_reset_0/U0'
Finished Parsing XDC File [/data/devel/kria_mb/vivado/blink_mk_VIII/blink_mk_VII.gen/sources_1/bd/design_1/ip/design_1_proc_sys_reset_0_0/design_1_proc_sys_reset_0_0_board.xdc] for cell 'design_1_i/proc_sys_reset_0/U0'
Parsing XDC File [/data/devel/kria_mb/vivado/blink_mk_VIII/blink_mk_VII.gen/sources_1/bd/design_1/ip/design_1_proc_sys_reset_0_0/design_1_proc_sys_reset_0_0.xdc] for cell 'design_1_i/proc_sys_reset_0/U0'
Finished Parsing XDC File [/data/devel/kria_mb/vivado/blink_mk_VIII/blink_mk_VII.gen/sources_1/bd/design_1/ip/design_1_proc_sys_reset_0_0/design_1_proc_sys_reset_0_0.xdc] for cell 'design_1_i/proc_sys_reset_0/U0'
Parsing XDC File [/data/devel/kria_mb/vivado/blink_mk_VIII/blink_mk_VII.gen/sources_1/bd/design_1/ip/design_1_clk_wiz_1_0/design_1_clk_wiz_1_0_board.xdc] for cell 'design_1_i/clk_wiz_1/inst'
Finished Parsing XDC File [/data/devel/kria_mb/vivado/blink_mk_VIII/blink_mk_VII.gen/sources_1/bd/design_1/ip/design_1_clk_wiz_1_0/design_1_clk_wiz_1_0_board.xdc] for cell 'design_1_i/clk_wiz_1/inst'
Parsing XDC File [/data/devel/kria_mb/vivado/blink_mk_VIII/blink_mk_VII.gen/sources_1/bd/design_1/ip/design_1_clk_wiz_1_0/design_1_clk_wiz_1_0.xdc] for cell 'design_1_i/clk_wiz_1/inst'
INFO: [Timing 38-35] Done setting XDC timing constraints. [/data/devel/kria_mb/vivado/blink_mk_VIII/blink_mk_VII.gen/sources_1/bd/design_1/ip/design_1_clk_wiz_1_0/design_1_clk_wiz_1_0.xdc:54]
INFO: [Timing 38-2] Deriving generated clocks [/data/devel/kria_mb/vivado/blink_mk_VIII/blink_mk_VII.gen/sources_1/bd/design_1/ip/design_1_clk_wiz_1_0/design_1_clk_wiz_1_0.xdc:54]
get_clocks: Time (s): cpu = 00:00:11 ; elapsed = 00:00:11 . Memory (MB): peak = 3367.133 ; gain = 777.391 ; free physical = 7931 ; free virtual = 16752
Finished Parsing XDC File [/data/devel/kria_mb/vivado/blink_mk_VIII/blink_mk_VII.gen/sources_1/bd/design_1/ip/design_1_clk_wiz_1_0/design_1_clk_wiz_1_0.xdc] for cell 'design_1_i/clk_wiz_1/inst'
Parsing XDC File [/data/devel/kria_mb/vivado/blink_mk_VIII/blink_mk_VII.srcs/constrs_1/new/constraint.xdc]
Finished Parsing XDC File [/data/devel/kria_mb/vivado/blink_mk_VIII/blink_mk_VII.srcs/constrs_1/new/constraint.xdc]
Parsing XDC File [/data/devel/kria_mb/vivado/blink_mk_VIII/blink_mk_VII.gen/sources_1/bd/design_1/ip/design_1_auto_ds_0/design_1_auto_ds_0_clocks.xdc] for cell 'design_1_i/ps8_0_axi_periph/s00_couplers/auto_ds/inst'
WARNING: [Vivado_Tcl 4-921] Waiver ID 'CDC-1' -to list should not be empty. [/data/devel/kria_mb/vivado/blink_mk_VIII/blink_mk_VII.gen/sources_1/bd/design_1/ip/design_1_auto_ds_0/design_1_auto_ds_0_clocks.xdc:9]
WARNING: [Vivado_Tcl 4-921] Waiver ID 'CDC-1' -to list should not be empty. [/data/devel/kria_mb/vivado/blink_mk_VIII/blink_mk_VII.gen/sources_1/bd/design_1/ip/design_1_auto_ds_0/design_1_auto_ds_0_clocks.xdc:12]
WARNING: [Vivado_Tcl 4-921] Waiver ID 'CDC-1' -to list should not be empty. [/data/devel/kria_mb/vivado/blink_mk_VIII/blink_mk_VII.gen/sources_1/bd/design_1/ip/design_1_auto_ds_0/design_1_auto_ds_0_clocks.xdc:15]
WARNING: [Vivado_Tcl 4-921] Waiver ID 'CDC-1' -to list should not be empty. [/data/devel/kria_mb/vivado/blink_mk_VIII/blink_mk_VII.gen/sources_1/bd/design_1/ip/design_1_auto_ds_0/design_1_auto_ds_0_clocks.xdc:18]
WARNING: [Vivado_Tcl 4-921] Waiver ID 'CDC-1' -to list should not be empty. [/data/devel/kria_mb/vivado/blink_mk_VIII/blink_mk_VII.gen/sources_1/bd/design_1/ip/design_1_auto_ds_0/design_1_auto_ds_0_clocks.xdc:21]
WARNING: [Vivado_Tcl 4-921] Waiver ID 'CDC-1' -to list should not be empty. [/data/devel/kria_mb/vivado/blink_mk_VIII/blink_mk_VII.gen/sources_1/bd/design_1/ip/design_1_auto_ds_0/design_1_auto_ds_0_clocks.xdc:24]
WARNING: [Vivado_Tcl 4-921] Waiver ID 'CDC-1' -to list should not be empty. [/data/devel/kria_mb/vivado/blink_mk_VIII/blink_mk_VII.gen/sources_1/bd/design_1/ip/design_1_auto_ds_0/design_1_auto_ds_0_clocks.xdc:27]
WARNING: [Vivado_Tcl 4-921] Waiver ID 'CDC-1' -to list should not be empty. [/data/devel/kria_mb/vivado/blink_mk_VIII/blink_mk_VII.gen/sources_1/bd/design_1/ip/design_1_auto_ds_0/design_1_auto_ds_0_clocks.xdc:30]
WARNING: [Vivado_Tcl 4-921] Waiver ID 'CDC-1' -to list should not be empty. [/data/devel/kria_mb/vivado/blink_mk_VIII/blink_mk_VII.gen/sources_1/bd/design_1/ip/design_1_auto_ds_0/design_1_auto_ds_0_clocks.xdc:33]
WARNING: [Vivado_Tcl 4-921] Waiver ID 'CDC-1' -to list should not be empty. [/data/devel/kria_mb/vivado/blink_mk_VIII/blink_mk_VII.gen/sources_1/bd/design_1/ip/design_1_auto_ds_0/design_1_auto_ds_0_clocks.xdc:36]
WARNING: [Vivado_Tcl 4-921] Waiver ID 'CDC-10' -to list should not be empty. [/data/devel/kria_mb/vivado/blink_mk_VIII/blink_mk_VII.gen/sources_1/bd/design_1/ip/design_1_auto_ds_0/design_1_auto_ds_0_clocks.xdc:39]
WARNING: [Vivado_Tcl 4-921] Waiver ID 'CDC-10' -to list should not be empty. [/data/devel/kria_mb/vivado/blink_mk_VIII/blink_mk_VII.gen/sources_1/bd/design_1/ip/design_1_auto_ds_0/design_1_auto_ds_0_clocks.xdc:42]
WARNING: [Vivado_Tcl 4-921] Waiver ID 'CDC-10' -to list should not be empty. [/data/devel/kria_mb/vivado/blink_mk_VIII/blink_mk_VII.gen/sources_1/bd/design_1/ip/design_1_auto_ds_0/design_1_auto_ds_0_clocks.xdc:45]
WARNING: [Vivado_Tcl 4-921] Waiver ID 'CDC-2' -to list should not be empty. [/data/devel/kria_mb/vivado/blink_mk_VIII/blink_mk_VII.gen/sources_1/bd/design_1/ip/design_1_auto_ds_0/design_1_auto_ds_0_clocks.xdc:48]
WARNING: [Vivado_Tcl 4-921] Waiver ID 'CDC-11' -to list should not be empty. [/data/devel/kria_mb/vivado/blink_mk_VIII/blink_mk_VII.gen/sources_1/bd/design_1/ip/design_1_auto_ds_0/design_1_auto_ds_0_clocks.xdc:51]
WARNING: [Vivado_Tcl 4-921] Waiver ID 'CDC-11' -to list should not be empty. [/data/devel/kria_mb/vivado/blink_mk_VIII/blink_mk_VII.gen/sources_1/bd/design_1/ip/design_1_auto_ds_0/design_1_auto_ds_0_clocks.xdc:54]
Finished Parsing XDC File [/data/devel/kria_mb/vivado/blink_mk_VIII/blink_mk_VII.gen/sources_1/bd/design_1/ip/design_1_auto_ds_0/design_1_auto_ds_0_clocks.xdc] for cell 'design_1_i/ps8_0_axi_periph/s00_couplers/auto_ds/inst'
Parsing XDC File [/data/devel/kria_mb/vivado/blink_mk_VIII/blink_mk_VII.gen/sources_1/bd/design_1/ip/design_1_auto_ds_1/design_1_auto_ds_1_clocks.xdc] for cell 'design_1_i/ps8_0_axi_periph/s01_couplers/auto_ds/inst'
WARNING: [Vivado_Tcl 4-921] Waiver ID 'CDC-1' -to list should not be empty. [/data/devel/kria_mb/vivado/blink_mk_VIII/blink_mk_VII.gen/sources_1/bd/design_1/ip/design_1_auto_ds_1/design_1_auto_ds_1_clocks.xdc:9]
WARNING: [Vivado_Tcl 4-921] Waiver ID 'CDC-1' -to list should not be empty. [/data/devel/kria_mb/vivado/blink_mk_VIII/blink_mk_VII.gen/sources_1/bd/design_1/ip/design_1_auto_ds_1/design_1_auto_ds_1_clocks.xdc:12]
WARNING: [Vivado_Tcl 4-921] Waiver ID 'CDC-1' -to list should not be empty. [/data/devel/kria_mb/vivado/blink_mk_VIII/blink_mk_VII.gen/sources_1/bd/design_1/ip/design_1_auto_ds_1/design_1_auto_ds_1_clocks.xdc:15]
WARNING: [Vivado_Tcl 4-921] Waiver ID 'CDC-1' -to list should not be empty. [/data/devel/kria_mb/vivado/blink_mk_VIII/blink_mk_VII.gen/sources_1/bd/design_1/ip/design_1_auto_ds_1/design_1_auto_ds_1_clocks.xdc:18]
WARNING: [Vivado_Tcl 4-921] Waiver ID 'CDC-1' -to list should not be empty. [/data/devel/kria_mb/vivado/blink_mk_VIII/blink_mk_VII.gen/sources_1/bd/design_1/ip/design_1_auto_ds_1/design_1_auto_ds_1_clocks.xdc:21]
WARNING: [Vivado_Tcl 4-921] Waiver ID 'CDC-1' -to list should not be empty. [/data/devel/kria_mb/vivado/blink_mk_VIII/blink_mk_VII.gen/sources_1/bd/design_1/ip/design_1_auto_ds_1/design_1_auto_ds_1_clocks.xdc:24]
WARNING: [Vivado_Tcl 4-921] Waiver ID 'CDC-1' -to list should not be empty. [/data/devel/kria_mb/vivado/blink_mk_VIII/blink_mk_VII.gen/sources_1/bd/design_1/ip/design_1_auto_ds_1/design_1_auto_ds_1_clocks.xdc:27]
WARNING: [Vivado_Tcl 4-921] Waiver ID 'CDC-1' -to list should not be empty. [/data/devel/kria_mb/vivado/blink_mk_VIII/blink_mk_VII.gen/sources_1/bd/design_1/ip/design_1_auto_ds_1/design_1_auto_ds_1_clocks.xdc:30]
WARNING: [Vivado_Tcl 4-921] Waiver ID 'CDC-1' -to list should not be empty. [/data/devel/kria_mb/vivado/blink_mk_VIII/blink_mk_VII.gen/sources_1/bd/design_1/ip/design_1_auto_ds_1/design_1_auto_ds_1_clocks.xdc:33]
WARNING: [Vivado_Tcl 4-921] Waiver ID 'CDC-1' -to list should not be empty. [/data/devel/kria_mb/vivado/blink_mk_VIII/blink_mk_VII.gen/sources_1/bd/design_1/ip/design_1_auto_ds_1/design_1_auto_ds_1_clocks.xdc:36]
WARNING: [Vivado_Tcl 4-921] Waiver ID 'CDC-10' -to list should not be empty. [/data/devel/kria_mb/vivado/blink_mk_VIII/blink_mk_VII.gen/sources_1/bd/design_1/ip/design_1_auto_ds_1/design_1_auto_ds_1_clocks.xdc:39]
WARNING: [Vivado_Tcl 4-921] Waiver ID 'CDC-10' -to list should not be empty. [/data/devel/kria_mb/vivado/blink_mk_VIII/blink_mk_VII.gen/sources_1/bd/design_1/ip/design_1_auto_ds_1/design_1_auto_ds_1_clocks.xdc:42]
WARNING: [Vivado_Tcl 4-921] Waiver ID 'CDC-10' -to list should not be empty. [/data/devel/kria_mb/vivado/blink_mk_VIII/blink_mk_VII.gen/sources_1/bd/design_1/ip/design_1_auto_ds_1/design_1_auto_ds_1_clocks.xdc:45]
WARNING: [Vivado_Tcl 4-921] Waiver ID 'CDC-2' -to list should not be empty. [/data/devel/kria_mb/vivado/blink_mk_VIII/blink_mk_VII.gen/sources_1/bd/design_1/ip/design_1_auto_ds_1/design_1_auto_ds_1_clocks.xdc:48]
WARNING: [Vivado_Tcl 4-921] Waiver ID 'CDC-11' -to list should not be empty. [/data/devel/kria_mb/vivado/blink_mk_VIII/blink_mk_VII.gen/sources_1/bd/design_1/ip/design_1_auto_ds_1/design_1_auto_ds_1_clocks.xdc:51]
WARNING: [Vivado_Tcl 4-921] Waiver ID 'CDC-11' -to list should not be empty. [/data/devel/kria_mb/vivado/blink_mk_VIII/blink_mk_VII.gen/sources_1/bd/design_1/ip/design_1_auto_ds_1/design_1_auto_ds_1_clocks.xdc:54]
Finished Parsing XDC File [/data/devel/kria_mb/vivado/blink_mk_VIII/blink_mk_VII.gen/sources_1/bd/design_1/ip/design_1_auto_ds_1/design_1_auto_ds_1_clocks.xdc] for cell 'design_1_i/ps8_0_axi_periph/s01_couplers/auto_ds/inst'
INFO: [Project 1-1714] 11 XPM XDC files have been applied to the design.
INFO: [Opt 31-138] Pushed 0 inverter(s) to 0 load pin(s).
INFO: [Project 1-1687] 32 scoped IP constraints or related sub-commands were skipped due to synthesis logic optimizations usually triggered by constant connectivity or unconnected output pins. To review the skipped constraints and messages, run the command 'set_param netlist.IPMsgFiltering false' before opening the design.
Netlist sorting complete. Time (s): cpu = 00:00:00 ; elapsed = 00:00:00.01 . Memory (MB): peak = 3519.207 ; gain = 0.000 ; free physical = 7930 ; free virtual = 16751
INFO: [Project 1-111] Unisim Transformation Summary:
  A total of 39 instances were transformed.
  IBUF => IBUF (IBUFCTRL, INBUF): 1 instance 
  RAM32M => RAM32M (RAMD32(x6), RAMS32(x2)): 2 instances
  RAM32M16 => RAM32M16 (RAMD32(x14), RAMS32(x2)): 8 instances
  RAM32X1D => RAM32X1D (RAMD32(x2)): 4 instances
  RAM64M8 => RAM64M8 (RAMD64E(x8)): 24 instances

25 Infos, 32 Warnings, 0 Critical Warnings and 0 Errors encountered.
link_design completed successfully
link_design: Time (s): cpu = 00:00:30 ; elapsed = 00:00:31 . Memory (MB): peak = 3519.207 ; gain = 2079.734 ; free physical = 7930 ; free virtual = 16752
Command: opt_design
Attempting to get a license for feature 'Implementation' and/or device 'xck26'
INFO: [Common 17-349] Got license for feature 'Implementation' and/or device 'xck26'
Running DRC as a precondition to command opt_design

Starting DRC Task
INFO: [DRC 23-27] Running DRC with 8 threads
INFO: [Project 1-461] DRC finished with 0 Errors
INFO: [Project 1-462] Please refer to the DRC report (report_drc) for more information.

Time (s): cpu = 00:00:02 ; elapsed = 00:00:01 . Memory (MB): peak = 3519.207 ; gain = 0.000 ; free physical = 7906 ; free virtual = 16728

Starting Cache Timing Information Task
INFO: [Timing 38-35] Done setting XDC timing constraints.
Ending Cache Timing Information Task | Checksum: 2e466f456

Time (s): cpu = 00:00:00.83 ; elapsed = 00:00:00.43 . Memory (MB): peak = 3519.207 ; gain = 0.000 ; free physical = 7903 ; free virtual = 16725

Starting Logic Optimization Task

Phase 1 Initialization

Phase 1.1 Core Generation And Design Setup
Phase 1.1 Core Generation And Design Setup | Checksum: 2e466f456

Time (s): cpu = 00:00:00.01 ; elapsed = 00:00:00 . Memory (MB): peak = 3642.031 ; gain = 0.000 ; free physical = 9602 ; free virtual = 18408

Phase 1.2 Setup Constraints And Sort Netlist
Phase 1.2 Setup Constraints And Sort Netlist | Checksum: 2e466f456

Time (s): cpu = 00:00:00.01 ; elapsed = 00:00:00.01 . Memory (MB): peak = 3642.031 ; gain = 0.000 ; free physical = 9602 ; free virtual = 18408
Phase 1 Initialization | Checksum: 2e466f456

Time (s): cpu = 00:00:00.01 ; elapsed = 00:00:00.01 . Memory (MB): peak = 3642.031 ; gain = 0.000 ; free physical = 9602 ; free virtual = 18408

Phase 2 Timer Update And Timing Data Collection

Phase 2.1 Timer Update
Phase 2.1 Timer Update | Checksum: 2e466f456

Time (s): cpu = 00:00:00.22 ; elapsed = 00:00:00.1 . Memory (MB): peak = 3642.031 ; gain = 0.000 ; free physical = 9602 ; free virtual = 18408

Phase 2.2 Timing Data Collection
Phase 2.2 Timing Data Collection | Checksum: 2e466f456

Time (s): cpu = 00:00:00.24 ; elapsed = 00:00:00.12 . Memory (MB): peak = 3642.031 ; gain = 0.000 ; free physical = 9602 ; free virtual = 18407
Phase 2 Timer Update And Timing Data Collection | Checksum: 2e466f456

Time (s): cpu = 00:00:00.24 ; elapsed = 00:00:00.12 . Memory (MB): peak = 3642.031 ; gain = 0.000 ; free physical = 9602 ; free virtual = 18407

Phase 3 Retarget
INFO: [Opt 31-1834] Total Chains To Be Transformed Were: 0 AND Number of Transformed insts Created are: 0
INFO: [Opt 31-1566] Pulled 4 inverters resulting in an inversion of 16 pins
INFO: [Opt 31-138] Pushed 16 inverter(s) to 995 load pin(s).
INFO: [Opt 31-49] Retargeted 0 cell(s).
Phase 3 Retarget | Checksum: 222ed2dd3

Time (s): cpu = 00:00:00.48 ; elapsed = 00:00:00.36 . Memory (MB): peak = 3642.031 ; gain = 0.000 ; free physical = 9601 ; free virtual = 18407
Retarget | Checksum: 222ed2dd3
INFO: [Opt 31-389] Phase Retarget created 15 cells and removed 322 cells
INFO: [Opt 31-1021] In phase Retarget, 54 netlist objects are constrained preventing optimization. Please run opt_design with -debug_log to get more detail. 

Phase 4 Constant propagation
INFO: [Opt 31-138] Pushed 0 inverter(s) to 0 load pin(s).
Phase 4 Constant propagation | Checksum: 208ea9083

Time (s): cpu = 00:00:00.54 ; elapsed = 00:00:00.41 . Memory (MB): peak = 3642.031 ; gain = 0.000 ; free physical = 9601 ; free virtual = 18407
Constant propagation | Checksum: 208ea9083
INFO: [Opt 31-389] Phase Constant propagation created 4 cells and removed 30 cells
INFO: [Opt 31-1021] In phase Constant propagation, 54 netlist objects are constrained preventing optimization. Please run opt_design with -debug_log to get more detail. 

Phase 5 Sweep
Phase 5 Sweep | Checksum: 1f79fddea

Time (s): cpu = 00:00:00.96 ; elapsed = 00:00:00.83 . Memory (MB): peak = 3642.031 ; gain = 0.000 ; free physical = 9601 ; free virtual = 18407
Sweep | Checksum: 1f79fddea
INFO: [Opt 31-389] Phase Sweep created 0 cells and removed 164 cells
INFO: [Opt 31-1021] In phase Sweep, 193 netlist objects are constrained preventing optimization. Please run opt_design with -debug_log to get more detail. 

Phase 6 BUFG optimization
INFO: [Opt 31-194] Inserted BUFG design_1_i/zynq_ultra_ps_e_0/U0/fmio_gem_tsu_clk_to_pl_bufg_BUFG_inst to drive 1 load(s) on clock net design_1_i/zynq_ultra_ps_e_0/U0/fmio_gem_tsu_clk_to_pl_bufg_BUFG
INFO: [Opt 31-193] Inserted 1 BUFG(s) on clock nets
INFO: [Opt 31-1077] Phase BUFG optimization inserted 0 global clock buffer(s) for CLOCK_LOW_FANOUT.
Phase 6 BUFG optimization | Checksum: 2bd9d4996

Time (s): cpu = 00:00:01 ; elapsed = 00:00:00.9 . Memory (MB): peak = 3642.031 ; gain = 0.000 ; free physical = 9601 ; free virtual = 18407
BUFG optimization | Checksum: 2bd9d4996
INFO: [Opt 31-662] Phase BUFG optimization created 1 cells of which 0 are BUFGs and removed 0 cells.

Phase 7 Shift Register Optimization
INFO: [Opt 31-1064] SRL Remap converted 0 SRLs to 0 registers and converted 0 registers of register chains to 0 SRLs
Phase 7 Shift Register Optimization | Checksum: 2bd9d4996

Time (s): cpu = 00:00:01 ; elapsed = 00:00:00.9 . Memory (MB): peak = 3642.031 ; gain = 0.000 ; free physical = 9601 ; free virtual = 18407
Shift Register Optimization | Checksum: 2bd9d4996
INFO: [Opt 31-389] Phase Shift Register Optimization created 0 cells and removed 0 cells

Phase 8 Post Processing Netlist
Phase 8 Post Processing Netlist | Checksum: 27879a386

Time (s): cpu = 00:00:01 ; elapsed = 00:00:00.93 . Memory (MB): peak = 3642.031 ; gain = 0.000 ; free physical = 9601 ; free virtual = 18407
Post Processing Netlist | Checksum: 27879a386
INFO: [Opt 31-389] Phase Post Processing Netlist created 0 cells and removed 0 cells
INFO: [Opt 31-1021] In phase Post Processing Netlist, 66 netlist objects are constrained preventing optimization. Please run opt_design with -debug_log to get more detail. 

Phase 9 Finalization

Phase 9.1 Finalizing Design Cores and Updating Shapes
Phase 9.1 Finalizing Design Cores and Updating Shapes | Checksum: 2795c4ea2

Time (s): cpu = 00:00:01 ; elapsed = 00:00:01 . Memory (MB): peak = 3642.031 ; gain = 0.000 ; free physical = 9601 ; free virtual = 18407

Phase 9.2 Verifying Netlist Connectivity

Starting Connectivity Check Task

Time (s): cpu = 00:00:00.01 ; elapsed = 00:00:00.01 . Memory (MB): peak = 3642.031 ; gain = 0.000 ; free physical = 9601 ; free virtual = 18407
Phase 9.2 Verifying Netlist Connectivity | Checksum: 2795c4ea2

Time (s): cpu = 00:00:01 ; elapsed = 00:00:01 . Memory (MB): peak = 3642.031 ; gain = 0.000 ; free physical = 9601 ; free virtual = 18407
Phase 9 Finalization | Checksum: 2795c4ea2

Time (s): cpu = 00:00:01 ; elapsed = 00:00:01 . Memory (MB): peak = 3642.031 ; gain = 0.000 ; free physical = 9601 ; free virtual = 18407
Opt_design Change Summary
=========================


-------------------------------------------------------------------------------------------------------------------------
|  Phase                        |  #Cells created  |  #Cells Removed  |  #Constrained objects preventing optimizations  |
-------------------------------------------------------------------------------------------------------------------------
|  Retarget                     |              15  |             322  |                                             54  |
|  Constant propagation         |               4  |              30  |                                             54  |
|  Sweep                        |               0  |             164  |                                            193  |
|  BUFG optimization            |               1  |               0  |                                              0  |
|  Shift Register Optimization  |               0  |               0  |                                              0  |
|  Post Processing Netlist      |               0  |               0  |                                             66  |
-------------------------------------------------------------------------------------------------------------------------


Ending Logic Optimization Task | Checksum: 2795c4ea2

Time (s): cpu = 00:00:01 ; elapsed = 00:00:01 . Memory (MB): peak = 3642.031 ; gain = 0.000 ; free physical = 9601 ; free virtual = 18407

Starting Power Optimization Task
INFO: [Pwropt 34-132] Skipping clock gating for clocks with a period < 2.00 ns.
INFO: [Pwropt 34-9] Applying IDT optimizations ...
INFO: [Pwropt 34-10] Applying ODC optimizations ...
INFO: [Timing 38-35] Done setting XDC timing constraints.
Running Vector-less Activity Propagation...

Finished Running Vector-less Activity Propagation


Starting PowerOpt Patch Enables Task
INFO: [Pwropt 34-162] WRITE_MODE attribute of 0 BRAM(s) out of a total of 6 has been updated to save power. Run report_power_opt to get a complete listing of the BRAMs updated.
INFO: [Pwropt 34-201] Structural ODC has moved 4 WE to EN ports
Number of BRAM Ports augmented: 3 newly gated: 4 Total Ports: 12
Ending PowerOpt Patch Enables Task | Checksum: 308490258

Time (s): cpu = 00:00:00.05 ; elapsed = 00:00:00.05 . Memory (MB): peak = 4073.496 ; gain = 0.000 ; free physical = 9414 ; free virtual = 18226
Ending Power Optimization Task | Checksum: 308490258

Time (s): cpu = 00:00:04 ; elapsed = 00:00:02 . Memory (MB): peak = 4073.496 ; gain = 431.465 ; free physical = 9414 ; free virtual = 18226

Starting Final Cleanup Task
Ending Final Cleanup Task | Checksum: 308490258

Time (s): cpu = 00:00:00 ; elapsed = 00:00:00.01 . Memory (MB): peak = 4073.496 ; gain = 0.000 ; free physical = 9414 ; free virtual = 18226

Starting Netlist Obfuscation Task
Netlist sorting complete. Time (s): cpu = 00:00:00.01 ; elapsed = 00:00:00.01 . Memory (MB): peak = 4073.496 ; gain = 0.000 ; free physical = 9414 ; free virtual = 18226
Ending Netlist Obfuscation Task | Checksum: 3815cba67

Time (s): cpu = 00:00:00.02 ; elapsed = 00:00:00.01 . Memory (MB): peak = 4073.496 ; gain = 0.000 ; free physical = 9414 ; free virtual = 18226
INFO: [Common 17-83] Releasing license: Implementation
56 Infos, 32 Warnings, 0 Critical Warnings and 0 Errors encountered.
opt_design completed successfully
opt_design: Time (s): cpu = 00:00:10 ; elapsed = 00:00:07 . Memory (MB): peak = 4073.496 ; gain = 554.289 ; free physical = 9414 ; free virtual = 18226
INFO: [Vivado 12-24828] Executing command : report_drc -file design_1_wrapper_drc_opted.rpt -pb design_1_wrapper_drc_opted.pb -rpx design_1_wrapper_drc_opted.rpx
Command: report_drc -file design_1_wrapper_drc_opted.rpt -pb design_1_wrapper_drc_opted.pb -rpx design_1_wrapper_drc_opted.rpx
INFO: [IP_Flow 19-1839] IP Catalog is up to date.
INFO: [Timing 38-35] Done setting XDC timing constraints.
WARNING: [Device 21-9073] RSS factor Speedmodel not found for intent code NODE_GLOBAL_VDISTR
WARNING: [Device 21-9073] RSS factor Speedmodel not found for intent code NODE_GLOBAL_VROUTE
WARNING: [Device 21-9073] RSS factor Speedmodel not found for intent code NODE_GLOBAL_HDISTR
WARNING: [Device 21-9073] RSS factor Speedmodel not found for intent code NODE_GLOBAL_HROUTE
WARNING: [Device 21-9073] RSS factor Speedmodel not found for intent code NODE_GLOBAL_BUFG
WARNING: [Device 21-9073] RSS factor Speedmodel not found for intent code NODE_GLOBAL_LEAF
INFO: [DRC 23-27] Running DRC with 8 threads
INFO: [Vivado_Tcl 2-168] The results of DRC are in file /data/devel/kria_mb/vivado/blink_mk_VIII/blink_mk_VII.runs/impl_1/design_1_wrapper_drc_opted.rpt.
report_drc completed successfully
report_drc: Time (s): cpu = 00:00:18 ; elapsed = 00:00:16 . Memory (MB): peak = 4636.570 ; gain = 563.074 ; free physical = 8827 ; free virtual = 17642
generate_parallel_reports: Time (s): cpu = 00:00:18 ; elapsed = 00:00:16 . Memory (MB): peak = 4636.570 ; gain = 563.074 ; free physical = 8827 ; free virtual = 17642
INFO: [Timing 38-480] Writing timing data to binary archive.
Wrote PlaceDB: Time (s): cpu = 00:00:00.01 ; elapsed = 00:00:00 . Memory (MB): peak = 4636.570 ; gain = 0.000 ; free physical = 8826 ; free virtual = 17642
Wrote PulsedLatchDB: Time (s): cpu = 00:00:00.01 ; elapsed = 00:00:00.01 . Memory (MB): peak = 4636.570 ; gain = 0.000 ; free physical = 8826 ; free virtual = 17641
Writing XDEF routing.
Write ShapeDB Complete: Time (s): cpu = 00:00:00.03 ; elapsed = 00:00:00.01 . Memory (MB): peak = 4636.570 ; gain = 0.000 ; free physical = 8826 ; free virtual = 17641
Writing XDEF routing logical nets.
Writing XDEF routing special nets.
Wrote RouteStorage: Time (s): cpu = 00:00:00.19 ; elapsed = 00:00:00.05 . Memory (MB): peak = 4636.570 ; gain = 0.000 ; free physical = 8826 ; free virtual = 17642
Wrote Netlist Cache: Time (s): cpu = 00:00:00 ; elapsed = 00:00:00 . Memory (MB): peak = 4636.570 ; gain = 0.000 ; free physical = 8826 ; free virtual = 17642
Wrote Device Cache: Time (s): cpu = 00:00:00.05 ; elapsed = 00:00:00.01 . Memory (MB): peak = 4636.570 ; gain = 0.000 ; free physical = 8826 ; free virtual = 17642
Write Physdb Complete: Time (s): cpu = 00:00:00.28 ; elapsed = 00:00:00.08 . Memory (MB): peak = 4636.570 ; gain = 0.000 ; free physical = 8826 ; free virtual = 17642
INFO: [Common 17-1381] The checkpoint '/data/devel/kria_mb/vivado/blink_mk_VIII/blink_mk_VII.runs/impl_1/design_1_wrapper_opt.dcp' has been generated.
Command: place_design
Attempting to get a license for feature 'Implementation' and/or device 'xck26'
INFO: [Common 17-349] Got license for feature 'Implementation' and/or device 'xck26'
INFO: [Common 17-83] Releasing license: Implementation
INFO: [DRC 23-27] Running DRC with 8 threads
INFO: [Vivado_Tcl 4-198] DRC finished with 0 Errors
INFO: [Vivado_Tcl 4-199] Please refer to the DRC report (report_drc) for more information.
Running DRC as a precondition to command place_design
INFO: [DRC 23-27] Running DRC with 8 threads
INFO: [Vivado_Tcl 4-198] DRC finished with 0 Errors
INFO: [Vivado_Tcl 4-199] Please refer to the DRC report (report_drc) for more information.
INFO: [Place 30-611] Multithreading enabled for place_design using a maximum of 8 CPUs

Starting Placer Task

Phase 1 Placer Initialization

Phase 1.1 Placer Initialization Netlist Sorting
Netlist sorting complete. Time (s): cpu = 00:00:00 ; elapsed = 00:00:00 . Memory (MB): peak = 4636.570 ; gain = 0.000 ; free physical = 8826 ; free virtual = 17643
Phase 1.1 Placer Initialization Netlist Sorting | Checksum: 28b854323

Time (s): cpu = 00:00:00.01 ; elapsed = 00:00:00.01 . Memory (MB): peak = 4636.570 ; gain = 0.000 ; free physical = 8826 ; free virtual = 17643
Netlist sorting complete. Time (s): cpu = 00:00:00 ; elapsed = 00:00:00 . Memory (MB): peak = 4636.570 ; gain = 0.000 ; free physical = 8826 ; free virtual = 17643

Phase 1.2 IO Placement/ Clock Placement/ Build Placer Device
Phase 1.2 IO Placement/ Clock Placement/ Build Placer Device | Checksum: 25a1e37bf

Time (s): cpu = 00:00:00.82 ; elapsed = 00:00:00.6 . Memory (MB): peak = 4636.570 ; gain = 0.000 ; free physical = 8822 ; free virtual = 17641

Phase 1.3 Build Placer Netlist Model
Phase 1.3 Build Placer Netlist Model | Checksum: 308d8329c

Time (s): cpu = 00:00:03 ; elapsed = 00:00:02 . Memory (MB): peak = 4636.570 ; gain = 0.000 ; free physical = 8817 ; free virtual = 17639

Phase 1.4 Constrain Clocks/Macros
Phase 1.4 Constrain Clocks/Macros | Checksum: 308d8329c

Time (s): cpu = 00:00:03 ; elapsed = 00:00:02 . Memory (MB): peak = 4636.570 ; gain = 0.000 ; free physical = 8817 ; free virtual = 17639
Phase 1 Placer Initialization | Checksum: 308d8329c

Time (s): cpu = 00:00:03 ; elapsed = 00:00:02 . Memory (MB): peak = 4636.570 ; gain = 0.000 ; free physical = 8817 ; free virtual = 17639

Phase 2 Global Placement

Phase 2.1 Floorplanning

Phase 2.1.1 Partition Driven Placement

Phase 2.1.1.1 PBP: Partition Driven Placement
Phase 2.1.1.1 PBP: Partition Driven Placement | Checksum: 270808ee7

Time (s): cpu = 00:00:05 ; elapsed = 00:00:03 . Memory (MB): peak = 4636.570 ; gain = 0.000 ; free physical = 8814 ; free virtual = 17639

Phase 2.1.1.2 PBP: Clock Region Placement
INFO: [Place 30-3162] Check ILP status : ILP-based clock placer completed successfully.
Phase 2.1.1.2 PBP: Clock Region Placement | Checksum: 270808ee7

Time (s): cpu = 00:00:05 ; elapsed = 00:00:03 . Memory (MB): peak = 4636.570 ; gain = 0.000 ; free physical = 8812 ; free virtual = 17636

Phase 2.1.1.3 PBP: Compute Congestion
Phase 2.1.1.3 PBP: Compute Congestion | Checksum: 270808ee7

Time (s): cpu = 00:00:14 ; elapsed = 00:00:06 . Memory (MB): peak = 4834.551 ; gain = 197.980 ; free physical = 8465 ; free virtual = 17292

Phase 2.1.1.4 PBP: UpdateTiming
Phase 2.1.1.4 PBP: UpdateTiming | Checksum: 307c0367e

Time (s): cpu = 00:00:15 ; elapsed = 00:00:06 . Memory (MB): peak = 4866.566 ; gain = 229.996 ; free physical = 8465 ; free virtual = 17292

Phase 2.1.1.5 PBP: Add part constraints
Phase 2.1.1.5 PBP: Add part constraints | Checksum: 307c0367e

Time (s): cpu = 00:00:15 ; elapsed = 00:00:06 . Memory (MB): peak = 4866.566 ; gain = 229.996 ; free physical = 8465 ; free virtual = 17292
Phase 2.1.1 Partition Driven Placement | Checksum: 307c0367e

Time (s): cpu = 00:00:15 ; elapsed = 00:00:06 . Memory (MB): peak = 4866.566 ; gain = 229.996 ; free physical = 8465 ; free virtual = 17292
Phase 2.1 Floorplanning | Checksum: 276f05ba9

Time (s): cpu = 00:00:15 ; elapsed = 00:00:06 . Memory (MB): peak = 4866.566 ; gain = 229.996 ; free physical = 8465 ; free virtual = 17292

Phase 2.2 Update Timing before SLR Path Opt
Phase 2.2 Update Timing before SLR Path Opt | Checksum: 276f05ba9

Time (s): cpu = 00:00:15 ; elapsed = 00:00:06 . Memory (MB): peak = 4866.566 ; gain = 229.996 ; free physical = 8465 ; free virtual = 17292

Phase 2.3 Post-Processing in Floorplanning
Phase 2.3 Post-Processing in Floorplanning | Checksum: 276f05ba9

Time (s): cpu = 00:00:15 ; elapsed = 00:00:06 . Memory (MB): peak = 4866.566 ; gain = 229.996 ; free physical = 8465 ; free virtual = 17292

Phase 2.4 Global Placement Core

Phase 2.4.1 UpdateTiming Before Physical Synthesis
Phase 2.4.1 UpdateTiming Before Physical Synthesis | Checksum: 2e6d57414

Time (s): cpu = 00:00:29 ; elapsed = 00:00:12 . Memory (MB): peak = 4918.574 ; gain = 282.004 ; free physical = 8421 ; free virtual = 17249

Phase 2.4.2 Physical Synthesis In Placer
INFO: [Physopt 32-1035] Found 0 LUTNM shape to break, 179 LUT instances to create LUTNM shape
INFO: [Physopt 32-1044] Break lutnm for timing: one critical 0, two critical 0, total 0, new lutff created 0
INFO: [Physopt 32-1138] End 1 Pass. Optimized 64 nets or LUTs. Breaked 0 LUT, combined 64 existing LUTs and moved 0 existing LUT
INFO: [Physopt 32-1030] Pass 1. Identified 1 candidate driver set for equivalent driver rewiring.
INFO: [Physopt 32-661] Optimized 1 net.  Re-placed 6 instances.
INFO: [Physopt 32-775] End 1 Pass. Optimized 1 net or cell. Created 0 new cell, deleted 0 existing cell and moved 6 existing cells
Netlist sorting complete. Time (s): cpu = 00:00:00.03 ; elapsed = 00:00:00.03 . Memory (MB): peak = 4918.574 ; gain = 0.000 ; free physical = 8419 ; free virtual = 17249
INFO: [Physopt 32-65] No nets found for high-fanout optimization.
INFO: [Physopt 32-232] Optimized 0 net. Created 0 new instance.
INFO: [Physopt 32-775] End 1 Pass. Optimized 0 net or cell. Created 0 new cell, deleted 0 existing cell and moved 0 existing cell
INFO: [Physopt 32-670] No setup violation found.  DSP Register Optimization was not performed.
INFO: [Physopt 32-670] No setup violation found.  Shift Register to Pipeline Optimization was not performed.
INFO: [Physopt 32-670] No setup violation found.  Shift Register Optimization was not performed.
INFO: [Physopt 32-670] No setup violation found.  BRAM Register Optimization was not performed.
INFO: [Physopt 32-670] No setup violation found.  URAM Register Optimization was not performed.
INFO: [Physopt 32-949] No candidate nets found for dynamic/static region interface net replication
INFO: [Physopt 32-775] End 1 Pass. Optimized 0 net or cell. Created 0 new cell, deleted 0 existing cell and moved 0 existing cell
Netlist sorting complete. Time (s): cpu = 00:00:00 ; elapsed = 00:00:00.01 . Memory (MB): peak = 4918.574 ; gain = 0.000 ; free physical = 8419 ; free virtual = 17248

Summary of Physical Synthesis Optimizations
============================================


-----------------------------------------------------------------------------------------------------------------------------------------------------------
|  Optimization                                     |  Added Cells  |  Removed Cells  |  Optimized Cells/Nets  |  Dont Touch  |  Iterations  |  Elapsed   |
-----------------------------------------------------------------------------------------------------------------------------------------------------------
|  LUT Combining                                    |            0  |             64  |                    64  |           0  |           1  |  00:00:00  |
|  Retime                                           |            0  |              0  |                     0  |           0  |           1  |  00:00:00  |
|  Equivalent Driver Rewiring                       |            0  |              0  |                     1  |           0  |           1  |  00:00:00  |
|  Very High Fanout                                 |            0  |              0  |                     0  |           0  |           1  |  00:00:00  |
|  DSP Register                                     |            0  |              0  |                     0  |           0  |           0  |  00:00:00  |
|  Shift Register to Pipeline                       |            0  |              0  |                     0  |           0  |           0  |  00:00:00  |
|  Shift Register                                   |            0  |              0  |                     0  |           0  |           0  |  00:00:00  |
|  BRAM Register                                    |            0  |              0  |                     0  |           0  |           0  |  00:00:00  |
|  URAM Register                                    |            0  |              0  |                     0  |           0  |           0  |  00:00:00  |
|  Dynamic/Static Region Interface Net Replication  |            0  |              0  |                     0  |           0  |           1  |  00:00:00  |
|  Total                                            |            0  |             64  |                    65  |           0  |           5  |  00:00:00  |
-----------------------------------------------------------------------------------------------------------------------------------------------------------


Phase 2.4.2 Physical Synthesis In Placer | Checksum: 23cf1c473

Time (s): cpu = 00:00:30 ; elapsed = 00:00:13 . Memory (MB): peak = 4918.574 ; gain = 282.004 ; free physical = 8419 ; free virtual = 17248
Phase 2.4 Global Placement Core | Checksum: 2c5b26e16

Time (s): cpu = 00:00:39 ; elapsed = 00:00:16 . Memory (MB): peak = 4918.574 ; gain = 282.004 ; free physical = 8418 ; free virtual = 17248
Phase 2 Global Placement | Checksum: 2c5b26e16

Time (s): cpu = 00:00:39 ; elapsed = 00:00:16 . Memory (MB): peak = 4918.574 ; gain = 282.004 ; free physical = 8418 ; free virtual = 17248

Phase 3 Detail Placement

Phase 3.1 Commit Multi Column Macros
Phase 3.1 Commit Multi Column Macros | Checksum: 225fa3dd2

Time (s): cpu = 00:00:48 ; elapsed = 00:00:20 . Memory (MB): peak = 4918.574 ; gain = 282.004 ; free physical = 8382 ; free virtual = 17214

Phase 3.2 Commit Most Macros & LUTRAMs
Phase 3.2 Commit Most Macros & LUTRAMs | Checksum: 2daac6ffe

Time (s): cpu = 00:00:49 ; elapsed = 00:00:20 . Memory (MB): peak = 4918.574 ; gain = 282.004 ; free physical = 8381 ; free virtual = 17213

Phase 3.3 Small Shape DP

Phase 3.3.1 Small Shape Clustering
Phase 3.3.1 Small Shape Clustering | Checksum: 2613408ba

Time (s): cpu = 00:00:58 ; elapsed = 00:00:23 . Memory (MB): peak = 4918.574 ; gain = 282.004 ; free physical = 8378 ; free virtual = 17211

Phase 3.3.2 Slice Area Swap

Phase 3.3.2.1 Slice Area Swap Initial
Phase 3.3.2.1 Slice Area Swap Initial | Checksum: 2deec2dcb

Time (s): cpu = 00:00:59 ; elapsed = 00:00:24 . Memory (MB): peak = 4918.574 ; gain = 282.004 ; free physical = 8368 ; free virtual = 17209
Phase 3.3.2 Slice Area Swap | Checksum: 2deec2dcb

Time (s): cpu = 00:00:59 ; elapsed = 00:00:24 . Memory (MB): peak = 4918.574 ; gain = 282.004 ; free physical = 8368 ; free virtual = 17209
Phase 3.3 Small Shape DP | Checksum: 1fcf64a60

Time (s): cpu = 00:01:00 ; elapsed = 00:00:24 . Memory (MB): peak = 4918.574 ; gain = 282.004 ; free physical = 8368 ; free virtual = 17209

Phase 3.4 Re-assign LUT pins
Phase 3.4 Re-assign LUT pins | Checksum: 1c9ae26a0

Time (s): cpu = 00:01:00 ; elapsed = 00:00:24 . Memory (MB): peak = 4918.574 ; gain = 282.004 ; free physical = 8367 ; free virtual = 17209

Phase 3.5 Pipeline Register Optimization
Phase 3.5 Pipeline Register Optimization | Checksum: 1c183a068

Time (s): cpu = 00:01:00 ; elapsed = 00:00:24 . Memory (MB): peak = 4918.574 ; gain = 282.004 ; free physical = 8367 ; free virtual = 17209
Phase 3 Detail Placement | Checksum: 1c183a068

Time (s): cpu = 00:01:00 ; elapsed = 00:00:24 . Memory (MB): peak = 4918.574 ; gain = 282.004 ; free physical = 8367 ; free virtual = 17209

Phase 4 Post Placement Optimization and Clean-Up

Phase 4.1 Post Commit Optimization
INFO: [Timing 38-35] Done setting XDC timing constraints.

Phase 4.1.1 Post Placement Optimization
Post Placement Optimization Initialization | Checksum: 165edd8b4

Phase 4.1.1.1 BUFG Insertion

Starting Physical Synthesis Task

Phase 1 Physical Synthesis Initialization
INFO: [Physopt 32-721] Multithreading enabled for phys_opt_design using a maximum of 8 CPUs
INFO: [Physopt 32-619] Estimated Timing Summary | WNS=4.805 | TNS=0.000 |
Phase 1 Physical Synthesis Initialization | Checksum: deef89a5

Time (s): cpu = 00:00:00.22 ; elapsed = 00:00:00.09 . Memory (MB): peak = 4918.574 ; gain = 0.000 ; free physical = 8368 ; free virtual = 17209
INFO: [Place 46-56] BUFG insertion identified 0 candidate nets. Inserted BUFG: 0, Replicated BUFG Driver: 0, Skipped due to Placement/Routing Conflicts: 0, Skipped due to Timing Degradation: 0, Skipped due to netlist editing failed: 0.
Ending Physical Synthesis Task | Checksum: 11a95763a

Time (s): cpu = 00:00:00.26 ; elapsed = 00:00:00.14 . Memory (MB): peak = 4918.574 ; gain = 0.000 ; free physical = 8368 ; free virtual = 17209
Phase 4.1.1.1 BUFG Insertion | Checksum: 165edd8b4

Time (s): cpu = 00:01:13 ; elapsed = 00:00:29 . Memory (MB): peak = 4918.574 ; gain = 282.004 ; free physical = 8368 ; free virtual = 17209

Phase 4.1.1.2 Post Placement Timing Optimization
INFO: [Place 30-746] Post Placement Timing Summary WNS=4.805. For the most accurate timing information please run report_timing.
Phase 4.1.1.2 Post Placement Timing Optimization | Checksum: 1ce5dd4a0

Time (s): cpu = 00:01:13 ; elapsed = 00:00:29 . Memory (MB): peak = 4918.574 ; gain = 282.004 ; free physical = 8368 ; free virtual = 17209

Time (s): cpu = 00:01:13 ; elapsed = 00:00:29 . Memory (MB): peak = 4918.574 ; gain = 282.004 ; free physical = 8368 ; free virtual = 17209
Phase 4.1 Post Commit Optimization | Checksum: 1ce5dd4a0

Time (s): cpu = 00:01:13 ; elapsed = 00:00:29 . Memory (MB): peak = 4918.574 ; gain = 282.004 ; free physical = 8368 ; free virtual = 17209
Netlist sorting complete. Time (s): cpu = 00:00:00 ; elapsed = 00:00:00 . Memory (MB): peak = 4926.551 ; gain = 0.000 ; free physical = 8315 ; free virtual = 17158

Phase 4.2 Post Placement Cleanup
Phase 4.2 Post Placement Cleanup | Checksum: 1e97936d4

Time (s): cpu = 00:01:25 ; elapsed = 00:00:34 . Memory (MB): peak = 4926.551 ; gain = 289.980 ; free physical = 8315 ; free virtual = 17157

Phase 4.3 Placer Reporting

Phase 4.3.1 Print Estimated Congestion
INFO: [Place 30-612] Post-Placement Estimated Congestion 
 ________________________________________________________________________
|           | Global Congestion | Long Congestion   | Short Congestion  |
| Direction | Region Size       | Region Size       | Region Size       |
|___________|___________________|___________________|___________________|
|      North|                1x1|                1x1|                1x1|
|___________|___________________|___________________|___________________|
|      South|                1x1|                1x1|                1x1|
|___________|___________________|___________________|___________________|
|       East|                1x1|                1x1|                1x1|
|___________|___________________|___________________|___________________|
|       West|                1x1|                1x1|                1x1|
|___________|___________________|___________________|___________________|

Phase 4.3.1 Print Estimated Congestion | Checksum: 1e97936d4

Time (s): cpu = 00:01:25 ; elapsed = 00:00:34 . Memory (MB): peak = 4926.551 ; gain = 289.980 ; free physical = 8315 ; free virtual = 17157
Phase 4.3 Placer Reporting | Checksum: 1e97936d4

Time (s): cpu = 00:01:25 ; elapsed = 00:00:34 . Memory (MB): peak = 4926.551 ; gain = 289.980 ; free physical = 8315 ; free virtual = 17157

Phase 4.4 Final Placement Cleanup
Netlist sorting complete. Time (s): cpu = 00:00:00 ; elapsed = 00:00:00 . Memory (MB): peak = 4926.551 ; gain = 0.000 ; free physical = 8315 ; free virtual = 17157

Time (s): cpu = 00:01:25 ; elapsed = 00:00:34 . Memory (MB): peak = 4926.551 ; gain = 289.980 ; free physical = 8315 ; free virtual = 17157
Phase 4 Post Placement Optimization and Clean-Up | Checksum: 29212d4eb

Time (s): cpu = 00:01:25 ; elapsed = 00:00:34 . Memory (MB): peak = 4926.551 ; gain = 289.980 ; free physical = 8315 ; free virtual = 17157
Ending Placer Task | Checksum: 1989bf916

Time (s): cpu = 00:01:25 ; elapsed = 00:00:34 . Memory (MB): peak = 4926.551 ; gain = 289.980 ; free physical = 8315 ; free virtual = 17157
95 Infos, 38 Warnings, 0 Critical Warnings and 0 Errors encountered.
place_design completed successfully
place_design: Time (s): cpu = 00:01:29 ; elapsed = 00:00:36 . Memory (MB): peak = 4926.551 ; gain = 289.980 ; free physical = 8315 ; free virtual = 17157
INFO: [Vivado 12-24838] Running report commands "report_control_sets, report_io, report_utilization" in parallel.
Running report generation with 3 threads.
INFO: [Vivado 12-24828] Executing command : report_control_sets -verbose -file design_1_wrapper_control_sets_placed.rpt
report_control_sets: Time (s): cpu = 00:00:00.07 ; elapsed = 00:00:00.02 . Memory (MB): peak = 4926.551 ; gain = 0.000 ; free physical = 8315 ; free virtual = 17157
INFO: [Vivado 12-24828] Executing command : report_utilization -file design_1_wrapper_utilization_placed.rpt -pb design_1_wrapper_utilization_placed.pb
INFO: [Vivado 12-24828] Executing command : report_io -file design_1_wrapper_io_placed.rpt
report_io: Time (s): cpu = 00:00:00.23 ; elapsed = 00:00:00.12 . Memory (MB): peak = 4926.551 ; gain = 0.000 ; free physical = 8314 ; free virtual = 17157
INFO: [Timing 38-480] Writing timing data to binary archive.
Write ShapeDB Complete: Time (s): cpu = 00:00:00.06 ; elapsed = 00:00:00.02 . Memory (MB): peak = 4926.551 ; gain = 0.000 ; free physical = 8314 ; free virtual = 17157
Wrote PlaceDB: Time (s): cpu = 00:00:00.82 ; elapsed = 00:00:00.27 . Memory (MB): peak = 4926.551 ; gain = 0.000 ; free physical = 8314 ; free virtual = 17157
Wrote PulsedLatchDB: Time (s): cpu = 00:00:00 ; elapsed = 00:00:00 . Memory (MB): peak = 4926.551 ; gain = 0.000 ; free physical = 8314 ; free virtual = 17157
Writing XDEF routing.
Writing XDEF routing logical nets.
Writing XDEF routing special nets.
Wrote RouteStorage: Time (s): cpu = 00:00:00.1 ; elapsed = 00:00:00.05 . Memory (MB): peak = 4926.551 ; gain = 0.000 ; free physical = 8314 ; free virtual = 17157
Wrote Netlist Cache: Time (s): cpu = 00:00:00.01 ; elapsed = 00:00:00 . Memory (MB): peak = 4926.551 ; gain = 0.000 ; free physical = 8314 ; free virtual = 17157
Wrote Device Cache: Time (s): cpu = 00:00:00.03 ; elapsed = 00:00:00.02 . Memory (MB): peak = 4926.551 ; gain = 0.000 ; free physical = 8314 ; free virtual = 17157
Write Physdb Complete: Time (s): cpu = 00:00:00.98 ; elapsed = 00:00:00.35 . Memory (MB): peak = 4926.551 ; gain = 0.000 ; free physical = 8314 ; free virtual = 17157
INFO: [Common 17-1381] The checkpoint '/data/devel/kria_mb/vivado/blink_mk_VIII/blink_mk_VII.runs/impl_1/design_1_wrapper_placed.dcp' has been generated.
Command: phys_opt_design
Attempting to get a license for feature 'Implementation' and/or device 'xck26'
INFO: [Common 17-349] Got license for feature 'Implementation' and/or device 'xck26'

Starting Initial Update Timing Task

Time (s): cpu = 00:00:02 ; elapsed = 00:00:00.92 . Memory (MB): peak = 4950.562 ; gain = 0.000 ; free physical = 8314 ; free virtual = 17157
INFO: [Vivado_Tcl 4-2279] Estimated Timing Summary | WNS= 4.801 | TNS= 0.000 | 
INFO: [Vivado_Tcl 4-383] Design worst setup slack (WNS) is greater than or equal to 0.000 ns. All physical synthesis setup optimizations will be skipped.
INFO: [Vivado_Tcl 4-232] No setup violation found. The netlist was not modified.
INFO: [Common 17-83] Releasing license: Implementation
106 Infos, 38 Warnings, 0 Critical Warnings and 0 Errors encountered.
phys_opt_design completed successfully
INFO: [Timing 38-480] Writing timing data to binary archive.
Write ShapeDB Complete: Time (s): cpu = 00:00:00.05 ; elapsed = 00:00:00.01 . Memory (MB): peak = 4950.562 ; gain = 0.000 ; free physical = 8314 ; free virtual = 17157
Wrote PlaceDB: Time (s): cpu = 00:00:00.82 ; elapsed = 00:00:00.27 . Memory (MB): peak = 4950.562 ; gain = 0.000 ; free physical = 8314 ; free virtual = 17157
Wrote PulsedLatchDB: Time (s): cpu = 00:00:00.01 ; elapsed = 00:00:00 . Memory (MB): peak = 4950.562 ; gain = 0.000 ; free physical = 8314 ; free virtual = 17157
Writing XDEF routing.
Writing XDEF routing logical nets.
Writing XDEF routing special nets.
Wrote RouteStorage: Time (s): cpu = 00:00:00.08 ; elapsed = 00:00:00.05 . Memory (MB): peak = 4950.562 ; gain = 0.000 ; free physical = 8314 ; free virtual = 17157
Wrote Netlist Cache: Time (s): cpu = 00:00:00.02 ; elapsed = 00:00:00 . Memory (MB): peak = 4950.562 ; gain = 0.000 ; free physical = 8314 ; free virtual = 17157
Wrote Device Cache: Time (s): cpu = 00:00:00.03 ; elapsed = 00:00:00.02 . Memory (MB): peak = 4950.562 ; gain = 0.000 ; free physical = 8314 ; free virtual = 17157
Write Physdb Complete: Time (s): cpu = 00:00:00.97 ; elapsed = 00:00:00.35 . Memory (MB): peak = 4950.562 ; gain = 0.000 ; free physical = 8314 ; free virtual = 17157
INFO: [Common 17-1381] The checkpoint '/data/devel/kria_mb/vivado/blink_mk_VIII/blink_mk_VII.runs/impl_1/design_1_wrapper_physopt.dcp' has been generated.
Command: route_design
Attempting to get a license for feature 'Implementation' and/or device 'xck26'
INFO: [Common 17-349] Got license for feature 'Implementation' and/or device 'xck26'
Running DRC as a precondition to command route_design
INFO: [DRC 23-27] Running DRC with 8 threads
INFO: [Vivado_Tcl 4-198] DRC finished with 0 Errors
INFO: [Vivado_Tcl 4-199] Please refer to the DRC report (report_drc) for more information.


Starting Routing Task
INFO: [Route 35-254] Multithreading enabled for route_design using a maximum of 4 CPUs

Phase 1 Build RT Design
Checksum: PlaceDB: 6954632 ConstDB: 0 ShapeSum: b0d3ca64 RouteDB: e132e880
Nodegraph reading from file.  Time (s): cpu = 00:00:00.56 ; elapsed = 00:00:00.56 . Memory (MB): peak = 4958.566 ; gain = 0.000 ; free physical = 8313 ; free virtual = 17156
Post Restoration Checksum: NetGraph: 76ce0c37 | NumContArr: c825c0dc | Constraints: 84a2dd3c | Timing: c2a8fa9d
Phase 1 Build RT Design | Checksum: 2863fa4ec

Time (s): cpu = 00:00:06 ; elapsed = 00:00:03 . Memory (MB): peak = 4958.566 ; gain = 0.000 ; free physical = 8311 ; free virtual = 17155

Phase 2 Router Initialization

Phase 2.1 Fix Topology Constraints
Phase 2.1 Fix Topology Constraints | Checksum: 2863fa4ec

Time (s): cpu = 00:00:06 ; elapsed = 00:00:03 . Memory (MB): peak = 4958.566 ; gain = 0.000 ; free physical = 8310 ; free virtual = 17155

Phase 2.2 Pre Route Cleanup
Phase 2.2 Pre Route Cleanup | Checksum: 2863fa4ec

Time (s): cpu = 00:00:06 ; elapsed = 00:00:03 . Memory (MB): peak = 4958.566 ; gain = 0.000 ; free physical = 8310 ; free virtual = 17155

Phase 2.3 Global Clock Net Routing
 Number of Nodes with overlaps = 0
Phase 2.3 Global Clock Net Routing | Checksum: 2a9da33f1

Time (s): cpu = 00:00:06 ; elapsed = 00:00:04 . Memory (MB): peak = 4958.566 ; gain = 0.000 ; free physical = 8309 ; free virtual = 17154

Phase 2.4 Update Timing
Phase 2.4 Update Timing | Checksum: 1f75ade60

Time (s): cpu = 00:00:08 ; elapsed = 00:00:04 . Memory (MB): peak = 4958.566 ; gain = 0.000 ; free physical = 8308 ; free virtual = 17156
INFO: [Route 35-416] Intermediate Timing Summary | WNS=4.956  | TNS=0.000  | WHS=-0.075 | THS=-27.341|


Router Utilization Summary
  Global Vertical Routing Utilization    = 0 %
  Global Horizontal Routing Utilization  = 0 %
  Routable Net Status*
  *Does not include unroutable nets such as driverless and loadless.
  Run report_route_status for detailed report.
  Number of Failed Nets               = 6941
    (Failed Nets is the sum of unrouted and partially routed nets)
  Number of Unrouted Nets             = 5311
  Number of Partially Routed Nets     = 1630
  Number of Node Overlaps             = 0

Phase 2 Router Initialization | Checksum: 1fa790168

Time (s): cpu = 00:00:10 ; elapsed = 00:00:05 . Memory (MB): peak = 4958.566 ; gain = 0.000 ; free physical = 8308 ; free virtual = 17156

Phase 3 Global Routing
Phase 3 Global Routing | Checksum: 1fa790168

Time (s): cpu = 00:00:10 ; elapsed = 00:00:05 . Memory (MB): peak = 4958.566 ; gain = 0.000 ; free physical = 8308 ; free virtual = 17156

Phase 4 Initial Routing

Phase 4.1 Initial Net Routing Pass
Phase 4.1 Initial Net Routing Pass | Checksum: 1a412a169

Time (s): cpu = 00:00:12 ; elapsed = 00:00:06 . Memory (MB): peak = 4958.566 ; gain = 0.000 ; free physical = 8307 ; free virtual = 17156
Phase 4 Initial Routing | Checksum: 15052dada

Time (s): cpu = 00:00:12 ; elapsed = 00:00:06 . Memory (MB): peak = 4958.566 ; gain = 0.000 ; free physical = 8307 ; free virtual = 17156

Phase 5 Rip-up And Reroute

Phase 5.1 Global Iteration 0
 Number of Nodes with overlaps = 1577
 Number of Nodes with overlaps = 103
 Number of Nodes with overlaps = 5
 Number of Nodes with overlaps = 0
INFO: [Route 35-416] Intermediate Timing Summary | WNS=4.285  | TNS=0.000  | WHS=-0.046 | THS=-0.547 |

Phase 5.1 Global Iteration 0 | Checksum: 25d9d5df3

Time (s): cpu = 00:00:21 ; elapsed = 00:00:10 . Memory (MB): peak = 4958.566 ; gain = 0.000 ; free physical = 8307 ; free virtual = 17156

Phase 5.2 Global Iteration 1
 Number of Nodes with overlaps = 5
 Number of Nodes with overlaps = 0
INFO: [Route 35-416] Intermediate Timing Summary | WNS=4.285  | TNS=0.000  | WHS=N/A    | THS=N/A    |

Phase 5.2 Global Iteration 1 | Checksum: 1aa25ec89

Time (s): cpu = 00:00:22 ; elapsed = 00:00:10 . Memory (MB): peak = 4958.566 ; gain = 0.000 ; free physical = 8306 ; free virtual = 17156
Phase 5 Rip-up And Reroute | Checksum: 1aa25ec89

Time (s): cpu = 00:00:22 ; elapsed = 00:00:10 . Memory (MB): peak = 4958.566 ; gain = 0.000 ; free physical = 8306 ; free virtual = 17156

Phase 6 Delay and Skew Optimization

Phase 6.1 Delay CleanUp
Phase 6.1 Delay CleanUp | Checksum: 20f66e507

Time (s): cpu = 00:00:22 ; elapsed = 00:00:10 . Memory (MB): peak = 4958.566 ; gain = 0.000 ; free physical = 8306 ; free virtual = 17156

Phase 6.2 Clock Skew Optimization
Phase 6.2 Clock Skew Optimization | Checksum: 20f66e507

Time (s): cpu = 00:00:22 ; elapsed = 00:00:10 . Memory (MB): peak = 4958.566 ; gain = 0.000 ; free physical = 8306 ; free virtual = 17156
Phase 6 Delay and Skew Optimization | Checksum: 20f66e507

Time (s): cpu = 00:00:22 ; elapsed = 00:00:10 . Memory (MB): peak = 4958.566 ; gain = 0.000 ; free physical = 8306 ; free virtual = 17156

Phase 7 Post Hold Fix

Phase 7.1 Hold Fix Iter
INFO: [Route 35-416] Intermediate Timing Summary | WNS=4.285  | TNS=0.000  | WHS=0.013  | THS=0.000  |

Phase 7.1 Hold Fix Iter | Checksum: 129702996

Time (s): cpu = 00:00:23 ; elapsed = 00:00:11 . Memory (MB): peak = 4958.566 ; gain = 0.000 ; free physical = 8306 ; free virtual = 17156
Phase 7 Post Hold Fix | Checksum: 129702996

Time (s): cpu = 00:00:23 ; elapsed = 00:00:11 . Memory (MB): peak = 4958.566 ; gain = 0.000 ; free physical = 8306 ; free virtual = 17156

Phase 8 Route finalize

Router Utilization Summary
  Global Vertical Routing Utilization    = 0.569296 %
  Global Horizontal Routing Utilization  = 0.693202 %
  Routable Net Status*
  *Does not include unroutable nets such as driverless and loadless.
  Run report_route_status for detailed report.
  Number of Failed Nets               = 0
    (Failed Nets is the sum of unrouted and partially routed nets)
  Number of Unrouted Nets             = 0
  Number of Partially Routed Nets     = 0
  Number of Node Overlaps             = 0

Phase 8 Route finalize | Checksum: 129702996

Time (s): cpu = 00:00:24 ; elapsed = 00:00:11 . Memory (MB): peak = 4958.566 ; gain = 0.000 ; free physical = 8306 ; free virtual = 17156

Phase 9 Verifying routed nets

 Verification completed successfully
Phase 9 Verifying routed nets | Checksum: 129702996

Time (s): cpu = 00:00:24 ; elapsed = 00:00:11 . Memory (MB): peak = 4958.566 ; gain = 0.000 ; free physical = 8306 ; free virtual = 17156

Phase 10 Depositing Routes
Phase 10 Depositing Routes | Checksum: 129702996

Time (s): cpu = 00:00:24 ; elapsed = 00:00:11 . Memory (MB): peak = 4958.566 ; gain = 0.000 ; free physical = 8306 ; free virtual = 17155

Phase 11 Resolve XTalk
Phase 11 Resolve XTalk | Checksum: 129702996

Time (s): cpu = 00:00:24 ; elapsed = 00:00:11 . Memory (MB): peak = 4958.566 ; gain = 0.000 ; free physical = 8306 ; free virtual = 17155

Phase 12 Post Process Routing
Phase 12 Post Process Routing | Checksum: 129702996

Time (s): cpu = 00:00:24 ; elapsed = 00:00:11 . Memory (MB): peak = 4958.566 ; gain = 0.000 ; free physical = 8305 ; free virtual = 17156

Phase 13 Post Router Timing
INFO: [Route 35-57] Estimated Timing Summary | WNS=4.285  | TNS=0.000  | WHS=0.013  | THS=0.000  |

INFO: [Route 35-327] The final timing numbers are based on the router estimated timing analysis. For a complete and accurate timing signoff, please run report_timing_summary.
Phase 13 Post Router Timing | Checksum: 129702996

Time (s): cpu = 00:00:24 ; elapsed = 00:00:11 . Memory (MB): peak = 4958.566 ; gain = 0.000 ; free physical = 8305 ; free virtual = 17156
Total Elapsed time in route_design: 11.28 secs

Phase 14 Post-Route Event Processing
Phase 14 Post-Route Event Processing | Checksum: 2684827a5

Time (s): cpu = 00:00:24 ; elapsed = 00:00:11 . Memory (MB): peak = 4958.566 ; gain = 0.000 ; free physical = 8306 ; free virtual = 17156
INFO: [Route 35-16] Router Completed Successfully
Ending Routing Task | Checksum: 2684827a5

Time (s): cpu = 00:00:24 ; elapsed = 00:00:11 . Memory (MB): peak = 4958.566 ; gain = 0.000 ; free physical = 8306 ; free virtual = 17156

Routing Is Done.
INFO: [Common 17-83] Releasing license: Implementation
121 Infos, 38 Warnings, 0 Critical Warnings and 0 Errors encountered.
route_design completed successfully
route_design: Time (s): cpu = 00:00:27 ; elapsed = 00:00:13 . Memory (MB): peak = 4958.566 ; gain = 8.004 ; free physical = 8299 ; free virtual = 17149
INFO: [Vivado 12-24828] Executing command : report_drc -file design_1_wrapper_drc_routed.rpt -pb design_1_wrapper_drc_routed.pb -rpx design_1_wrapper_drc_routed.rpx
Command: report_drc -file design_1_wrapper_drc_routed.rpt -pb design_1_wrapper_drc_routed.pb -rpx design_1_wrapper_drc_routed.rpx
INFO: [IP_Flow 19-1839] IP Catalog is up to date.
INFO: [DRC 23-27] Running DRC with 8 threads
INFO: [Vivado_Tcl 2-168] The results of DRC are in file /data/devel/kria_mb/vivado/blink_mk_VIII/blink_mk_VII.runs/impl_1/design_1_wrapper_drc_routed.rpt.
report_drc completed successfully
INFO: [Vivado 12-24828] Executing command : report_methodology -file design_1_wrapper_methodology_drc_routed.rpt -pb design_1_wrapper_methodology_drc_routed.pb -rpx design_1_wrapper_methodology_drc_routed.rpx
Command: report_methodology -file design_1_wrapper_methodology_drc_routed.rpt -pb design_1_wrapper_methodology_drc_routed.pb -rpx design_1_wrapper_methodology_drc_routed.rpx
INFO: [Timing 38-35] Done setting XDC timing constraints.
INFO: [DRC 23-133] Running Methodology with 8 threads
INFO: [Vivado_Tcl 2-1520] The results of Report Methodology are in file /data/devel/kria_mb/vivado/blink_mk_VIII/blink_mk_VII.runs/impl_1/design_1_wrapper_methodology_drc_routed.rpt.
report_methodology completed successfully
INFO: [Vivado 12-24828] Executing command : report_timing_summary -max_paths 10 -report_unconstrained -file design_1_wrapper_timing_summary_routed.rpt -pb design_1_wrapper_timing_summary_routed.pb -rpx design_1_wrapper_timing_summary_routed.rpx -warn_on_violation 
INFO: [Timing 38-35] Done setting XDC timing constraints.
INFO: [Timing 38-91] UpdateTimingParams: Speed grade: -2LV, Temperature grade: C, Delay Type: min_max.
INFO: [Timing 38-191] Multithreading enabled for timing update using a maximum of 8 CPUs
INFO: [Vivado 12-24838] Running report commands "report_bus_skew, report_incremental_reuse, report_route_status" in parallel.
Running report generation with 3 threads.
INFO: [Vivado 12-24828] Executing command : report_incremental_reuse -file design_1_wrapper_incremental_reuse_routed.rpt
INFO: [Vivado_Tcl 4-1062] Incremental flow is disabled. No incremental reuse Info to report.
INFO: [Vivado 12-24828] Executing command : report_bus_skew -warn_on_violation -file design_1_wrapper_bus_skew_routed.rpt -pb design_1_wrapper_bus_skew_routed.pb -rpx design_1_wrapper_bus_skew_routed.rpx
INFO: [Timing 38-91] UpdateTimingParams: Speed grade: -2LV, Temperature grade: C, Delay Type: min_max.
INFO: [Timing 38-191] Multithreading enabled for timing update using a maximum of 8 CPUs
INFO: [Vivado 12-24828] Executing command : report_route_status -file design_1_wrapper_route_status.rpt -pb design_1_wrapper_route_status.pb
INFO: [Vivado 12-24828] Executing command : report_power -file design_1_wrapper_power_routed.rpt -pb design_1_wrapper_power_summary_routed.pb -rpx design_1_wrapper_power_routed.rpx
Command: report_power -file design_1_wrapper_power_routed.rpt -pb design_1_wrapper_power_summary_routed.pb -rpx design_1_wrapper_power_routed.rpx
Running Vector-less Activity Propagation...

Finished Running Vector-less Activity Propagation
141 Infos, 38 Warnings, 0 Critical Warnings and 0 Errors encountered.
report_power completed successfully
report_power: Time (s): cpu = 00:00:07 ; elapsed = 00:00:06 . Memory (MB): peak = 5014.594 ; gain = 0.000 ; free physical = 8297 ; free virtual = 17149
INFO: [Vivado 12-24828] Executing command : report_clock_utilization -file design_1_wrapper_clock_utilization_routed.rpt
WARNING: [Device 21-9320] Failed to find the Oracle tile group with name 'HSR_BOUNDARY_TOP'. This is required for Clock regions and Virtual grid.
WARNING: [Device 21-2174] Failed to initialize Virtual grid.
generate_parallel_reports: Time (s): cpu = 00:00:21 ; elapsed = 00:00:13 . Memory (MB): peak = 5014.594 ; gain = 56.027 ; free physical = 8296 ; free virtual = 17149
INFO: [Timing 38-480] Writing timing data to binary archive.
Write ShapeDB Complete: Time (s): cpu = 00:00:00.06 ; elapsed = 00:00:00.02 . Memory (MB): peak = 5014.594 ; gain = 0.000 ; free physical = 8296 ; free virtual = 17149
Wrote PlaceDB: Time (s): cpu = 00:00:00.83 ; elapsed = 00:00:00.27 . Memory (MB): peak = 5014.594 ; gain = 0.000 ; free physical = 8296 ; free virtual = 17149
Wrote PulsedLatchDB: Time (s): cpu = 00:00:00 ; elapsed = 00:00:00 . Memory (MB): peak = 5014.594 ; gain = 0.000 ; free physical = 8296 ; free virtual = 17149
Writing XDEF routing.
Writing XDEF routing logical nets.
Writing XDEF routing special nets.
Wrote RouteStorage: Time (s): cpu = 00:00:00.18 ; elapsed = 00:00:00.09 . Memory (MB): peak = 5014.594 ; gain = 0.000 ; free physical = 8296 ; free virtual = 17149
Wrote Netlist Cache: Time (s): cpu = 00:00:00.01 ; elapsed = 00:00:00 . Memory (MB): peak = 5014.594 ; gain = 0.000 ; free physical = 8296 ; free virtual = 17149
Wrote Device Cache: Time (s): cpu = 00:00:00.03 ; elapsed = 00:00:00.02 . Memory (MB): peak = 5014.594 ; gain = 0.000 ; free physical = 8296 ; free virtual = 17149
Write Physdb Complete: Time (s): cpu = 00:00:01 ; elapsed = 00:00:00.39 . Memory (MB): peak = 5014.594 ; gain = 0.000 ; free physical = 8296 ; free virtual = 17149
INFO: [Common 17-1381] The checkpoint '/data/devel/kria_mb/vivado/blink_mk_VIII/blink_mk_VII.runs/impl_1/design_1_wrapper_routed.dcp' has been generated.

WARNING::74 - Unsupported FPGA device name 'xck26-sfvc784-2LV-c'. Verify that the specified device is a valid customer supported device.
-p xck26-sfvc784-2LV-c
   ^

INFO: [Memdata 28-208] The XPM instance: <design_1_i/fifo_out/U0/COMP_IPIC2AXI_S/gtxd.COMP_TXD_FIFO/gfifo_gen.COMP_AXIS_FG_FIFO/COMP_FIFO/xpm_fifo_base_inst/gen_sdpram.xpm_memory_base_inst> is part of IP: <design_1_i/fifo_out>. This XPM instance will be excluded from the .mmi because updatemem is prohibited from making changes to an XPM that is part of an IP.
INFO: [Memdata 28-167] Found XPM memory block design_1_i/fifo_in/U0/COMP_IPIC2AXI_S/grxd.COMP_rx_len_fifo/xpm_fifo_base_inst/gen_sdpram.xpm_memory_base_inst with a P_MEMORY_PRIMITIVE property set to distributed. A value of block is required. You will not be able to use the updatemem program to update the bitstream with new data for the design_1_i/fifo_in/U0/COMP_IPIC2AXI_S/grxd.COMP_rx_len_fifo/xpm_fifo_base_inst/gen_sdpram.xpm_memory_base_inst block.
INFO: [Memdata 28-208] The XPM instance: <design_1_i/fifo_in/U0/COMP_IPIC2AXI_S/grxd.COMP_RX_FIFO/gfifo_gen.COMP_AXIS_FG_FIFO/COMP_FIFO/xpm_fifo_base_inst/gen_sdpram.xpm_memory_base_inst> is part of IP: <design_1_i/fifo_in>. This XPM instance will be excluded from the .mmi because updatemem is prohibited from making changes to an XPM that is part of an IP.
Command: write_bitstream -force design_1_wrapper.bit -bin_file
Attempting to get a license for feature 'Implementation' and/or device 'xck26'
INFO: [Common 17-349] Got license for feature 'Implementation' and/or device 'xck26'
Running DRC as a precondition to command write_bitstream
INFO: [IP_Flow 19-1839] IP Catalog is up to date.
INFO: [DRC 23-27] Running DRC with 8 threads
WARNING: [DRC PDCN-1569] LUT equation term check: Used physical LUT pin 'A1' of cell design_1_i/ps8_0_axi_periph/s00_couplers/auto_ds/inst/gen_downsizer.gen_simple_downsizer.axi_downsizer_inst/USE_WRITE.write_addr_inst/USE_B_CHANNEL.cmd_b_queue/inst/fifo_gen_inst/inst_fifo_gen/gconvfifo.rf/grf.rf/gntv_or_sync_fifo.gl0.rd/gr1.gr1_int.rfwft/gpregsm1.user_valid_i_1 (pin design_1_i/ps8_0_axi_periph/s00_couplers/auto_ds/inst/gen_downsizer.gen_simple_downsizer.axi_downsizer_inst/USE_WRITE.write_addr_inst/USE_B_CHANNEL.cmd_b_queue/inst/fifo_gen_inst/inst_fifo_gen/gconvfifo.rf/grf.rf/gntv_or_sync_fifo.gl0.rd/gr1.gr1_int.rfwft/gpregsm1.user_valid_i_1/I1) is not included in the LUT equation: 'O5=(A3)+((~A3)*(~A5)*A4)'. If this cell is a user instantiated LUT in the design, please remove connectivity to the pin or change the equation and/or INIT string of the LUT to prevent this issue. If the cell is inferred or IP created LUT, please regenerate the IP and/or resynthesize the design to attempt to correct the issue.
WARNING: [DRC PDCN-1569] LUT equation term check: Used physical LUT pin 'A1' of cell design_1_i/ps8_0_axi_periph/s00_couplers/auto_ds/inst/gen_downsizer.gen_simple_downsizer.axi_downsizer_inst/USE_WRITE.write_addr_inst/cmd_queue/inst/fifo_gen_inst/inst_fifo_gen/gconvfifo.rf/grf.rf/gntv_or_sync_fifo.gl0.rd/gr1.gr1_int.rfwft/gpregsm1.user_valid_i_1 (pin design_1_i/ps8_0_axi_periph/s00_couplers/auto_ds/inst/gen_downsizer.gen_simple_downsizer.axi_downsizer_inst/USE_WRITE.write_addr_inst/cmd_queue/inst/fifo_gen_inst/inst_fifo_gen/gconvfifo.rf/grf.rf/gntv_or_sync_fifo.gl0.rd/gr1.gr1_int.rfwft/gpregsm1.user_valid_i_1/I1) is not included in the LUT equation: 'O5=(A3)+((~A3)*(~A5)*A4)'. If this cell is a user instantiated LUT in the design, please remove connectivity to the pin or change the equation and/or INIT string of the LUT to prevent this issue. If the cell is inferred or IP created LUT, please regenerate the IP and/or resynthesize the design to attempt to correct the issue.
WARNING: [DRC PDCN-1569] LUT equation term check: Used physical LUT pin 'A1' of cell design_1_i/ps8_0_axi_periph/s01_couplers/auto_ds/inst/gen_downsizer.gen_simple_downsizer.axi_downsizer_inst/USE_WRITE.write_addr_inst/USE_B_CHANNEL.cmd_b_queue/inst/fifo_gen_inst/inst_fifo_gen/gconvfifo.rf/grf.rf/gntv_or_sync_fifo.gl0.rd/gr1.gr1_int.rfwft/gpregsm1.user_valid_i_1 (pin design_1_i/ps8_0_axi_periph/s01_couplers/auto_ds/inst/gen_downsizer.gen_simple_downsizer.axi_downsizer_inst/USE_WRITE.write_addr_inst/USE_B_CHANNEL.cmd_b_queue/inst/fifo_gen_inst/inst_fifo_gen/gconvfifo.rf/grf.rf/gntv_or_sync_fifo.gl0.rd/gr1.gr1_int.rfwft/gpregsm1.user_valid_i_1/I1) is not included in the LUT equation: 'O5=(A5)+((~A5)*(~A2)*A4)'. If this cell is a user instantiated LUT in the design, please remove connectivity to the pin or change the equation and/or INIT string of the LUT to prevent this issue. If the cell is inferred or IP created LUT, please regenerate the IP and/or resynthesize the design to attempt to correct the issue.
WARNING: [DRC PDCN-1569] LUT equation term check: Used physical LUT pin 'A1' of cell design_1_i/ps8_0_axi_periph/s01_couplers/auto_ds/inst/gen_downsizer.gen_simple_downsizer.axi_downsizer_inst/USE_WRITE.write_addr_inst/cmd_queue/inst/fifo_gen_inst/inst_fifo_gen/gconvfifo.rf/grf.rf/gntv_or_sync_fifo.gl0.rd/gr1.gr1_int.rfwft/gpregsm1.user_valid_i_1 (pin design_1_i/ps8_0_axi_periph/s01_couplers/auto_ds/inst/gen_downsizer.gen_simple_downsizer.axi_downsizer_inst/USE_WRITE.write_addr_inst/cmd_queue/inst/fifo_gen_inst/inst_fifo_gen/gconvfifo.rf/grf.rf/gntv_or_sync_fifo.gl0.rd/gr1.gr1_int.rfwft/gpregsm1.user_valid_i_1/I1) is not included in the LUT equation: 'O5=(A3)+((~A3)*(~A5)*A4)'. If this cell is a user instantiated LUT in the design, please remove connectivity to the pin or change the equation and/or INIT string of the LUT to prevent this issue. If the cell is inferred or IP created LUT, please regenerate the IP and/or resynthesize the design to attempt to correct the issue.
WARNING: [DRC PDCN-1569] LUT equation term check: Used physical LUT pin 'A2' of cell design_1_i/ps8_0_axi_periph/s00_couplers/auto_ds/inst/gen_downsizer.gen_simple_downsizer.axi_downsizer_inst/USE_READ.read_addr_inst/cmd_queue/inst/fifo_gen_inst/inst_fifo_gen/gconvfifo.rf/grf.rf/gntv_or_sync_fifo.gl0.rd/gr1.gr1_int.rfwft/gpregsm1.user_valid_i_1 (pin design_1_i/ps8_0_axi_periph/s00_couplers/auto_ds/inst/gen_downsizer.gen_simple_downsizer.axi_downsizer_inst/USE_READ.read_addr_inst/cmd_queue/inst/fifo_gen_inst/inst_fifo_gen/gconvfifo.rf/grf.rf/gntv_or_sync_fifo.gl0.rd/gr1.gr1_int.rfwft/gpregsm1.user_valid_i_1/I1) is not included in the LUT equation: 'O5=(A3)+((~A3)*(~A5)*A4)'. If this cell is a user instantiated LUT in the design, please remove connectivity to the pin or change the equation and/or INIT string of the LUT to prevent this issue. If the cell is inferred or IP created LUT, please regenerate the IP and/or resynthesize the design to attempt to correct the issue.
WARNING: [DRC PDCN-1569] LUT equation term check: Used physical LUT pin 'A2' of cell design_1_i/ps8_0_axi_periph/s01_couplers/auto_ds/inst/gen_downsizer.gen_simple_downsizer.axi_downsizer_inst/USE_READ.read_addr_inst/cmd_queue/inst/fifo_gen_inst/inst_fifo_gen/gconvfifo.rf/grf.rf/gntv_or_sync_fifo.gl0.rd/gr1.gr1_int.rfwft/gpregsm1.user_valid_i_1 (pin design_1_i/ps8_0_axi_periph/s01_couplers/auto_ds/inst/gen_downsizer.gen_simple_downsizer.axi_downsizer_inst/USE_READ.read_addr_inst/cmd_queue/inst/fifo_gen_inst/inst_fifo_gen/gconvfifo.rf/grf.rf/gntv_or_sync_fifo.gl0.rd/gr1.gr1_int.rfwft/gpregsm1.user_valid_i_1/I1) is not included in the LUT equation: 'O5=(A5)+((~A5)*(~A3)*A4)'. If this cell is a user instantiated LUT in the design, please remove connectivity to the pin or change the equation and/or INIT string of the LUT to prevent this issue. If the cell is inferred or IP created LUT, please regenerate the IP and/or resynthesize the design to attempt to correct the issue.
WARNING: [DRC RTSTAT-10] No routable loads: 66 net(s) have no routable loads. The problem bus(es) and/or net(s) are design_1_i/ps8_0_axi_periph/s01_couplers/auto_ds/inst/gen_downsizer.gen_simple_downsizer.axi_downsizer_inst/USE_WRITE.write_addr_inst/cmd_queue/inst/fifo_gen_inst/inst_fifo_gen/gconvfifo.rf/grf.rf/gntv_or_sync_fifo.gl0.rd/gr1.gr1_int.rfwft/aempty_fwft_i, design_1_i/ps8_0_axi_periph/s00_couplers/auto_ds/inst/gen_downsizer.gen_simple_downsizer.axi_downsizer_inst/USE_READ.read_addr_inst/cmd_queue/inst/fifo_gen_inst/inst_fifo_gen/gconvfifo.rf/grf.rf/gntv_or_sync_fifo.gl0.rd/gr1.gr1_int.rfwft/aempty_fwft_i, design_1_i/ps8_0_axi_periph/s00_couplers/auto_ds/inst/gen_downsizer.gen_simple_downsizer.axi_downsizer_inst/USE_WRITE.write_addr_inst/USE_B_CHANNEL.cmd_b_queue/inst/fifo_gen_inst/inst_fifo_gen/gconvfifo.rf/grf.rf/gntv_or_sync_fifo.gl0.rd/gr1.gr1_int.rfwft/aempty_fwft_i, design_1_i/ps8_0_axi_periph/s00_couplers/auto_ds/inst/gen_downsizer.gen_simple_downsizer.axi_downsizer_inst/USE_WRITE.write_addr_inst/cmd_queue/inst/fifo_gen_inst/inst_fifo_gen/gconvfifo.rf/grf.rf/gntv_or_sync_fifo.gl0.rd/gr1.gr1_int.rfwft/aempty_fwft_i, design_1_i/ps8_0_axi_periph/s01_couplers/auto_ds/inst/gen_downsizer.gen_simple_downsizer.axi_downsizer_inst/USE_READ.read_addr_inst/cmd_queue/inst/fifo_gen_inst/inst_fifo_gen/gconvfifo.rf/grf.rf/gntv_or_sync_fifo.gl0.rd/gr1.gr1_int.rfwft/aempty_fwft_i, design_1_i/ps8_0_axi_periph/s01_couplers/auto_ds/inst/gen_downsizer.gen_simple_downsizer.axi_downsizer_inst/USE_WRITE.write_addr_inst/USE_B_CHANNEL.cmd_b_queue/inst/fifo_gen_inst/inst_fifo_gen/gconvfifo.rf/grf.rf/gntv_or_sync_fifo.gl0.rd/gr1.gr1_int.rfwft/aempty_fwft_i, design_1_i/ps8_0_axi_periph/s00_couplers/auto_ds/inst/gen_downsizer.gen_simple_downsizer.axi_downsizer_inst/USE_WRITE.write_addr_inst/USE_B_CHANNEL.cmd_b_queue/inst/fifo_gen_inst/inst_fifo_gen/gconvfifo.rf/grf.rf/rstblk/ngwrdrst.grst.rd_rst_reg[2:0], design_1_i/ps8_0_axi_periph/s01_couplers/auto_ds/inst/gen_downsizer.gen_simple_downsizer.axi_downsizer_inst/USE_WRITE.write_addr_inst/cmd_queue/inst/fifo_gen_inst/inst_fifo_gen/gconvfifo.rf/grf.rf/rstblk/ngwrdrst.grst.rd_rst_reg[2:0], design_1_i/ps8_0_axi_periph/s00_couplers/auto_ds/inst/gen_downsizer.gen_simple_downsizer.axi_downsizer_inst/USE_WRITE.write_addr_inst/cmd_queue/inst/fifo_gen_inst/inst_fifo_gen/gconvfifo.rf/grf.rf/rstblk/ngwrdrst.grst.rd_rst_reg[2:0], design_1_i/ps8_0_axi_periph/s00_couplers/auto_ds/inst/gen_downsizer.gen_simple_downsizer.axi_downsizer_inst/USE_READ.read_addr_inst/cmd_queue/inst/fifo_gen_inst/inst_fifo_gen/gconvfifo.rf/grf.rf/rstblk/ngwrdrst.grst.rd_rst_reg[2:0], design_1_i/ps8_0_axi_periph/s01_couplers/auto_ds/inst/gen_downsizer.gen_simple_downsizer.axi_downsizer_inst/USE_WRITE.write_addr_inst/USE_B_CHANNEL.cmd_b_queue/inst/fifo_gen_inst/inst_fifo_gen/gconvfifo.rf/grf.rf/rstblk/ngwrdrst.grst.rd_rst_reg[2:0], design_1_i/ps8_0_axi_periph/s01_couplers/auto_ds/inst/gen_downsizer.gen_simple_downsizer.axi_downsizer_inst/USE_READ.read_addr_inst/cmd_queue/inst/fifo_gen_inst/inst_fifo_gen/gconvfifo.rf/grf.rf/rstblk/ngwrdrst.grst.rd_rst_reg[2:0], design_1_i/ps8_0_axi_periph/s01_couplers/auto_ds/inst/gen_downsizer.gen_simple_downsizer.axi_downsizer_inst/USE_WRITE.write_addr_inst/cmd_queue/inst/fifo_gen_inst/inst_fifo_gen/gconvfifo.rf/grf.rf/rstblk/ngwrdrst.grst.wr_rst_reg[2:0], design_1_i/ps8_0_axi_periph/s01_couplers/auto_ds/inst/gen_downsizer.gen_simple_downsizer.axi_downsizer_inst/USE_WRITE.write_addr_inst/USE_B_CHANNEL.cmd_b_queue/inst/fifo_gen_inst/inst_fifo_gen/gconvfifo.rf/grf.rf/rstblk/ngwrdrst.grst.wr_rst_reg[2:0], design_1_i/ps8_0_axi_periph/s00_couplers/auto_ds/inst/gen_downsizer.gen_simple_downsizer.axi_downsizer_inst/USE_WRITE.write_addr_inst/USE_B_CHANNEL.cmd_b_queue/inst/fifo_gen_inst/inst_fifo_gen/gconvfifo.rf/grf.rf/rstblk/ngwrdrst.grst.wr_rst_reg[2:0]... and (the first 15 of 42 listed).
INFO: [Vivado 12-3199] DRC finished with 0 Errors, 7 Warnings
INFO: [Vivado 12-3200] Please refer to the DRC report (report_drc) for more information.
INFO: [Designutils 20-2272] Running write_bitstream with 8 threads.
Loading data files...
Loading site data...
Loading route data...
Processing options...
Creating bitmap...
Creating bitstream...
Bitstream compression saved 40492800 bits.
Writing bitstream ./design_1_wrapper.bit...
Writing bitstream ./design_1_wrapper.bin...
INFO: [Vivado 12-1842] Bitgen Completed Successfully.
INFO: [Project 1-1876] WebTalk data collection is mandatory when using a ULT device. To see the specific WebTalk data collected for your design, open the usage_statistics_webtalk.html or usage_statistics_webtalk.xml file in the implementation directory.
INFO: [Common 17-83] Releasing license: Implementation
156 Infos, 47 Warnings, 0 Critical Warnings and 0 Errors encountered.
write_bitstream completed successfully
write_bitstream: Time (s): cpu = 00:00:20 ; elapsed = 00:00:26 . Memory (MB): peak = 5014.594 ; gain = 0.000 ; free physical = 8249 ; free virtual = 17105
INFO: [Common 17-206] Exiting Vivado at Thu Jun  5 10:32:17 2025...
