INFO: [VRFC 10-2263] Analyzing Verilog file "/data/devel/kria_mb/vivado/blink_mk_VIII/blink_mk_VII.srcs/sources_1/imports/doc/axi_cfg_register.v" into library xil_defaultlib
INFO: [VRFC 10-311] analyzing module axi_cfg_register
INFO: [VRFC 10-2263] Analyzing Verilog file "/data/devel/kria_mb/vivado/blink_mk_VIII/blink_mk_VII.ip_user_files/bd/design_1/ip/design_1_zynq_ultra_ps_e_0_0/sim/design_1_zynq_ultra_ps_e_0_0_vip_wrapper.v" into library xil_defaultlib
INFO: [VRFC 10-311] analyzing module design_1_zynq_ultra_ps_e_0_0
INFO: [VRFC 10-2263] Analyzing Verilog file "/data/devel/kria_mb/vivado/blink_mk_VIII/blink_mk_VII.ip_user_files/bd/design_1/ip/design_1_xlslice_0_0/sim/design_1_xlslice_0_0.v" into library xil_defaultlib
INFO: [VRFC 10-311] analyzing module design_1_xlslice_0_0
INFO: [VRFC 10-2263] Analyzing Verilog file "/data/devel/kria_mb/vivado/blink_mk_VIII/blink_mk_VII.ip_user_files/bd/design_1/ip/design_1_xbar_0/sim/design_1_xbar_0.v" into library xil_defaultlib
INFO: [VRFC 10-311] analyzing module design_1_xbar_0
INFO: [VRFC 10-2263] Analyzing Verilog file "/data/devel/kria_mb/vivado/blink_mk_VIII/blink_mk_VII.ip_user_files/bd/design_1/ip/design_1_clk_wiz_0_0/design_1_clk_wiz_0_0_clk_wiz.v" into library xil_defaultlib
INFO: [VRFC 10-311] analyzing module design_1_clk_wiz_0_0_clk_wiz
INFO: [VRFC 10-2263] Analyzing Verilog file "/data/devel/kria_mb/vivado/blink_mk_VIII/blink_mk_VII.ip_user_files/bd/design_1/ip/design_1_clk_wiz_0_0/design_1_clk_wiz_0_0.v" into library xil_defaultlib
INFO: [VRFC 10-311] analyzing module design_1_clk_wiz_0_0
INFO: [VRFC 10-2263] Analyzing Verilog file "/data/devel/kria_mb/vivado/blink_mk_VIII/blink_mk_VII.ip_user_files/bd/design_1/ip/design_1_auto_ds_0/sim/design_1_auto_ds_0.v" into library xil_defaultlib
INFO: [VRFC 10-311] analyzing module design_1_auto_ds_0
INFO: [VRFC 10-2263] Analyzing Verilog file "/data/devel/kria_mb/vivado/blink_mk_VIII/blink_mk_VII.ip_user_files/bd/design_1/ip/design_1_auto_pc_0/sim/design_1_auto_pc_0.v" into library xil_defaultlib
INFO: [VRFC 10-311] analyzing module design_1_auto_pc_0
INFO: [VRFC 10-2263] Analyzing Verilog file "/data/devel/kria_mb/vivado/blink_mk_VIII/blink_mk_VII.ip_user_files/bd/design_1/ip/design_1_auto_ds_1/sim/design_1_auto_ds_1.v" into library xil_defaultlib
INFO: [VRFC 10-311] analyzing module design_1_auto_ds_1
INFO: [VRFC 10-2263] Analyzing Verilog file "/data/devel/kria_mb/vivado/blink_mk_VIII/blink_mk_VII.ip_user_files/bd/design_1/ip/design_1_auto_pc_1/sim/design_1_auto_pc_1.v" into library xil_defaultlib
INFO: [VRFC 10-311] analyzing module design_1_auto_pc_1
INFO: [VRFC 10-2263] Analyzing Verilog file "/data/devel/kria_mb/vivado/blink_mk_VIII/blink_mk_VII.sim/sim_1/behav/xsim/glbl.v" into library xil_defaultlib
INFO: [VRFC 10-311] analyzing module glbl
