
*** Running vivado
    with args -log kria_starter_kit_wrapper.vds -m64 -product Vivado -mode batch -messageDb vivado.pb -notrace -source kria_starter_kit_wrapper.tcl



****** Vivado v2024.1 (64-bit)
  **** SW Build 5076996 on Wed May 22 18:37:14 MDT 2024
  **** IP Build 5075265 on Wed May 22 21:45:21 MDT 2024
  **** SharedData Build 5076995 on Wed May 22 18:29:18 MDT 2024
  **** Start of session at: Mon Apr 14 11:56:03 2025
    ** Copyright 1986-2022 Xilinx, Inc. All Rights Reserved.
    ** Copyright 2022-2024 Advanced Micro Devices, Inc. All Rights Reserved.

source kria_starter_kit_wrapper.tcl -notrace
INFO: [IP_Flow 19-234] Refreshing IP repositories
INFO: [IP_Flow 19-1704] No user IP repositories specified
INFO: [IP_Flow 19-2313] Loaded Vivado IP repository 'C:/Xilinx/Vivado/2024.1/data/ip'.
Command: read_checkpoint -auto_incremental -incremental C:/Users/bevilacqua/Documents/projects/KRIA-SK/code/nand_ps_mk_III/nand_ps_mk_III.srcs/utils_1/imports/synth_1/kria_starter_kit_wrapper.dcp
INFO: [Vivado 12-5825] Read reference checkpoint from C:/Users/bevilacqua/Documents/projects/KRIA-SK/code/nand_ps_mk_III/nand_ps_mk_III.srcs/utils_1/imports/synth_1/kria_starter_kit_wrapper.dcp for incremental synthesis
INFO: [Vivado 12-7989] Please ensure there are no constraint changes
Command: synth_design -top kria_starter_kit_wrapper__STRUCTURE -part xck26-sfvc784-2LV-c
Starting synth_design
Attempting to get a license for feature 'Synthesis' and/or device 'xck26'
INFO: [Common 17-349] Got license for feature 'Synthesis' and/or device 'xck26'
INFO: [Device 21-403] Loading part xck26-sfvc784-2LV-c
INFO: [Synth 8-7079] Multithreading enabled for synth_design using a maximum of 2 processes.
INFO: [Synth 8-7078] Launching helper process for spawning children vivado processes
INFO: [Synth 8-7075] Helper process launched with PID 11364
---------------------------------------------------------------------------------
Starting RTL Elaboration : Time (s): cpu = 00:00:04 ; elapsed = 00:00:04 . Memory (MB): peak = 1980.906 ; gain = 396.027
---------------------------------------------------------------------------------
INFO: [Synth 8-638] synthesizing module 'kria_starter_kit_wrapper' [C:/Users/bevilacqua/Documents/projects/KRIA-SK/code/nand_ps_mk_III/nand_ps_mk_III.gen/sources_1/bd/kria_starter_kit/hdl/kria_starter_kit_wrapper.vhd:24]
INFO: [Synth 8-3491] module 'kria_starter_kit' declared at 'c:/Users/bevilacqua/Documents/projects/KRIA-SK/code/nand_ps_mk_III/nand_ps_mk_III.gen/sources_1/bd/kria_starter_kit/synth/kria_starter_kit.vhd:15' bound to instance 'kria_starter_kit_i' of component 'kria_starter_kit' [C:/Users/bevilacqua/Documents/projects/KRIA-SK/code/nand_ps_mk_III/nand_ps_mk_III.gen/sources_1/bd/kria_starter_kit/hdl/kria_starter_kit_wrapper.vhd:34]
INFO: [Synth 8-638] synthesizing module 'kria_starter_kit' [c:/Users/bevilacqua/Documents/projects/KRIA-SK/code/nand_ps_mk_III/nand_ps_mk_III.gen/sources_1/bd/kria_starter_kit/synth/kria_starter_kit.vhd:28]
INFO: [Synth 8-3491] module 'kria_starter_kit_ila_0_0' declared at 'C:/Users/bevilacqua/Documents/projects/KRIA-SK/code/nand_ps_mk_III/nand_ps_mk_III.runs/synth_1/.Xil/Vivado-24572-win1217/realtime/kria_starter_kit_ila_0_0_stub.vhdl:6' bound to instance 'ila_0' of component 'kria_starter_kit_ila_0_0' [c:/Users/bevilacqua/Documents/projects/KRIA-SK/code/nand_ps_mk_III/nand_ps_mk_III.gen/sources_1/bd/kria_starter_kit/synth/kria_starter_kit.vhd:74]
INFO: [Synth 8-638] synthesizing module 'kria_starter_kit_ila_0_0' [C:/Users/bevilacqua/Documents/projects/KRIA-SK/code/nand_ps_mk_III/nand_ps_mk_III.runs/synth_1/.Xil/Vivado-24572-win1217/realtime/kria_starter_kit_ila_0_0_stub.vhdl:16]
INFO: [Synth 8-3491] module 'kria_starter_kit_nand_gate_0_0' declared at 'C:/Users/bevilacqua/Documents/projects/KRIA-SK/code/nand_ps_mk_III/nand_ps_mk_III.runs/synth_1/.Xil/Vivado-24572-win1217/realtime/kria_starter_kit_nand_gate_0_0_stub.vhdl:6' bound to instance 'nand_gate_0' of component 'kria_starter_kit_nand_gate_0_0' [c:/Users/bevilacqua/Documents/projects/KRIA-SK/code/nand_ps_mk_III/nand_ps_mk_III.gen/sources_1/bd/kria_starter_kit/synth/kria_starter_kit.vhd:81]
INFO: [Synth 8-638] synthesizing module 'kria_starter_kit_nand_gate_0_0' [C:/Users/bevilacqua/Documents/projects/KRIA-SK/code/nand_ps_mk_III/nand_ps_mk_III.runs/synth_1/.Xil/Vivado-24572-win1217/realtime/kria_starter_kit_nand_gate_0_0_stub.vhdl:15]
INFO: [Synth 8-3491] module 'kria_starter_kit_xlslice_0_0' declared at 'c:/Users/bevilacqua/Documents/projects/KRIA-SK/code/nand_ps_mk_III/nand_ps_mk_III.gen/sources_1/bd/kria_starter_kit/ip/kria_starter_kit_xlslice_0_0/synth/kria_starter_kit_xlslice_0_0.v:53' bound to instance 'xlslice_0' of component 'kria_starter_kit_xlslice_0_0' [c:/Users/bevilacqua/Documents/projects/KRIA-SK/code/nand_ps_mk_III/nand_ps_mk_III.gen/sources_1/bd/kria_starter_kit/synth/kria_starter_kit.vhd:87]
INFO: [Synth 8-6157] synthesizing module 'kria_starter_kit_xlslice_0_0' [c:/Users/bevilacqua/Documents/projects/KRIA-SK/code/nand_ps_mk_III/nand_ps_mk_III.gen/sources_1/bd/kria_starter_kit/ip/kria_starter_kit_xlslice_0_0/synth/kria_starter_kit_xlslice_0_0.v:53]
INFO: [Synth 8-6157] synthesizing module 'xlslice_v1_0_4_xlslice' [c:/Users/bevilacqua/Documents/projects/KRIA-SK/code/nand_ps_mk_III/nand_ps_mk_III.gen/sources_1/bd/kria_starter_kit/ipshared/a97c/hdl/xlslice_v1_0_vl_rfs.v:58]
INFO: [Synth 8-6155] done synthesizing module 'xlslice_v1_0_4_xlslice' (0#1) [c:/Users/bevilacqua/Documents/projects/KRIA-SK/code/nand_ps_mk_III/nand_ps_mk_III.gen/sources_1/bd/kria_starter_kit/ipshared/a97c/hdl/xlslice_v1_0_vl_rfs.v:58]
INFO: [Synth 8-6155] done synthesizing module 'kria_starter_kit_xlslice_0_0' (0#1) [c:/Users/bevilacqua/Documents/projects/KRIA-SK/code/nand_ps_mk_III/nand_ps_mk_III.gen/sources_1/bd/kria_starter_kit/ip/kria_starter_kit_xlslice_0_0/synth/kria_starter_kit_xlslice_0_0.v:53]
INFO: [Synth 8-3491] module 'kria_starter_kit_zynq_ultra_ps_e_0_0' declared at 'C:/Users/bevilacqua/Documents/projects/KRIA-SK/code/nand_ps_mk_III/nand_ps_mk_III.runs/synth_1/.Xil/Vivado-24572-win1217/realtime/kria_starter_kit_zynq_ultra_ps_e_0_0_stub.vhdl:6' bound to instance 'zynq_ultra_ps_e_0' of component 'kria_starter_kit_zynq_ultra_ps_e_0_0' [c:/Users/bevilacqua/Documents/projects/KRIA-SK/code/nand_ps_mk_III/nand_ps_mk_III.gen/sources_1/bd/kria_starter_kit/synth/kria_starter_kit.vhd:92]
INFO: [Synth 8-638] synthesizing module 'kria_starter_kit_zynq_ultra_ps_e_0_0' [C:/Users/bevilacqua/Documents/projects/KRIA-SK/code/nand_ps_mk_III/nand_ps_mk_III.runs/synth_1/.Xil/Vivado-24572-win1217/realtime/kria_starter_kit_zynq_ultra_ps_e_0_0_stub.vhdl:18]
INFO: [Synth 8-256] done synthesizing module 'kria_starter_kit' (0#1) [c:/Users/bevilacqua/Documents/projects/KRIA-SK/code/nand_ps_mk_III/nand_ps_mk_III.gen/sources_1/bd/kria_starter_kit/synth/kria_starter_kit.vhd:28]
INFO: [Synth 8-256] done synthesizing module 'kria_starter_kit_wrapper' (0#1) [C:/Users/bevilacqua/Documents/projects/KRIA-SK/code/nand_ps_mk_III/nand_ps_mk_III.gen/sources_1/bd/kria_starter_kit/hdl/kria_starter_kit_wrapper.vhd:24]
INFO: [Synth 8-6071] Mark debug on the nets applies keep_hierarchy on instance 'kria_starter_kit_i'. This will prevent further optimization [C:/Users/bevilacqua/Documents/projects/KRIA-SK/code/nand_ps_mk_III/nand_ps_mk_III.gen/sources_1/bd/kria_starter_kit/hdl/kria_starter_kit_wrapper.vhd:34]
WARNING: [Synth 8-7129] Port Din[1] in module xlslice_v1_0_4_xlslice is either unconnected or has no load
WARNING: [Synth 8-7129] Port Din[0] in module xlslice_v1_0_4_xlslice is either unconnected or has no load
---------------------------------------------------------------------------------
Finished RTL Elaboration : Time (s): cpu = 00:00:05 ; elapsed = 00:00:06 . Memory (MB): peak = 2094.289 ; gain = 509.410
---------------------------------------------------------------------------------
---------------------------------------------------------------------------------
Start Handling Custom Attributes
---------------------------------------------------------------------------------
---------------------------------------------------------------------------------
Finished Handling Custom Attributes : Time (s): cpu = 00:00:05 ; elapsed = 00:00:06 . Memory (MB): peak = 2094.289 ; gain = 509.410
---------------------------------------------------------------------------------
---------------------------------------------------------------------------------
Finished RTL Optimization Phase 1 : Time (s): cpu = 00:00:05 ; elapsed = 00:00:06 . Memory (MB): peak = 2094.289 ; gain = 509.410
---------------------------------------------------------------------------------
Netlist sorting complete. Time (s): cpu = 00:00:00 ; elapsed = 00:00:00.001 . Memory (MB): peak = 2094.289 ; gain = 0.000
INFO: [Project 1-570] Preparing netlist for logic optimization

Processing XDC Constraints
Initializing timing engine
Parsing XDC File [c:/Users/bevilacqua/Documents/projects/KRIA-SK/code/nand_ps_mk_III/nand_ps_mk_III.gen/sources_1/bd/kria_starter_kit/ip/kria_starter_kit_zynq_ultra_ps_e_0_0/kria_starter_kit_zynq_ultra_ps_e_0_0/kria_starter_kit_zynq_ultra_ps_e_0_0_in_context.xdc] for cell 'kria_starter_kit_i/zynq_ultra_ps_e_0'
Finished Parsing XDC File [c:/Users/bevilacqua/Documents/projects/KRIA-SK/code/nand_ps_mk_III/nand_ps_mk_III.gen/sources_1/bd/kria_starter_kit/ip/kria_starter_kit_zynq_ultra_ps_e_0_0/kria_starter_kit_zynq_ultra_ps_e_0_0/kria_starter_kit_zynq_ultra_ps_e_0_0_in_context.xdc] for cell 'kria_starter_kit_i/zynq_ultra_ps_e_0'
Parsing XDC File [c:/Users/bevilacqua/Documents/projects/KRIA-SK/code/nand_ps_mk_III/nand_ps_mk_III.gen/sources_1/bd/kria_starter_kit/ip/kria_starter_kit_ila_0_0/kria_starter_kit_ila_0_0/kria_starter_kit_ila_0_0_in_context.xdc] for cell 'kria_starter_kit_i/ila_0'
Finished Parsing XDC File [c:/Users/bevilacqua/Documents/projects/KRIA-SK/code/nand_ps_mk_III/nand_ps_mk_III.gen/sources_1/bd/kria_starter_kit/ip/kria_starter_kit_ila_0_0/kria_starter_kit_ila_0_0/kria_starter_kit_ila_0_0_in_context.xdc] for cell 'kria_starter_kit_i/ila_0'
Parsing XDC File [c:/Users/bevilacqua/Documents/projects/KRIA-SK/code/nand_ps_mk_III/nand_ps_mk_III.gen/sources_1/bd/kria_starter_kit/ip/kria_starter_kit_nand_gate_0_0/kria_starter_kit_nand_gate_0_0/kria_starter_kit_nand_gate_0_0_in_context.xdc] for cell 'kria_starter_kit_i/nand_gate_0'
Finished Parsing XDC File [c:/Users/bevilacqua/Documents/projects/KRIA-SK/code/nand_ps_mk_III/nand_ps_mk_III.gen/sources_1/bd/kria_starter_kit/ip/kria_starter_kit_nand_gate_0_0/kria_starter_kit_nand_gate_0_0/kria_starter_kit_nand_gate_0_0_in_context.xdc] for cell 'kria_starter_kit_i/nand_gate_0'
Parsing XDC File [C:/Users/bevilacqua/Documents/projects/KRIA-SK/code/nand_ps_mk_III/nand_ps_mk_III.srcs/constrs_1/imports/xdc/default.xdc]
Finished Parsing XDC File [C:/Users/bevilacqua/Documents/projects/KRIA-SK/code/nand_ps_mk_III/nand_ps_mk_III.srcs/constrs_1/imports/xdc/default.xdc]
INFO: [Project 1-236] Implementation specific constraints were found while reading constraint file [C:/Users/bevilacqua/Documents/projects/KRIA-SK/code/nand_ps_mk_III/nand_ps_mk_III.srcs/constrs_1/imports/xdc/default.xdc]. These constraints will be ignored for synthesis but will be used in implementation. Impacted constraints are listed in the file [.Xil/kria_starter_kit_wrapper_propImpl.xdc].
Resolution: To avoid this warning, move constraints listed in [.Xil/kria_starter_kit_wrapper_propImpl.xdc] to another XDC file and exclude this new file from synthesis with the used_in_synthesis property (File Properties dialog in GUI) and re-run elaboration/synthesis.
Parsing XDC File [C:/Users/bevilacqua/Documents/projects/KRIA-SK/code/nand_ps_mk_III/nand_ps_mk_III.runs/synth_1/dont_touch.xdc]
Finished Parsing XDC File [C:/Users/bevilacqua/Documents/projects/KRIA-SK/code/nand_ps_mk_III/nand_ps_mk_III.runs/synth_1/dont_touch.xdc]
Completed Processing XDC Constraints

Netlist sorting complete. Time (s): cpu = 00:00:00 ; elapsed = 00:00:00 . Memory (MB): peak = 2107.531 ; gain = 0.000
INFO: [Project 1-111] Unisim Transformation Summary:
No Unisim elements were transformed.

Constraint Validation Runtime : Time (s): cpu = 00:00:00 ; elapsed = 00:00:00.005 . Memory (MB): peak = 2107.531 ; gain = 0.000
---------------------------------------------------------------------------------
Finished Constraint Validation : Time (s): cpu = 00:00:14 ; elapsed = 00:00:14 . Memory (MB): peak = 2107.531 ; gain = 522.652
---------------------------------------------------------------------------------
---------------------------------------------------------------------------------
Start Loading Part and Timing Information
---------------------------------------------------------------------------------
Loading part: xck26-sfvc784-2LV-c
INFO: [Synth 8-6742] Reading net delay rules and data
---------------------------------------------------------------------------------
Finished Loading Part and Timing Information : Time (s): cpu = 00:00:14 ; elapsed = 00:00:14 . Memory (MB): peak = 2107.531 ; gain = 522.652
---------------------------------------------------------------------------------
---------------------------------------------------------------------------------
Start Applying 'set_property' XDC Constraints
---------------------------------------------------------------------------------
Applied set_property KEEP_HIERARCHY = SOFT for kria_starter_kit_i. (constraint file  auto generated constraint).
Applied set_property KEEP_HIERARCHY = SOFT for kria_starter_kit_i/xlslice_0. (constraint file  auto generated constraint).
Applied set_property KEEP_HIERARCHY = SOFT for kria_starter_kit_i/zynq_ultra_ps_e_0. (constraint file  auto generated constraint).
Applied set_property KEEP_HIERARCHY = SOFT for kria_starter_kit_i/ila_0. (constraint file  auto generated constraint).
Applied set_property KEEP_HIERARCHY = SOFT for kria_starter_kit_i/nand_gate_0. (constraint file  auto generated constraint).
---------------------------------------------------------------------------------
Finished applying 'set_property' XDC Constraints : Time (s): cpu = 00:00:14 ; elapsed = 00:00:15 . Memory (MB): peak = 2107.531 ; gain = 522.652
---------------------------------------------------------------------------------
---------------------------------------------------------------------------------
Start Preparing Guide Design
---------------------------------------------------------------------------------
CRITICAL WARNING: [Synth 8-6895] The reference checkpoint C:/Users/bevilacqua/Documents/projects/KRIA-SK/code/nand_ps_mk_III/nand_ps_mk_III.srcs/utils_1/imports/synth_1/kria_starter_kit_wrapper.dcp is not suitable for use with incremental synthesis for this design. Please regenerate the checkpoint for this design with -incremental_synth switch in the same Vivado session that synth_design has been run. Synthesis will continue with the default flow
---------------------------------------------------------------------------------
Finished Doing Graph Differ : Time (s): cpu = 00:00:14 ; elapsed = 00:00:15 . Memory (MB): peak = 2107.531 ; gain = 522.652
---------------------------------------------------------------------------------
---------------------------------------------------------------------------------
Finished Preparing Guide Design : Time (s): cpu = 00:00:14 ; elapsed = 00:00:15 . Memory (MB): peak = 2107.531 ; gain = 522.652
---------------------------------------------------------------------------------
---------------------------------------------------------------------------------
Finished RTL Optimization Phase 2 : Time (s): cpu = 00:00:14 ; elapsed = 00:00:15 . Memory (MB): peak = 2107.531 ; gain = 522.652
---------------------------------------------------------------------------------


Incremental Synthesis Report Summary:

1. Incremental synthesis run: no

   Reason for not running incremental synthesis : 


INFO: [Synth 8-7130] Flow is switching to default flow due to incremental criteria not met. If you would like to alter this behaviour and have the flow terminate instead, please set the following parameter config_implementation {autoIncr.Synth.RejectBehavior Terminate}
---------------------------------------------------------------------------------
Start RTL Component Statistics 
---------------------------------------------------------------------------------
Detailed RTL Component Info : 
---------------------------------------------------------------------------------
Finished RTL Component Statistics 
---------------------------------------------------------------------------------
---------------------------------------------------------------------------------
Start Part Resource Summary
---------------------------------------------------------------------------------
Part Resources:
DSPs: 1248 (col length:96)
BRAMs: 288 (col length: RAMB18 96 RAMB36 48)
---------------------------------------------------------------------------------
Finished Part Resource Summary
---------------------------------------------------------------------------------
---------------------------------------------------------------------------------
Start Cross Boundary and Area Optimization
---------------------------------------------------------------------------------
WARNING: [Synth 8-7080] Parallel synthesis criteria is not met
WARNING: [Synth 8-7129] Port Din[1] in module kria_starter_kit_xlslice_0_0 is either unconnected or has no load
WARNING: [Synth 8-7129] Port Din[0] in module kria_starter_kit_xlslice_0_0 is either unconnected or has no load
---------------------------------------------------------------------------------
Finished Cross Boundary and Area Optimization : Time (s): cpu = 00:00:15 ; elapsed = 00:00:16 . Memory (MB): peak = 2107.531 ; gain = 522.652
---------------------------------------------------------------------------------
---------------------------------------------------------------------------------
Start Applying XDC Timing Constraints
---------------------------------------------------------------------------------
---------------------------------------------------------------------------------
Finished Applying XDC Timing Constraints : Time (s): cpu = 00:00:23 ; elapsed = 00:00:25 . Memory (MB): peak = 2581.398 ; gain = 996.520
---------------------------------------------------------------------------------
---------------------------------------------------------------------------------
Start Timing Optimization
---------------------------------------------------------------------------------
---------------------------------------------------------------------------------
Finished Timing Optimization : Time (s): cpu = 00:00:23 ; elapsed = 00:00:25 . Memory (MB): peak = 2581.398 ; gain = 996.520
---------------------------------------------------------------------------------
---------------------------------------------------------------------------------
Start Technology Mapping
---------------------------------------------------------------------------------
---------------------------------------------------------------------------------
Finished Technology Mapping : Time (s): cpu = 00:00:23 ; elapsed = 00:00:25 . Memory (MB): peak = 2590.973 ; gain = 1006.094
---------------------------------------------------------------------------------
---------------------------------------------------------------------------------
Start IO Insertion
---------------------------------------------------------------------------------
---------------------------------------------------------------------------------
Start Flattening Before IO Insertion
---------------------------------------------------------------------------------
---------------------------------------------------------------------------------
Finished Flattening Before IO Insertion
---------------------------------------------------------------------------------
---------------------------------------------------------------------------------
Start Final Netlist Cleanup
---------------------------------------------------------------------------------
---------------------------------------------------------------------------------
Finished Final Netlist Cleanup
---------------------------------------------------------------------------------
---------------------------------------------------------------------------------
Finished IO Insertion : Time (s): cpu = 00:00:26 ; elapsed = 00:00:28 . Memory (MB): peak = 2605.758 ; gain = 1020.879
---------------------------------------------------------------------------------
---------------------------------------------------------------------------------
Start Renaming Generated Instances
---------------------------------------------------------------------------------
---------------------------------------------------------------------------------
Finished Renaming Generated Instances : Time (s): cpu = 00:00:26 ; elapsed = 00:00:28 . Memory (MB): peak = 2605.758 ; gain = 1020.879
---------------------------------------------------------------------------------
---------------------------------------------------------------------------------
Start Rebuilding User Hierarchy
---------------------------------------------------------------------------------
---------------------------------------------------------------------------------
Finished Rebuilding User Hierarchy : Time (s): cpu = 00:00:26 ; elapsed = 00:00:28 . Memory (MB): peak = 2605.758 ; gain = 1020.879
---------------------------------------------------------------------------------
---------------------------------------------------------------------------------
Start Renaming Generated Ports
---------------------------------------------------------------------------------
---------------------------------------------------------------------------------
Finished Renaming Generated Ports : Time (s): cpu = 00:00:26 ; elapsed = 00:00:28 . Memory (MB): peak = 2605.758 ; gain = 1020.879
---------------------------------------------------------------------------------
---------------------------------------------------------------------------------
Start Handling Custom Attributes
---------------------------------------------------------------------------------
---------------------------------------------------------------------------------
Finished Handling Custom Attributes : Time (s): cpu = 00:00:26 ; elapsed = 00:00:28 . Memory (MB): peak = 2605.758 ; gain = 1020.879
---------------------------------------------------------------------------------
---------------------------------------------------------------------------------
Start Renaming Generated Nets
---------------------------------------------------------------------------------
---------------------------------------------------------------------------------
Finished Renaming Generated Nets : Time (s): cpu = 00:00:26 ; elapsed = 00:00:28 . Memory (MB): peak = 2605.758 ; gain = 1020.879
---------------------------------------------------------------------------------
---------------------------------------------------------------------------------
Start Writing Synthesis Report
---------------------------------------------------------------------------------

Report BlackBoxes: 
+------+-------------------------------------+----------+
|      |BlackBox name                        |Instances |
+------+-------------------------------------+----------+
|1     |kria_starter_kit_ila_0_0             |         1|
|2     |kria_starter_kit_nand_gate_0_0       |         1|
|3     |kria_starter_kit_zynq_ultra_ps_e_0_0 |         1|
+------+-------------------------------------+----------+

Report Cell Usage: 
+------+------------------------------------------+------+
|      |Cell                                      |Count |
+------+------------------------------------------+------+
|1     |kria_starter_kit_ila_0_0_bbox             |     1|
|2     |kria_starter_kit_nand_gate_0_0_bbox       |     1|
|3     |kria_starter_kit_zynq_ultra_ps_e_0_0_bbox |     1|
|4     |IBUF                                      |     2|
|5     |OBUF                                      |     2|
+------+------------------------------------------+------+
---------------------------------------------------------------------------------
Finished Writing Synthesis Report : Time (s): cpu = 00:00:26 ; elapsed = 00:00:28 . Memory (MB): peak = 2605.758 ; gain = 1020.879
---------------------------------------------------------------------------------
Synthesis finished with 0 errors, 1 critical warnings and 3 warnings.
Synthesis Optimization Runtime : Time (s): cpu = 00:00:17 ; elapsed = 00:00:24 . Memory (MB): peak = 2605.758 ; gain = 1007.637
Synthesis Optimization Complete : Time (s): cpu = 00:00:26 ; elapsed = 00:00:28 . Memory (MB): peak = 2605.758 ; gain = 1020.879
INFO: [Project 1-571] Translating synthesized netlist
Netlist sorting complete. Time (s): cpu = 00:00:00 ; elapsed = 00:00:00 . Memory (MB): peak = 2605.758 ; gain = 0.000
INFO: [Netlist 29-17] Analyzing 2 Unisim elements for replacement
INFO: [Netlist 29-28] Unisim Transformation completed in 0 CPU seconds
INFO: [Project 1-570] Preparing netlist for logic optimization
INFO: [Opt 31-138] Pushed 0 inverter(s) to 0 load pin(s).
Netlist sorting complete. Time (s): cpu = 00:00:00 ; elapsed = 00:00:00 . Memory (MB): peak = 2605.758 ; gain = 0.000
INFO: [Project 1-111] Unisim Transformation Summary:
  A total of 2 instances were transformed.
  IBUF => IBUF (IBUFCTRL, INBUF): 2 instances

Synth Design complete | Checksum: c3ed1bb1
INFO: [Common 17-83] Releasing license: Synthesis
39 Infos, 5 Warnings, 1 Critical Warnings and 0 Errors encountered.
synth_design completed successfully
synth_design: Time (s): cpu = 00:00:32 ; elapsed = 00:00:37 . Memory (MB): peak = 2605.758 ; gain = 2029.609
INFO: [runtcl-6] Synthesis results are not added to the cache due to CRITICAL_WARNING
Write ShapeDB Complete: Time (s): cpu = 00:00:00 ; elapsed = 00:00:00.002 . Memory (MB): peak = 2605.758 ; gain = 0.000
INFO: [Common 17-1381] The checkpoint 'C:/Users/bevilacqua/Documents/projects/KRIA-SK/code/nand_ps_mk_III/nand_ps_mk_III.runs/synth_1/kria_starter_kit_wrapper.dcp' has been generated.
INFO: [Vivado 12-24828] Executing command : report_utilization -file kria_starter_kit_wrapper_utilization_synth.rpt -pb kria_starter_kit_wrapper_utilization_synth.pb
INFO: [Common 17-206] Exiting Vivado at Mon Apr 14 11:56:51 2025...
