#-----------------------------------------------------------
# Vivado v2024.1 (64-bit)
# SW Build 5076996 on Wed May 22 18:37:14 MDT 2024
# IP Build 5075265 on Wed May 22 21:45:21 MDT 2024
# SharedData Build 5076995 on Wed May 22 18:29:18 MDT 2024
# Start of session at: Sun Dec 22 11:50:15 2024
# Process ID: 20248
# Current directory: C:/Users/ASUS/iCloudDrive/PhD-kriask/prj/nand_bm/nand_bm.runs/impl_1
# Command line: vivado.exe -log design_1_wrapper.vdi -applog -product Vivado -messageDb vivado.pb -mode batch -source design_1_wrapper.tcl -notrace
# Log file: C:/Users/ASUS/iCloudDrive/PhD-kriask/prj/nand_bm/nand_bm.runs/impl_1/design_1_wrapper.vdi
# Journal file: C:/Users/ASUS/iCloudDrive/PhD-kriask/prj/nand_bm/nand_bm.runs/impl_1\vivado.jou
# Running On        :Goose
# Platform          :Windows Server 2016 or Windows 10
# Operating System  :26100
# Processor Detail  :Intel(R) Core(TM) i7-10510U CPU @ 1.80GHz
# CPU Frequency     :2304 MHz
# CPU Physical cores:4
# CPU Logical cores :8
# Host memory       :16979 MB
# Swap memory       :4715 MB
# Total Virtual     :21695 MB
# Available Virtual :9340 MB
#-----------------------------------------------------------
source design_1_wrapper.tcl -notrace
