Copyright 1986-2022 Xilinx, Inc. All Rights Reserved. Copyright 2022-2024 Advanced Micro Devices, Inc. All Rights Reserved.
---------------------------------------------------------------------------------------------------------------------------------------------
| Tool Version : Vivado v.2024.1 (win64) Build 5076996 Wed May 22 18:37:14 MDT 2024
| Date         : Wed Jan  8 11:41:31 2025
| Host         : Goose running 64-bit major release  (build 9200)
| Command      : report_drc -file design_1_wrapper_drc_opted.rpt -pb design_1_wrapper_drc_opted.pb -rpx design_1_wrapper_drc_opted.rpx
| Design       : design_1_wrapper
| Device       : xck26-sfvc784-2LV-c
| Speed File   : -2LV
| Design State : Synthesized
---------------------------------------------------------------------------------------------------------------------------------------------

Report DRC

Table of Contents
-----------------
1. REPORT SUMMARY
2. REPORT DETAILS

1. REPORT SUMMARY
-----------------
            Netlist: netlist
          Floorplan: design_1
      Design limits: <entire design considered>
           Ruledeck: default
             Max violations: <unlimited>
             Violations found: 1
+-------------+----------+-------------------------------------------------------------+------------+
| Rule        | Severity | Description                                                 | Violations |
+-------------+----------+-------------------------------------------------------------+------------+
| PLHOLDVIO-2 | Warning  | Non-Optimal connections which could lead to hold violations | 1          |
+-------------+----------+-------------------------------------------------------------+------------+

2. REPORT DETAILS
-----------------
PLHOLDVIO-2#1 Warning
Non-Optimal connections which could lead to hold violations  
A LUT design_1_i/and_gate_0/y_INST_0 is driving clock pin of 20 cells. This could lead to large hold time violations. Involved cells are:
design_1_i/prescaler_0/U0/counter_reg[0],
design_1_i/prescaler_0/U0/counter_reg[10],
design_1_i/prescaler_0/U0/counter_reg[11],
design_1_i/prescaler_0/U0/counter_reg[12],
design_1_i/prescaler_0/U0/counter_reg[13],
design_1_i/prescaler_0/U0/counter_reg[14],
design_1_i/prescaler_0/U0/counter_reg[15],
design_1_i/prescaler_0/U0/counter_reg[16],
design_1_i/prescaler_0/U0/counter_reg[17],
design_1_i/prescaler_0/U0/counter_reg[18],
design_1_i/prescaler_0/U0/counter_reg[1],
design_1_i/prescaler_0/U0/counter_reg[2],
design_1_i/prescaler_0/U0/counter_reg[3],
design_1_i/prescaler_0/U0/counter_reg[4],
design_1_i/prescaler_0/U0/counter_reg[5] (the first 15 of 20 listed)
Related violations: <none>


