
*** Running vivado
    with args -log design_1_wrapper.vdi -applog -m64 -product Vivado -messageDb vivado.pb -mode batch -source design_1_wrapper.tcl -notrace



****** Vivado v2024.1 (64-bit)
  **** SW Build 5076996 on Wed May 22 18:37:14 MDT 2024
  **** IP Build 5075265 on Wed May 22 21:45:21 MDT 2024
  **** SharedData Build 5076995 on Wed May 22 18:29:18 MDT 2024
  **** Start of session at: Sat Jan  4 15:28:42 2025
    ** Copyright 1986-2022 Xilinx, Inc. All Rights Reserved.
    ** Copyright 2022-2024 Advanced Micro Devices, Inc. All Rights Reserved.

source design_1_wrapper.tcl -notrace
create_project: Time (s): cpu = 00:00:12 ; elapsed = 00:00:14 . Memory (MB): peak = 515.992 ; gain = 200.324
INFO: [IP_Flow 19-234] Refreshing IP repositories
INFO: [IP_Flow 19-1704] No user IP repositories specified
INFO: [IP_Flow 19-2313] Loaded Vivado IP repository 'C:/Xilinx/Vivado/2024.1/data/ip'.
add_files: Time (s): cpu = 00:00:06 ; elapsed = 00:00:06 . Memory (MB): peak = 575.430 ; gain = 59.438
Command: link_design -top design_1_wrapper -part xck26-sfvc784-2LV-c
Design is defaulting to srcset: sources_1
Design is defaulting to constrset: constrs_1
INFO: [Device 21-403] Loading part xck26-sfvc784-2LV-c
INFO: [Project 1-454] Reading design checkpoint 'c:/Users/ASUS/iCloudDrive/PhD-kriask/prj/blink_mk_VI/blink_mk_VI.gen/sources_1/bd/design_1/ip/design_1_and_gate_0_2/design_1_and_gate_0_2.dcp' for cell 'design_1_i/and_gate_0'
INFO: [Project 1-454] Reading design checkpoint 'c:/Users/ASUS/iCloudDrive/PhD-kriask/prj/blink_mk_VI/blink_mk_VI.gen/sources_1/bd/design_1/ip/design_1_clk_wiz_0_0/design_1_clk_wiz_0_0.dcp' for cell 'design_1_i/clk_wiz_0'
INFO: [Project 1-454] Reading design checkpoint 'c:/Users/ASUS/iCloudDrive/PhD-kriask/prj/blink_mk_VI/blink_mk_VI.gen/sources_1/bd/design_1/ip/design_1_ila_0_0/design_1_ila_0_0.dcp' for cell 'design_1_i/ila_0'
INFO: [Project 1-454] Reading design checkpoint 'c:/Users/ASUS/iCloudDrive/PhD-kriask/prj/blink_mk_VI/blink_mk_VI.gen/sources_1/bd/design_1/ip/design_1_prescaler_0_0/design_1_prescaler_0_0.dcp' for cell 'design_1_i/prescaler_0'
INFO: [Project 1-454] Reading design checkpoint 'c:/Users/ASUS/iCloudDrive/PhD-kriask/prj/blink_mk_VI/blink_mk_VI.gen/sources_1/bd/design_1/ip/design_1_zynq_ultra_ps_e_0_0/design_1_zynq_ultra_ps_e_0_0.dcp' for cell 'design_1_i/zynq_ultra_ps_e_0'
Netlist sorting complete. Time (s): cpu = 00:00:00 ; elapsed = 00:00:00.057 . Memory (MB): peak = 1587.293 ; gain = 0.000
INFO: [Netlist 29-17] Analyzing 67 Unisim elements for replacement
INFO: [Netlist 29-28] Unisim Transformation completed in 0 CPU seconds
INFO: [Project 1-479] Netlist was created with Vivado 2024.1
INFO: [Project 1-570] Preparing netlist for logic optimization
INFO: [Opt 31-140] Inserted 1 IBUFs to IO ports without IO buffers.
WARNING: [Opt 31-32] Removing redundant IBUF since it is not being driven by a top-level port. design_1_i/clk_wiz_0/inst/clkin1_ibuf 
Resolution: The tool has removed redundant IBUF. To resolve this warning, check for redundant IBUF in the input design.
WARNING: [Constraints 18-550] Could not create 'IBUF_LOW_PWR' constraint because net 'design_1_i/clk_wiz_0/clk_in1' is not directly connected to top level port. 'IBUF_LOW_PWR' is ignored for synthesis but preserved for implementation.
INFO: [Chipscope 16-324] Core: design_1_i/ila_0 UUID: be177176-557e-59fe-ace2-fe04795a2b22 
Parsing XDC File [c:/Users/ASUS/iCloudDrive/PhD-kriask/prj/blink_mk_VI/blink_mk_VI.gen/sources_1/bd/design_1/ip/design_1_zynq_ultra_ps_e_0_0/design_1_zynq_ultra_ps_e_0_0.xdc] for cell 'design_1_i/zynq_ultra_ps_e_0/U0'
create_clock: Time (s): cpu = 00:00:09 ; elapsed = 00:00:09 . Memory (MB): peak = 2209.574 ; gain = 32.621
Finished Parsing XDC File [c:/Users/ASUS/iCloudDrive/PhD-kriask/prj/blink_mk_VI/blink_mk_VI.gen/sources_1/bd/design_1/ip/design_1_zynq_ultra_ps_e_0_0/design_1_zynq_ultra_ps_e_0_0.xdc] for cell 'design_1_i/zynq_ultra_ps_e_0/U0'
Parsing XDC File [c:/Users/ASUS/iCloudDrive/PhD-kriask/prj/blink_mk_VI/blink_mk_VI.gen/sources_1/bd/design_1/ip/design_1_clk_wiz_0_0/design_1_clk_wiz_0_0_board.xdc] for cell 'design_1_i/clk_wiz_0/inst'
Finished Parsing XDC File [c:/Users/ASUS/iCloudDrive/PhD-kriask/prj/blink_mk_VI/blink_mk_VI.gen/sources_1/bd/design_1/ip/design_1_clk_wiz_0_0/design_1_clk_wiz_0_0_board.xdc] for cell 'design_1_i/clk_wiz_0/inst'
Parsing XDC File [c:/Users/ASUS/iCloudDrive/PhD-kriask/prj/blink_mk_VI/blink_mk_VI.gen/sources_1/bd/design_1/ip/design_1_clk_wiz_0_0/design_1_clk_wiz_0_0.xdc] for cell 'design_1_i/clk_wiz_0/inst'
INFO: [Timing 38-35] Done setting XDC timing constraints. [c:/Users/ASUS/iCloudDrive/PhD-kriask/prj/blink_mk_VI/blink_mk_VI.gen/sources_1/bd/design_1/ip/design_1_clk_wiz_0_0/design_1_clk_wiz_0_0.xdc:54]
INFO: [Timing 38-2] Deriving generated clocks [c:/Users/ASUS/iCloudDrive/PhD-kriask/prj/blink_mk_VI/blink_mk_VI.gen/sources_1/bd/design_1/ip/design_1_clk_wiz_0_0/design_1_clk_wiz_0_0.xdc:54]
get_clocks: Time (s): cpu = 00:00:06 ; elapsed = 00:00:07 . Memory (MB): peak = 2559.656 ; gain = 350.082
Finished Parsing XDC File [c:/Users/ASUS/iCloudDrive/PhD-kriask/prj/blink_mk_VI/blink_mk_VI.gen/sources_1/bd/design_1/ip/design_1_clk_wiz_0_0/design_1_clk_wiz_0_0.xdc] for cell 'design_1_i/clk_wiz_0/inst'
Parsing XDC File [c:/Users/ASUS/iCloudDrive/PhD-kriask/prj/blink_mk_VI/blink_mk_VI.gen/sources_1/bd/design_1/ip/design_1_ila_0_0/ila_v6_2/constraints/ila_impl.xdc] for cell 'design_1_i/ila_0/U0'
Finished Parsing XDC File [c:/Users/ASUS/iCloudDrive/PhD-kriask/prj/blink_mk_VI/blink_mk_VI.gen/sources_1/bd/design_1/ip/design_1_ila_0_0/ila_v6_2/constraints/ila_impl.xdc] for cell 'design_1_i/ila_0/U0'
Parsing XDC File [c:/Users/ASUS/iCloudDrive/PhD-kriask/prj/blink_mk_VI/blink_mk_VI.gen/sources_1/bd/design_1/ip/design_1_ila_0_0/ila_v6_2/constraints/ila.xdc] for cell 'design_1_i/ila_0/U0'
Finished Parsing XDC File [c:/Users/ASUS/iCloudDrive/PhD-kriask/prj/blink_mk_VI/blink_mk_VI.gen/sources_1/bd/design_1/ip/design_1_ila_0_0/ila_v6_2/constraints/ila.xdc] for cell 'design_1_i/ila_0/U0'
Parsing XDC File [C:/Users/ASUS/iCloudDrive/PhD-kriask/prj/blink_mk_VI/blink_mk_VI.srcs/constrs_1/imports/xdc/default.xdc]
Finished Parsing XDC File [C:/Users/ASUS/iCloudDrive/PhD-kriask/prj/blink_mk_VI/blink_mk_VI.srcs/constrs_1/imports/xdc/default.xdc]
INFO: [Opt 31-138] Pushed 0 inverter(s) to 0 load pin(s).
INFO: [Project 1-1687] 2 scoped IP constraints or related sub-commands were skipped due to synthesis logic optimizations usually triggered by constant connectivity or unconnected output pins. To review the skipped constraints and messages, run the command 'set_param netlist.IPMsgFiltering false' before opening the design.
Netlist sorting complete. Time (s): cpu = 00:00:00 ; elapsed = 00:00:00.002 . Memory (MB): peak = 2559.656 ; gain = 0.000
INFO: [Project 1-111] Unisim Transformation Summary:
  A total of 49 instances were transformed.
  CFGLUT5 => CFGLUT5 (SRL16E, SRLC32E): 48 instances
  IBUF => IBUF (IBUFCTRL, INBUF): 1 instance 

20 Infos, 2 Warnings, 0 Critical Warnings and 0 Errors encountered.
link_design completed successfully
link_design: Time (s): cpu = 00:00:47 ; elapsed = 00:01:04 . Memory (MB): peak = 2559.656 ; gain = 1984.227
Command: opt_design
Attempting to get a license for feature 'Implementation' and/or device 'xck26'
INFO: [Common 17-349] Got license for feature 'Implementation' and/or device 'xck26'
Running DRC as a precondition to command opt_design

Starting DRC Task
INFO: [DRC 23-27] Running DRC with 2 threads
INFO: [Project 1-461] DRC finished with 0 Errors
INFO: [Project 1-462] Please refer to the DRC report (report_drc) for more information.

Time (s): cpu = 00:00:05 ; elapsed = 00:00:04 . Memory (MB): peak = 2559.656 ; gain = 0.000

Starting Cache Timing Information Task
INFO: [Timing 38-35] Done setting XDC timing constraints.
Ending Cache Timing Information Task | Checksum: 1396c18c7

Time (s): cpu = 00:00:01 ; elapsed = 00:00:00.622 . Memory (MB): peak = 2569.773 ; gain = 10.117

Starting Logic Optimization Task

Phase 1 Initialization

Phase 1.1 Core Generation And Design Setup

Phase 1.1.1 Generate And Synthesize Debug Cores
INFO: [Chipscope 16-329] Generating Script for core instance : dbg_hub 
INFO: [IP_Flow 19-3806] Processing IP xilinx.com:ip:xsdbm:3.0 for cell dbg_hub_CV.
Done building netlist checker database: Time (s): cpu = 00:00:00 ; elapsed = 00:00:00.002 . Memory (MB): peak = 2991.754 ; gain = 0.000
Netlist sorting complete. Time (s): cpu = 00:00:00 ; elapsed = 00:00:00.048 . Memory (MB): peak = 2991.754 ; gain = 0.000
Phase 1.1.1 Generate And Synthesize Debug Cores | Checksum: 13a2f2a1b

Time (s): cpu = 00:00:03 ; elapsed = 00:04:19 . Memory (MB): peak = 2991.754 ; gain = 21.945
Phase 1.1 Core Generation And Design Setup | Checksum: 13a2f2a1b

Time (s): cpu = 00:00:03 ; elapsed = 00:04:19 . Memory (MB): peak = 2991.754 ; gain = 21.945

Phase 1.2 Setup Constraints And Sort Netlist
Phase 1.2 Setup Constraints And Sort Netlist | Checksum: 13a2f2a1b

Time (s): cpu = 00:00:03 ; elapsed = 00:04:19 . Memory (MB): peak = 2991.754 ; gain = 21.945
Phase 1 Initialization | Checksum: 13a2f2a1b

Time (s): cpu = 00:00:03 ; elapsed = 00:04:19 . Memory (MB): peak = 2991.754 ; gain = 21.945

Phase 2 Timer Update And Timing Data Collection

Phase 2.1 Timer Update
Phase 2.1 Timer Update | Checksum: 13a2f2a1b

Time (s): cpu = 00:00:03 ; elapsed = 00:04:19 . Memory (MB): peak = 2991.754 ; gain = 21.945

Phase 2.2 Timing Data Collection
Phase 2.2 Timing Data Collection | Checksum: 13a2f2a1b

Time (s): cpu = 00:00:03 ; elapsed = 00:04:19 . Memory (MB): peak = 2991.754 ; gain = 21.945
Phase 2 Timer Update And Timing Data Collection | Checksum: 13a2f2a1b

Time (s): cpu = 00:00:03 ; elapsed = 00:04:19 . Memory (MB): peak = 2991.754 ; gain = 21.945

Phase 3 Retarget
INFO: [Opt 31-1834] Total Chains To Be Transformed Were: 0 AND Number of Transformed insts Created are: 0
INFO: [Opt 31-138] Pushed 6 inverter(s) to 40 load pin(s).
INFO: [Opt 31-422] The CLOCK_DOMAINS attribute on the BRAM cell design_1_i/ila_0/U0/ila_core_inst/ila_trace_memory_inst/SUBCORE_RAM_BLK_MEM_1.trace_block_memory/inst_blk_mem_gen/gnbram.gnativebmg.native_blk_mem_gen/valid.cstr/ramloop[0].ram.r/prim_noinit.ram/DEVICE_8SERIES.NO_BMM_INFO.SDP.SIMPLE_PRIM18.ram has been changed from INDEPENDENT to COMMON to match the clocking topology used for the BRAM.
INFO: [Opt 31-49] Retargeted 0 cell(s).
Phase 3 Retarget | Checksum: 23702ff1c

Time (s): cpu = 00:00:03 ; elapsed = 00:04:20 . Memory (MB): peak = 2991.754 ; gain = 21.945
Retarget | Checksum: 23702ff1c
INFO: [Opt 31-389] Phase Retarget created 8 cells and removed 285 cells
INFO: [Opt 31-1021] In phase Retarget, 66 netlist objects are constrained preventing optimization. Please run opt_design with -debug_log to get more detail. 

Phase 4 Constant propagation
INFO: [Opt 31-138] Pushed 0 inverter(s) to 0 load pin(s).
Phase 4 Constant propagation | Checksum: 26458d86a

Time (s): cpu = 00:00:03 ; elapsed = 00:04:20 . Memory (MB): peak = 2991.754 ; gain = 21.945
Constant propagation | Checksum: 26458d86a
INFO: [Opt 31-389] Phase Constant propagation created 0 cells and removed 16 cells
INFO: [Opt 31-1021] In phase Constant propagation, 49 netlist objects are constrained preventing optimization. Please run opt_design with -debug_log to get more detail. 

Phase 5 Sweep
Phase 5 Sweep | Checksum: 29b5d797b

Time (s): cpu = 00:00:04 ; elapsed = 00:04:20 . Memory (MB): peak = 2991.754 ; gain = 21.945
Sweep | Checksum: 29b5d797b
INFO: [Opt 31-389] Phase Sweep created 0 cells and removed 70 cells
INFO: [Opt 31-1021] In phase Sweep, 863 netlist objects are constrained preventing optimization. Please run opt_design with -debug_log to get more detail. 

Phase 6 BUFG optimization
INFO: [Opt 31-1077] Phase BUFG optimization inserted 0 global clock buffer(s) for CLOCK_LOW_FANOUT.
Phase 6 BUFG optimization | Checksum: 29b5d797b

Time (s): cpu = 00:00:04 ; elapsed = 00:04:20 . Memory (MB): peak = 2991.754 ; gain = 21.945
BUFG optimization | Checksum: 29b5d797b
INFO: [Opt 31-662] Phase BUFG optimization created 0 cells of which 0 are BUFGs and removed 0 cells.

Phase 7 Shift Register Optimization
INFO: [Opt 31-1064] SRL Remap converted 0 SRLs to 0 registers and converted 0 registers of register chains to 0 SRLs
Phase 7 Shift Register Optimization | Checksum: 29b5d797b

Time (s): cpu = 00:00:04 ; elapsed = 00:04:20 . Memory (MB): peak = 2991.754 ; gain = 21.945
Shift Register Optimization | Checksum: 29b5d797b
INFO: [Opt 31-389] Phase Shift Register Optimization created 0 cells and removed 0 cells

Phase 8 Post Processing Netlist
Phase 8 Post Processing Netlist | Checksum: 29b5d797b

Time (s): cpu = 00:00:04 ; elapsed = 00:04:20 . Memory (MB): peak = 2991.754 ; gain = 21.945
Post Processing Netlist | Checksum: 29b5d797b
INFO: [Opt 31-389] Phase Post Processing Netlist created 0 cells and removed 0 cells
INFO: [Opt 31-1021] In phase Post Processing Netlist, 57 netlist objects are constrained preventing optimization. Please run opt_design with -debug_log to get more detail. 

Phase 9 Finalization

Phase 9.1 Finalizing Design Cores and Updating Shapes
Phase 9.1 Finalizing Design Cores and Updating Shapes | Checksum: 1f1be1b4e

Time (s): cpu = 00:00:04 ; elapsed = 00:04:21 . Memory (MB): peak = 2991.754 ; gain = 21.945

Phase 9.2 Verifying Netlist Connectivity

Starting Connectivity Check Task

Time (s): cpu = 00:00:00 ; elapsed = 00:00:00.013 . Memory (MB): peak = 2991.754 ; gain = 0.000
Phase 9.2 Verifying Netlist Connectivity | Checksum: 1f1be1b4e

Time (s): cpu = 00:00:04 ; elapsed = 00:04:21 . Memory (MB): peak = 2991.754 ; gain = 21.945
Phase 9 Finalization | Checksum: 1f1be1b4e

Time (s): cpu = 00:00:04 ; elapsed = 00:04:21 . Memory (MB): peak = 2991.754 ; gain = 21.945
Opt_design Change Summary
=========================


-------------------------------------------------------------------------------------------------------------------------
|  Phase                        |  #Cells created  |  #Cells Removed  |  #Constrained objects preventing optimizations  |
-------------------------------------------------------------------------------------------------------------------------
|  Retarget                     |               8  |             285  |                                             66  |
|  Constant propagation         |               0  |              16  |                                             49  |
|  Sweep                        |               0  |              70  |                                            863  |
|  BUFG optimization            |               0  |               0  |                                              0  |
|  Shift Register Optimization  |               0  |               0  |                                              0  |
|  Post Processing Netlist      |               0  |               0  |                                             57  |
-------------------------------------------------------------------------------------------------------------------------


Ending Logic Optimization Task | Checksum: 1f1be1b4e

Time (s): cpu = 00:00:04 ; elapsed = 00:04:21 . Memory (MB): peak = 2991.754 ; gain = 21.945

Starting Power Optimization Task
INFO: [Pwropt 34-132] Skipping clock gating for clocks with a period < 2.00 ns.
INFO: [Pwropt 34-9] Applying IDT optimizations ...
INFO: [Pwropt 34-10] Applying ODC optimizations ...
INFO: [Timing 38-35] Done setting XDC timing constraints.
Running Vector-less Activity Propagation...

Finished Running Vector-less Activity Propagation


Starting PowerOpt Patch Enables Task
INFO: [Pwropt 34-162] WRITE_MODE attribute of 0 BRAM(s) out of a total of 1 has been updated to save power. Run report_power_opt to get a complete listing of the BRAMs updated.
INFO: [Pwropt 34-201] Structural ODC has moved 0 WE to EN ports
Number of BRAM Ports augmented: 1 newly gated: 0 Total Ports: 2
Ending PowerOpt Patch Enables Task | Checksum: 19e9fb36a

Time (s): cpu = 00:00:00 ; elapsed = 00:00:00.042 . Memory (MB): peak = 3083.879 ; gain = 0.000
Ending Power Optimization Task | Checksum: 19e9fb36a

Time (s): cpu = 00:00:07 ; elapsed = 00:00:06 . Memory (MB): peak = 3083.879 ; gain = 92.125

Starting Final Cleanup Task
Ending Final Cleanup Task | Checksum: 19e9fb36a

Time (s): cpu = 00:00:00 ; elapsed = 00:00:00.001 . Memory (MB): peak = 3083.879 ; gain = 0.000

Starting Netlist Obfuscation Task
Netlist sorting complete. Time (s): cpu = 00:00:00 ; elapsed = 00:00:00.004 . Memory (MB): peak = 3083.879 ; gain = 0.000
Ending Netlist Obfuscation Task | Checksum: 1f04770a9

Time (s): cpu = 00:00:00 ; elapsed = 00:00:00.005 . Memory (MB): peak = 3083.879 ; gain = 0.000
INFO: [Common 17-83] Releasing license: Implementation
55 Infos, 2 Warnings, 0 Critical Warnings and 0 Errors encountered.
opt_design completed successfully
opt_design: Time (s): cpu = 00:00:23 ; elapsed = 00:04:38 . Memory (MB): peak = 3083.879 ; gain = 524.223
INFO: [Vivado 12-24828] Executing command : report_drc -file design_1_wrapper_drc_opted.rpt -pb design_1_wrapper_drc_opted.pb -rpx design_1_wrapper_drc_opted.rpx
Command: report_drc -file design_1_wrapper_drc_opted.rpt -pb design_1_wrapper_drc_opted.pb -rpx design_1_wrapper_drc_opted.rpx
INFO: [IP_Flow 19-1839] IP Catalog is up to date.
INFO: [Timing 38-35] Done setting XDC timing constraints.
INFO: [DRC 23-27] Running DRC with 2 threads
INFO: [Vivado_Tcl 2-168] The results of DRC are in file C:/Users/ASUS/iCloudDrive/PhD-kriask/prj/blink_mk_VI/blink_mk_VI.runs/impl_1/design_1_wrapper_drc_opted.rpt.
report_drc completed successfully
report_drc: Time (s): cpu = 00:00:48 ; elapsed = 00:00:49 . Memory (MB): peak = 4085.238 ; gain = 1001.359
generate_parallel_reports: Time (s): cpu = 00:00:48 ; elapsed = 00:00:49 . Memory (MB): peak = 4085.238 ; gain = 1001.359
INFO: [Timing 38-480] Writing timing data to binary archive.
Write ShapeDB Complete: Time (s): cpu = 00:00:00 ; elapsed = 00:00:00.008 . Memory (MB): peak = 4085.238 ; gain = 0.000
Wrote PlaceDB: Time (s): cpu = 00:00:00 ; elapsed = 00:00:00.001 . Memory (MB): peak = 4085.238 ; gain = 0.000
Wrote PulsedLatchDB: Time (s): cpu = 00:00:00 ; elapsed = 00:00:00 . Memory (MB): peak = 4085.238 ; gain = 0.000
Writing XDEF routing.
Writing XDEF routing logical nets.
Writing XDEF routing special nets.
Wrote RouteStorage: Time (s): cpu = 00:00:00 ; elapsed = 00:00:00.206 . Memory (MB): peak = 4085.238 ; gain = 0.000
Wrote Netlist Cache: Time (s): cpu = 00:00:00 ; elapsed = 00:00:00.001 . Memory (MB): peak = 4085.238 ; gain = 0.000
Wrote Device Cache: Time (s): cpu = 00:00:01 ; elapsed = 00:00:00.064 . Memory (MB): peak = 4085.238 ; gain = 0.000
Write Physdb Complete: Time (s): cpu = 00:00:01 ; elapsed = 00:00:00.299 . Memory (MB): peak = 4085.238 ; gain = 0.000
INFO: [Common 17-1381] The checkpoint 'C:/Users/ASUS/iCloudDrive/PhD-kriask/prj/blink_mk_VI/blink_mk_VI.runs/impl_1/design_1_wrapper_opt.dcp' has been generated.
INFO: [Chipscope 16-240] Debug cores have already been implemented
Command: place_design
Attempting to get a license for feature 'Implementation' and/or device 'xck26'
INFO: [Common 17-349] Got license for feature 'Implementation' and/or device 'xck26'
INFO: [Common 17-83] Releasing license: Implementation
INFO: [DRC 23-27] Running DRC with 2 threads
INFO: [Vivado_Tcl 4-198] DRC finished with 0 Errors
INFO: [Vivado_Tcl 4-199] Please refer to the DRC report (report_drc) for more information.
Running DRC as a precondition to command place_design
INFO: [DRC 23-27] Running DRC with 2 threads
INFO: [Vivado_Tcl 4-198] DRC finished with 0 Errors
INFO: [Vivado_Tcl 4-199] Please refer to the DRC report (report_drc) for more information.
INFO: [Place 30-611] Multithreading enabled for place_design using a maximum of 2 CPUs

Starting Placer Task

Phase 1 Placer Initialization

Phase 1.1 Placer Initialization Netlist Sorting
Netlist sorting complete. Time (s): cpu = 00:00:00 ; elapsed = 00:00:00.004 . Memory (MB): peak = 4085.238 ; gain = 0.000
Phase 1.1 Placer Initialization Netlist Sorting | Checksum: 1898c7201

Time (s): cpu = 00:00:00 ; elapsed = 00:00:00.022 . Memory (MB): peak = 4085.238 ; gain = 0.000
Netlist sorting complete. Time (s): cpu = 00:00:00 ; elapsed = 00:00:00.004 . Memory (MB): peak = 4085.238 ; gain = 0.000

Phase 1.2 IO Placement/ Clock Placement/ Build Placer Device
WARNING: [Place 30-568] A LUT 'design_1_i/and_gate_0/y_INST_0' is driving clock pin of 13 registers. This could lead to large hold time violations. First few involved registers are:
	design_1_i/prescaler_0/U0/counter_reg[10] {FDCE}
	design_1_i/prescaler_0/U0/counter_reg[7] {FDCE}
	design_1_i/prescaler_0/U0/counter_reg[0] {FDCE}
	design_1_i/prescaler_0/U0/counter_reg[2] {FDCE}
	design_1_i/prescaler_0/U0/counter_reg[8] {FDCE}
Phase 1.2 IO Placement/ Clock Placement/ Build Placer Device | Checksum: 1d557dd3b

Time (s): cpu = 00:00:02 ; elapsed = 00:00:02 . Memory (MB): peak = 4085.238 ; gain = 0.000

Phase 1.3 Build Placer Netlist Model
Phase 1.3 Build Placer Netlist Model | Checksum: 278a50254

Time (s): cpu = 00:00:06 ; elapsed = 00:00:06 . Memory (MB): peak = 4085.238 ; gain = 0.000

Phase 1.4 Constrain Clocks/Macros
Phase 1.4 Constrain Clocks/Macros | Checksum: 278a50254

Time (s): cpu = 00:00:06 ; elapsed = 00:00:06 . Memory (MB): peak = 4085.238 ; gain = 0.000
Phase 1 Placer Initialization | Checksum: 278a50254

Time (s): cpu = 00:00:06 ; elapsed = 00:00:06 . Memory (MB): peak = 4085.238 ; gain = 0.000

Phase 2 Global Placement

Phase 2.1 Floorplanning

Phase 2.1.1 Partition Driven Placement

Phase 2.1.1.1 PBP: Partition Driven Placement
Phase 2.1.1.1 PBP: Partition Driven Placement | Checksum: 1efc90a4e

Time (s): cpu = 00:00:07 ; elapsed = 00:00:07 . Memory (MB): peak = 4085.238 ; gain = 0.000

Phase 2.1.1.2 PBP: Clock Region Placement
INFO: [Place 30-3162] Check ILP status : ILP-based clock placer completed successfully.
Phase 2.1.1.2 PBP: Clock Region Placement | Checksum: 23d838b61

Time (s): cpu = 00:00:08 ; elapsed = 00:00:08 . Memory (MB): peak = 4085.238 ; gain = 0.000

Phase 2.1.1.3 PBP: Compute Congestion
Phase 2.1.1.3 PBP: Compute Congestion | Checksum: 23d838b61

Time (s): cpu = 00:00:28 ; elapsed = 00:00:20 . Memory (MB): peak = 4085.238 ; gain = 0.000

Phase 2.1.1.4 PBP: UpdateTiming
Phase 2.1.1.4 PBP: UpdateTiming | Checksum: 227b8bdf1

Time (s): cpu = 00:00:29 ; elapsed = 00:00:20 . Memory (MB): peak = 4085.238 ; gain = 0.000

Phase 2.1.1.5 PBP: Add part constraints
Phase 2.1.1.5 PBP: Add part constraints | Checksum: 227b8bdf1

Time (s): cpu = 00:00:29 ; elapsed = 00:00:20 . Memory (MB): peak = 4085.238 ; gain = 0.000
Phase 2.1.1 Partition Driven Placement | Checksum: 227b8bdf1

Time (s): cpu = 00:00:29 ; elapsed = 00:00:20 . Memory (MB): peak = 4085.238 ; gain = 0.000
Phase 2.1 Floorplanning | Checksum: 2d8a50aa4

Time (s): cpu = 00:00:29 ; elapsed = 00:00:20 . Memory (MB): peak = 4085.238 ; gain = 0.000

Phase 2.2 Update Timing before SLR Path Opt
Phase 2.2 Update Timing before SLR Path Opt | Checksum: 2d8a50aa4

Time (s): cpu = 00:00:29 ; elapsed = 00:00:20 . Memory (MB): peak = 4085.238 ; gain = 0.000

Phase 2.3 Post-Processing in Floorplanning
Phase 2.3 Post-Processing in Floorplanning | Checksum: 2d8a50aa4

Time (s): cpu = 00:00:29 ; elapsed = 00:00:20 . Memory (MB): peak = 4085.238 ; gain = 0.000

Phase 2.4 Global Placement Core

Phase 2.4.1 UpdateTiming Before Physical Synthesis
Phase 2.4.1 UpdateTiming Before Physical Synthesis | Checksum: 271300ea1

Time (s): cpu = 00:01:45 ; elapsed = 00:01:10 . Memory (MB): peak = 4085.238 ; gain = 0.000

Phase 2.4.2 Physical Synthesis In Placer
INFO: [Physopt 32-1035] Found 0 LUTNM shape to break, 114 LUT instances to create LUTNM shape
INFO: [Physopt 32-1044] Break lutnm for timing: one critical 0, two critical 0, total 0, new lutff created 0
INFO: [Physopt 32-1138] End 1 Pass. Optimized 53 nets or LUTs. Breaked 0 LUT, combined 53 existing LUTs and moved 0 existing LUT
INFO: [Physopt 32-69] No nets found for rewiring optimization.
INFO: [Physopt 32-661] Optimized 0 net.  Re-placed 0 instance.
INFO: [Physopt 32-775] End 1 Pass. Optimized 0 net or cell. Created 0 new cell, deleted 0 existing cell and moved 0 existing cell
INFO: [Physopt 32-65] No nets found for high-fanout optimization.
INFO: [Physopt 32-232] Optimized 0 net. Created 0 new instance.
INFO: [Physopt 32-775] End 1 Pass. Optimized 0 net or cell. Created 0 new cell, deleted 0 existing cell and moved 0 existing cell
INFO: [Physopt 32-670] No setup violation found.  DSP Register Optimization was not performed.
INFO: [Physopt 32-670] No setup violation found.  Shift Register to Pipeline Optimization was not performed.
INFO: [Physopt 32-670] No setup violation found.  Shift Register Optimization was not performed.
INFO: [Physopt 32-670] No setup violation found.  BRAM Register Optimization was not performed.
INFO: [Physopt 32-670] No setup violation found.  URAM Register Optimization was not performed.
INFO: [Physopt 32-949] No candidate nets found for dynamic/static region interface net replication
INFO: [Physopt 32-775] End 1 Pass. Optimized 0 net or cell. Created 0 new cell, deleted 0 existing cell and moved 0 existing cell
Netlist sorting complete. Time (s): cpu = 00:00:00 ; elapsed = 00:00:00.004 . Memory (MB): peak = 4085.238 ; gain = 0.000

Summary of Physical Synthesis Optimizations
============================================


-----------------------------------------------------------------------------------------------------------------------------------------------------------
|  Optimization                                     |  Added Cells  |  Removed Cells  |  Optimized Cells/Nets  |  Dont Touch  |  Iterations  |  Elapsed   |
-----------------------------------------------------------------------------------------------------------------------------------------------------------
|  LUT Combining                                    |            0  |             53  |                    53  |           0  |           1  |  00:00:00  |
|  Retime                                           |            0  |              0  |                     0  |           0  |           1  |  00:00:00  |
|  Equivalent Driver Rewiring                       |            0  |              0  |                     0  |           0  |           1  |  00:00:00  |
|  Very High Fanout                                 |            0  |              0  |                     0  |           0  |           1  |  00:00:00  |
|  DSP Register                                     |            0  |              0  |                     0  |           0  |           0  |  00:00:00  |
|  Shift Register to Pipeline                       |            0  |              0  |                     0  |           0  |           0  |  00:00:00  |
|  Shift Register                                   |            0  |              0  |                     0  |           0  |           0  |  00:00:00  |
|  BRAM Register                                    |            0  |              0  |                     0  |           0  |           0  |  00:00:00  |
|  URAM Register                                    |            0  |              0  |                     0  |           0  |           0  |  00:00:00  |
|  Dynamic/Static Region Interface Net Replication  |            0  |              0  |                     0  |           0  |           1  |  00:00:00  |
|  Total                                            |            0  |             53  |                    53  |           0  |           5  |  00:00:00  |
-----------------------------------------------------------------------------------------------------------------------------------------------------------


Phase 2.4.2 Physical Synthesis In Placer | Checksum: 2e0387fb8

Time (s): cpu = 00:01:46 ; elapsed = 00:01:12 . Memory (MB): peak = 4085.238 ; gain = 0.000
Phase 2.4 Global Placement Core | Checksum: 281379c97

Time (s): cpu = 00:02:07 ; elapsed = 00:01:25 . Memory (MB): peak = 4085.238 ; gain = 0.000
Phase 2 Global Placement | Checksum: 281379c97

Time (s): cpu = 00:02:07 ; elapsed = 00:01:25 . Memory (MB): peak = 4085.238 ; gain = 0.000

Phase 3 Detail Placement

Phase 3.1 Commit Multi Column Macros
Phase 3.1 Commit Multi Column Macros | Checksum: 293734d36

Time (s): cpu = 00:02:26 ; elapsed = 00:01:36 . Memory (MB): peak = 4085.238 ; gain = 0.000

Phase 3.2 Commit Most Macros & LUTRAMs
Phase 3.2 Commit Most Macros & LUTRAMs | Checksum: 2ff1b9742

Time (s): cpu = 00:02:27 ; elapsed = 00:01:37 . Memory (MB): peak = 4085.238 ; gain = 0.000

Phase 3.3 Small Shape DP

Phase 3.3.1 Small Shape Clustering
Phase 3.3.1 Small Shape Clustering | Checksum: 2d6cc906f

Time (s): cpu = 00:03:06 ; elapsed = 00:02:01 . Memory (MB): peak = 4085.238 ; gain = 0.000

Phase 3.3.2 Slice Area Swap

Phase 3.3.2.1 Slice Area Swap Initial
Phase 3.3.2.1 Slice Area Swap Initial | Checksum: 2f74b076d

Time (s): cpu = 00:03:29 ; elapsed = 00:02:14 . Memory (MB): peak = 4085.238 ; gain = 0.000
Phase 3.3.2 Slice Area Swap | Checksum: 2f74b076d

Time (s): cpu = 00:03:29 ; elapsed = 00:02:15 . Memory (MB): peak = 4085.238 ; gain = 0.000
Phase 3.3 Small Shape DP | Checksum: 248636d8f

Time (s): cpu = 00:04:14 ; elapsed = 00:02:45 . Memory (MB): peak = 4085.238 ; gain = 0.000

Phase 3.4 Re-assign LUT pins
Phase 3.4 Re-assign LUT pins | Checksum: 23d404ff6

Time (s): cpu = 00:04:14 ; elapsed = 00:02:45 . Memory (MB): peak = 4085.238 ; gain = 0.000

Phase 3.5 Pipeline Register Optimization
Phase 3.5 Pipeline Register Optimization | Checksum: 241501334

Time (s): cpu = 00:04:14 ; elapsed = 00:02:45 . Memory (MB): peak = 4085.238 ; gain = 0.000
Phase 3 Detail Placement | Checksum: 241501334

Time (s): cpu = 00:04:14 ; elapsed = 00:02:45 . Memory (MB): peak = 4085.238 ; gain = 0.000

Phase 4 Post Placement Optimization and Clean-Up

Phase 4.1 Post Commit Optimization
INFO: [Timing 38-35] Done setting XDC timing constraints.

Phase 4.1.1 Post Placement Optimization
Post Placement Optimization Initialization | Checksum: 1cacc57cc

Phase 4.1.1.1 BUFG Insertion

Starting Physical Synthesis Task

Phase 1 Physical Synthesis Initialization
INFO: [Physopt 32-721] Multithreading enabled for phys_opt_design using a maximum of 2 CPUs
INFO: [Physopt 32-619] Estimated Timing Summary | WNS=6.921 | TNS=0.000 |
Phase 1 Physical Synthesis Initialization | Checksum: 157ac6ff4

Time (s): cpu = 00:00:00 ; elapsed = 00:00:00.178 . Memory (MB): peak = 4085.238 ; gain = 0.000
INFO: [Place 46-56] BUFG insertion identified 0 candidate nets. Inserted BUFG: 0, Replicated BUFG Driver: 0, Skipped due to Placement/Routing Conflicts: 0, Skipped due to Timing Degradation: 0, Skipped due to netlist editing failed: 0.
Ending Physical Synthesis Task | Checksum: 14f79c48b

Time (s): cpu = 00:00:01 ; elapsed = 00:00:00.233 . Memory (MB): peak = 4085.238 ; gain = 0.000
Phase 4.1.1.1 BUFG Insertion | Checksum: 1cacc57cc

Time (s): cpu = 00:04:41 ; elapsed = 00:03:04 . Memory (MB): peak = 4085.238 ; gain = 0.000

Phase 4.1.1.2 Post Placement Timing Optimization
INFO: [Place 30-746] Post Placement Timing Summary WNS=6.921. For the most accurate timing information please run report_timing.
Phase 4.1.1.2 Post Placement Timing Optimization | Checksum: 1c63aa31b

Time (s): cpu = 00:04:41 ; elapsed = 00:03:04 . Memory (MB): peak = 4085.238 ; gain = 0.000

Time (s): cpu = 00:04:41 ; elapsed = 00:03:04 . Memory (MB): peak = 4085.238 ; gain = 0.000
Phase 4.1 Post Commit Optimization | Checksum: 1c63aa31b

Time (s): cpu = 00:04:41 ; elapsed = 00:03:04 . Memory (MB): peak = 4085.238 ; gain = 0.000
Netlist sorting complete. Time (s): cpu = 00:00:00 ; elapsed = 00:00:00.004 . Memory (MB): peak = 4085.238 ; gain = 0.000

Phase 4.2 Post Placement Cleanup
Phase 4.2 Post Placement Cleanup | Checksum: 1d5f4f2fe

Time (s): cpu = 00:05:05 ; elapsed = 00:03:21 . Memory (MB): peak = 4085.238 ; gain = 0.000

Phase 4.3 Placer Reporting

Phase 4.3.1 Print Estimated Congestion
INFO: [Place 30-612] Post-Placement Estimated Congestion 
 ________________________________________________________________________
|           | Global Congestion | Long Congestion   | Short Congestion  |
| Direction | Region Size       | Region Size       | Region Size       |
|___________|___________________|___________________|___________________|
|      North|                1x1|                1x1|                1x1|
|___________|___________________|___________________|___________________|
|      South|                1x1|                1x1|                1x1|
|___________|___________________|___________________|___________________|
|       East|                1x1|                1x1|                1x1|
|___________|___________________|___________________|___________________|
|       West|                1x1|                1x1|                1x1|
|___________|___________________|___________________|___________________|

Phase 4.3.1 Print Estimated Congestion | Checksum: 1d5f4f2fe

Time (s): cpu = 00:05:05 ; elapsed = 00:03:21 . Memory (MB): peak = 4085.238 ; gain = 0.000
Phase 4.3 Placer Reporting | Checksum: 1d5f4f2fe

Time (s): cpu = 00:05:05 ; elapsed = 00:03:21 . Memory (MB): peak = 4085.238 ; gain = 0.000

Phase 4.4 Final Placement Cleanup
Netlist sorting complete. Time (s): cpu = 00:00:00 ; elapsed = 00:00:00.003 . Memory (MB): peak = 4085.238 ; gain = 0.000

Time (s): cpu = 00:05:05 ; elapsed = 00:03:21 . Memory (MB): peak = 4085.238 ; gain = 0.000
Phase 4 Post Placement Optimization and Clean-Up | Checksum: 1c7ef96d0

Time (s): cpu = 00:05:05 ; elapsed = 00:03:21 . Memory (MB): peak = 4085.238 ; gain = 0.000
Ending Placer Task | Checksum: ea73b998

Time (s): cpu = 00:05:05 ; elapsed = 00:03:21 . Memory (MB): peak = 4085.238 ; gain = 0.000
95 Infos, 3 Warnings, 0 Critical Warnings and 0 Errors encountered.
place_design completed successfully
place_design: Time (s): cpu = 00:05:17 ; elapsed = 00:03:29 . Memory (MB): peak = 4085.238 ; gain = 0.000
INFO: [Vivado 12-24838] Running report commands "report_control_sets, report_io, report_utilization" in parallel.
Running report generation with 2 threads.
INFO: [Vivado 12-24828] Executing command : report_utilization -file design_1_wrapper_utilization_placed.rpt -pb design_1_wrapper_utilization_placed.pb
INFO: [Vivado 12-24828] Executing command : report_control_sets -verbose -file design_1_wrapper_control_sets_placed.rpt
report_control_sets: Time (s): cpu = 00:00:00 ; elapsed = 00:00:00.021 . Memory (MB): peak = 4085.238 ; gain = 0.000
INFO: [Vivado 12-24828] Executing command : report_io -file design_1_wrapper_io_placed.rpt
report_io: Time (s): cpu = 00:00:01 ; elapsed = 00:00:00.180 . Memory (MB): peak = 4085.238 ; gain = 0.000
INFO: [Timing 38-480] Writing timing data to binary archive.
Write ShapeDB Complete: Time (s): cpu = 00:00:00 ; elapsed = 00:00:00.024 . Memory (MB): peak = 4085.238 ; gain = 0.000
Wrote PlaceDB: Time (s): cpu = 00:00:01 ; elapsed = 00:00:00.535 . Memory (MB): peak = 4085.238 ; gain = 0.000
Wrote PulsedLatchDB: Time (s): cpu = 00:00:00 ; elapsed = 00:00:00 . Memory (MB): peak = 4085.238 ; gain = 0.000
Writing XDEF routing.
Writing XDEF routing logical nets.
Writing XDEF routing special nets.
Wrote RouteStorage: Time (s): cpu = 00:00:01 ; elapsed = 00:00:00.133 . Memory (MB): peak = 4085.238 ; gain = 0.000
Wrote Netlist Cache: Time (s): cpu = 00:00:00 ; elapsed = 00:00:00.011 . Memory (MB): peak = 4085.238 ; gain = 0.000
Wrote Device Cache: Time (s): cpu = 00:00:00 ; elapsed = 00:00:00.081 . Memory (MB): peak = 4085.238 ; gain = 0.000
Write Physdb Complete: Time (s): cpu = 00:00:02 ; elapsed = 00:00:00.788 . Memory (MB): peak = 4085.238 ; gain = 0.000
INFO: [Common 17-1381] The checkpoint 'C:/Users/ASUS/iCloudDrive/PhD-kriask/prj/blink_mk_VI/blink_mk_VI.runs/impl_1/design_1_wrapper_placed.dcp' has been generated.
Command: phys_opt_design
Attempting to get a license for feature 'Implementation' and/or device 'xck26'
INFO: [Common 17-349] Got license for feature 'Implementation' and/or device 'xck26'

Starting Initial Update Timing Task

Time (s): cpu = 00:00:03 ; elapsed = 00:00:03 . Memory (MB): peak = 4085.238 ; gain = 0.000
INFO: [Vivado_Tcl 4-2279] Estimated Timing Summary | WNS= 6.922 | TNS= 0.000 | 
INFO: [Vivado_Tcl 4-383] Design worst setup slack (WNS) is greater than or equal to 0.000 ns. All physical synthesis setup optimizations will be skipped.
INFO: [Vivado_Tcl 4-232] No setup violation found. The netlist was not modified.
INFO: [Common 17-83] Releasing license: Implementation
106 Infos, 3 Warnings, 0 Critical Warnings and 0 Errors encountered.
phys_opt_design completed successfully
INFO: [Timing 38-480] Writing timing data to binary archive.
Write ShapeDB Complete: Time (s): cpu = 00:00:00 ; elapsed = 00:00:00.018 . Memory (MB): peak = 4085.238 ; gain = 0.000
Wrote PlaceDB: Time (s): cpu = 00:00:01 ; elapsed = 00:00:00.433 . Memory (MB): peak = 4085.238 ; gain = 0.000
Wrote PulsedLatchDB: Time (s): cpu = 00:00:00 ; elapsed = 00:00:00 . Memory (MB): peak = 4085.238 ; gain = 0.000
Writing XDEF routing.
Writing XDEF routing logical nets.
Writing XDEF routing special nets.
Wrote RouteStorage: Time (s): cpu = 00:00:00 ; elapsed = 00:00:00.118 . Memory (MB): peak = 4085.238 ; gain = 0.000
Wrote Netlist Cache: Time (s): cpu = 00:00:00 ; elapsed = 00:00:00.007 . Memory (MB): peak = 4085.238 ; gain = 0.000
Wrote Device Cache: Time (s): cpu = 00:00:00 ; elapsed = 00:00:00.060 . Memory (MB): peak = 4085.238 ; gain = 0.000
Write Physdb Complete: Time (s): cpu = 00:00:01 ; elapsed = 00:00:00.641 . Memory (MB): peak = 4085.238 ; gain = 0.000
INFO: [Common 17-1381] The checkpoint 'C:/Users/ASUS/iCloudDrive/PhD-kriask/prj/blink_mk_VI/blink_mk_VI.runs/impl_1/design_1_wrapper_physopt.dcp' has been generated.
Command: route_design
Attempting to get a license for feature 'Implementation' and/or device 'xck26'
INFO: [Common 17-349] Got license for feature 'Implementation' and/or device 'xck26'
Running DRC as a precondition to command route_design
INFO: [DRC 23-27] Running DRC with 2 threads
INFO: [Vivado_Tcl 4-198] DRC finished with 0 Errors
INFO: [Vivado_Tcl 4-199] Please refer to the DRC report (report_drc) for more information.


Starting Routing Task
INFO: [Route 35-254] Multithreading enabled for route_design using a maximum of 8 CPUs

Phase 1 Build RT Design
Checksum: PlaceDB: 13c36034 ConstDB: 0 ShapeSum: de8335 RouteDB: d5d1d62f
Nodegraph reading from file.  Time (s): cpu = 00:00:02 ; elapsed = 00:00:02 . Memory (MB): peak = 4085.238 ; gain = 0.000
Post Restoration Checksum: NetGraph: 3c843e7 | NumContArr: 8892657a | Constraints: ea1e544f | Timing: c2a8fa9d
Phase 1 Build RT Design | Checksum: 23921f84d

Time (s): cpu = 00:00:11 ; elapsed = 00:00:10 . Memory (MB): peak = 4085.238 ; gain = 0.000

Phase 2 Router Initialization

Phase 2.1 Fix Topology Constraints
Phase 2.1 Fix Topology Constraints | Checksum: 23921f84d

Time (s): cpu = 00:00:11 ; elapsed = 00:00:10 . Memory (MB): peak = 4085.238 ; gain = 0.000

Phase 2.2 Pre Route Cleanup
Phase 2.2 Pre Route Cleanup | Checksum: 23921f84d

Time (s): cpu = 00:00:11 ; elapsed = 00:00:10 . Memory (MB): peak = 4085.238 ; gain = 0.000

Phase 2.3 Global Clock Net Routing
 Number of Nodes with overlaps = 0
Phase 2.3 Global Clock Net Routing | Checksum: 23ed04151

Time (s): cpu = 00:00:13 ; elapsed = 00:00:12 . Memory (MB): peak = 4085.238 ; gain = 0.000

Phase 2.4 Update Timing
Phase 2.4 Update Timing | Checksum: 25e877117

Time (s): cpu = 00:00:17 ; elapsed = 00:00:16 . Memory (MB): peak = 4085.238 ; gain = 0.000
INFO: [Route 35-416] Intermediate Timing Summary | WNS=6.995  | TNS=0.000  | WHS=-2.796 | THS=-17.370|


Phase 2.5 Update Timing for Bus Skew

Phase 2.5.1 Update Timing
Phase 2.5.1 Update Timing | Checksum: 2a797fd48

Time (s): cpu = 00:00:21 ; elapsed = 00:00:20 . Memory (MB): peak = 4085.238 ; gain = 0.000
INFO: [Route 35-416] Intermediate Timing Summary | WNS=6.995  | TNS=0.000  | WHS=-3.903 | THS=-21.938|

Phase 2.5 Update Timing for Bus Skew | Checksum: 25be8a7f8

Time (s): cpu = 00:00:21 ; elapsed = 00:00:20 . Memory (MB): peak = 4085.238 ; gain = 0.000

Router Utilization Summary
  Global Vertical Routing Utilization    = 0.00224078 %
  Global Horizontal Routing Utilization  = 0.000896768 %
  Routable Net Status*
  *Does not include unroutable nets such as driverless and loadless.
  Run report_route_status for detailed report.
  Number of Failed Nets               = 2737
    (Failed Nets is the sum of unrouted and partially routed nets)
  Number of Unrouted Nets             = 2310
  Number of Partially Routed Nets     = 427
  Number of Node Overlaps             = 0

Phase 2 Router Initialization | Checksum: 23a45a312

Time (s): cpu = 00:00:24 ; elapsed = 00:00:21 . Memory (MB): peak = 4101.711 ; gain = 16.473

Phase 3 Global Routing
Phase 3 Global Routing | Checksum: 23a45a312

Time (s): cpu = 00:00:24 ; elapsed = 00:00:21 . Memory (MB): peak = 4101.711 ; gain = 16.473

Phase 4 Initial Routing

Phase 4.1 Initial Net Routing Pass
Phase 4.1 Initial Net Routing Pass | Checksum: 29a76fb24

Time (s): cpu = 00:00:29 ; elapsed = 00:00:25 . Memory (MB): peak = 4101.711 ; gain = 16.473
Phase 4 Initial Routing | Checksum: 2a7446cb0

Time (s): cpu = 00:00:29 ; elapsed = 00:00:25 . Memory (MB): peak = 4101.711 ; gain = 16.473
INFO: [Route 35-580] Design has 4 pins with tight setup and hold constraints.

The top 5 pins with tight setup and hold constraints:

+===============================+===============================+====================================================================================================================================================+
| Launch Setup Clock            | Launch Hold Clock             | Pin                                                                                                                                                |
+===============================+===============================+====================================================================================================================================================+
| clk_pl_0                      | clk_out1_design_1_clk_wiz_0_0 | design_1_i/ila_0/U0/ila_core_inst/u_trig/U_TM/N_DDR_MODE.G_NMU[1].U_M/allx_typeA_match_detection.ltlib_v1_0_2_allx_typeA_inst/probeDelay1_reg[0]/D |
| clk_pl_0                      | clk_out1_design_1_clk_wiz_0_0 | design_1_i/ila_0/U0/ila_core_inst/u_trig/U_TM/N_DDR_MODE.G_NMU[4].U_M/allx_typeA_match_detection.ltlib_v1_0_2_allx_typeA_inst/probeDelay1_reg[0]/D |
| clk_out1_design_1_clk_wiz_0_0 | clk_out1_design_1_clk_wiz_0_0 | design_1_i/ila_0/U0/ila_core_inst/shifted_data_in_reg[7][1]_srl8/D                                                                                 |
| clk_pl_0                      | clk_out1_design_1_clk_wiz_0_0 | design_1_i/ila_0/U0/ila_core_inst/u_trig/U_TM/N_DDR_MODE.G_NMU[3].U_M/allx_typeA_match_detection.ltlib_v1_0_2_allx_typeA_inst/probeDelay1_reg[0]/D |
+-------------------------------+-------------------------------+----------------------------------------------------------------------------------------------------------------------------------------------------+

File with complete list of pins: tight_setup_hold_pins.txt


Phase 5 Rip-up And Reroute

Phase 5.1 Global Iteration 0
 Number of Nodes with overlaps = 436
 Number of Nodes with overlaps = 15
 Number of Nodes with overlaps = 2
 Number of Nodes with overlaps = 0
INFO: [Route 35-416] Intermediate Timing Summary | WNS=5.274  | TNS=0.000  | WHS=-3.822 | THS=-7.546 |

Phase 5.1 Global Iteration 0 | Checksum: 16d863324

Time (s): cpu = 00:00:39 ; elapsed = 00:00:30 . Memory (MB): peak = 4101.711 ; gain = 16.473

Phase 5.2 Additional Iteration for Hold

Phase 5.2.1 Global Iteration for Hold
INFO: [Route 35-444] Design has unmet hold violation, router is invoking high effort hold fixing.
INFO: [Route 35-416] Intermediate Timing Summary | WNS=5.274  | TNS=0.000  | WHS=-3.822 | THS=-7.546 |


Phase 5.2.1.1 Fast Budgeting
Phase 5.2.1.1 Fast Budgeting | Checksum: 1eaf9201e

Time (s): cpu = 00:00:39 ; elapsed = 00:00:30 . Memory (MB): peak = 4101.711 ; gain = 16.473

Phase 5.2.1.2 Lut RouteThru Assignment for hold
Phase 5.2.1.2 Lut RouteThru Assignment for hold | Checksum: 74124474

Time (s): cpu = 00:00:39 ; elapsed = 00:00:30 . Memory (MB): peak = 4101.711 ; gain = 16.473
 Number of Nodes with overlaps = 1
 Number of Nodes with overlaps = 0
INFO: [Route 35-416] Intermediate Timing Summary | WNS=5.274  | TNS=0.000  | WHS=-3.822 | THS=-7.546 |

Phase 5.2.1 Global Iteration for Hold | Checksum: 1bf69f7f1

Time (s): cpu = 00:00:39 ; elapsed = 00:00:30 . Memory (MB): peak = 4101.711 ; gain = 16.473
Phase 5.2 Additional Iteration for Hold | Checksum: 1bf69f7f1

Time (s): cpu = 00:00:39 ; elapsed = 00:00:30 . Memory (MB): peak = 4101.711 ; gain = 16.473
Phase 5 Rip-up And Reroute | Checksum: 1bf69f7f1

Time (s): cpu = 00:00:39 ; elapsed = 00:00:30 . Memory (MB): peak = 4101.711 ; gain = 16.473

Phase 6 Delay and Skew Optimization

Phase 6.1 Delay CleanUp
Phase 6.1 Delay CleanUp | Checksum: 2386aa60f

Time (s): cpu = 00:00:39 ; elapsed = 00:00:31 . Memory (MB): peak = 4101.711 ; gain = 16.473

Phase 6.2 Clock Skew Optimization
Phase 6.2 Clock Skew Optimization | Checksum: 2386aa60f

Time (s): cpu = 00:00:39 ; elapsed = 00:00:31 . Memory (MB): peak = 4101.711 ; gain = 16.473
Phase 6 Delay and Skew Optimization | Checksum: 2386aa60f

Time (s): cpu = 00:00:39 ; elapsed = 00:00:31 . Memory (MB): peak = 4101.711 ; gain = 16.473

Phase 7 Post Hold Fix

Phase 7.1 Hold Fix Iter
INFO: [Route 35-416] Intermediate Timing Summary | WNS=5.274  | TNS=0.000  | WHS=-3.822 | THS=-7.546 |


Phase 7.1.1 Lut RouteThru Assignment for hold
Phase 7.1.1 Lut RouteThru Assignment for hold | Checksum: 23bb03a2b

Time (s): cpu = 00:00:43 ; elapsed = 00:00:34 . Memory (MB): peak = 4101.711 ; gain = 16.473
Phase 7.1 Hold Fix Iter | Checksum: 23bb03a2b

Time (s): cpu = 00:00:43 ; elapsed = 00:00:34 . Memory (MB): peak = 4101.711 ; gain = 16.473

Phase 7.2 Additional Hold Fix
INFO: [Route 35-416] Intermediate Timing Summary | WNS=5.274  | TNS=0.000  | WHS=-3.822 | THS=-7.546 |

Phase 7.2 Additional Hold Fix | Checksum: 260379a81

Time (s): cpu = 00:00:45 ; elapsed = 00:00:36 . Memory (MB): peak = 4101.711 ; gain = 16.473

Phase 7.3 Non Free Resource Hold Fix Iter
 Number of Nodes with overlaps = 0
Phase 7.3 Non Free Resource Hold Fix Iter | Checksum: 27467c95c

Time (s): cpu = 00:00:48 ; elapsed = 00:00:39 . Memory (MB): peak = 4101.711 ; gain = 16.473
Phase 7 Post Hold Fix | Checksum: 27467c95c

Time (s): cpu = 00:00:48 ; elapsed = 00:00:39 . Memory (MB): peak = 4101.711 ; gain = 16.473

Phase 8 Route finalize

Router Utilization Summary
  Global Vertical Routing Utilization    = 0.15187 %
  Global Horizontal Routing Utilization  = 0.209324 %
  Routable Net Status*
  *Does not include unroutable nets such as driverless and loadless.
  Run report_route_status for detailed report.
  Number of Failed Nets               = 0
    (Failed Nets is the sum of unrouted and partially routed nets)
  Number of Unrouted Nets             = 0
  Number of Partially Routed Nets     = 0
  Number of Node Overlaps             = 0

Phase 8 Route finalize | Checksum: 27467c95c

Time (s): cpu = 00:00:48 ; elapsed = 00:00:39 . Memory (MB): peak = 4101.711 ; gain = 16.473

Phase 9 Verifying routed nets

 Verification completed successfully
Phase 9 Verifying routed nets | Checksum: 27467c95c

Time (s): cpu = 00:00:48 ; elapsed = 00:00:39 . Memory (MB): peak = 4101.711 ; gain = 16.473

Phase 10 Depositing Routes
Phase 10 Depositing Routes | Checksum: 27467c95c

Time (s): cpu = 00:00:49 ; elapsed = 00:00:39 . Memory (MB): peak = 4101.711 ; gain = 16.473

Phase 11 Resolve XTalk
Phase 11 Resolve XTalk | Checksum: 27467c95c

Time (s): cpu = 00:00:49 ; elapsed = 00:00:39 . Memory (MB): peak = 4101.711 ; gain = 16.473

Phase 12 Post Process Routing
Phase 12 Post Process Routing | Checksum: 27467c95c

Time (s): cpu = 00:00:49 ; elapsed = 00:00:39 . Memory (MB): peak = 4101.711 ; gain = 16.473

Phase 13 Post Router Timing

Phase 13.1 Update Timing
Phase 13.1 Update Timing | Checksum: 27467c95c

Time (s): cpu = 00:00:51 ; elapsed = 00:00:41 . Memory (MB): peak = 4101.711 ; gain = 16.473
INFO: [Route 35-57] Estimated Timing Summary | WNS=5.274  | TNS=0.000  | WHS=-3.822 | THS=-7.546 |

WARNING: [Route 35-328] Router estimated timing not met.
Resolution: For a complete and accurate timing signoff, report_timing_summary must be run after route_design. Alternatively, route_design can be run with the -timing_summary option to enable a complete timing signoff at the end of route_design.
Phase 13 Post Router Timing | Checksum: 27467c95c

Time (s): cpu = 00:00:51 ; elapsed = 00:00:41 . Memory (MB): peak = 4101.711 ; gain = 16.473
Time taken to check if laguna hold fix is required (in secs): 0
Skip PhysOpt in Router because non-negative WNS value: 5.28403e-09 .
Total Elapsed time in route_design: 44.243 secs

Phase 14 Post-Route Event Processing
Phase 14 Post-Route Event Processing | Checksum: 10f89cbaf

Time (s): cpu = 00:00:54 ; elapsed = 00:00:44 . Memory (MB): peak = 4101.711 ; gain = 16.473
INFO: [Route 35-16] Router Completed Successfully
Ending Routing Task | Checksum: 10f89cbaf

Time (s): cpu = 00:00:54 ; elapsed = 00:00:44 . Memory (MB): peak = 4101.711 ; gain = 16.473

Routing Is Done.
INFO: [Common 17-83] Releasing license: Implementation
125 Infos, 4 Warnings, 0 Critical Warnings and 0 Errors encountered.
route_design completed successfully
route_design: Time (s): cpu = 00:01:01 ; elapsed = 00:00:48 . Memory (MB): peak = 4101.711 ; gain = 16.473
INFO: [Vivado 12-24828] Executing command : report_drc -file design_1_wrapper_drc_routed.rpt -pb design_1_wrapper_drc_routed.pb -rpx design_1_wrapper_drc_routed.rpx
Command: report_drc -file design_1_wrapper_drc_routed.rpt -pb design_1_wrapper_drc_routed.pb -rpx design_1_wrapper_drc_routed.rpx
INFO: [IP_Flow 19-1839] IP Catalog is up to date.
INFO: [DRC 23-27] Running DRC with 2 threads
INFO: [Vivado_Tcl 2-168] The results of DRC are in file C:/Users/ASUS/iCloudDrive/PhD-kriask/prj/blink_mk_VI/blink_mk_VI.runs/impl_1/design_1_wrapper_drc_routed.rpt.
report_drc completed successfully
report_drc: Time (s): cpu = 00:00:08 ; elapsed = 00:00:05 . Memory (MB): peak = 4101.711 ; gain = 0.000
INFO: [Vivado 12-24828] Executing command : report_methodology -file design_1_wrapper_methodology_drc_routed.rpt -pb design_1_wrapper_methodology_drc_routed.pb -rpx design_1_wrapper_methodology_drc_routed.rpx
Command: report_methodology -file design_1_wrapper_methodology_drc_routed.rpt -pb design_1_wrapper_methodology_drc_routed.pb -rpx design_1_wrapper_methodology_drc_routed.rpx
INFO: [Timing 38-35] Done setting XDC timing constraints.
INFO: [DRC 23-133] Running Methodology with 2 threads
INFO: [Vivado_Tcl 2-1520] The results of Report Methodology are in file C:/Users/ASUS/iCloudDrive/PhD-kriask/prj/blink_mk_VI/blink_mk_VI.runs/impl_1/design_1_wrapper_methodology_drc_routed.rpt.
report_methodology completed successfully
report_methodology: Time (s): cpu = 00:00:09 ; elapsed = 00:00:08 . Memory (MB): peak = 4101.711 ; gain = 0.000
INFO: [Vivado 12-24828] Executing command : report_timing_summary -max_paths 10 -report_unconstrained -file design_1_wrapper_timing_summary_routed.rpt -pb design_1_wrapper_timing_summary_routed.pb -rpx design_1_wrapper_timing_summary_routed.rpx -warn_on_violation 
INFO: [Timing 38-35] Done setting XDC timing constraints.
INFO: [Timing 38-91] UpdateTimingParams: Speed grade: -2LV, Temperature grade: C, Delay Type: min_max.
INFO: [Timing 38-191] Multithreading enabled for timing update using a maximum of 2 CPUs
CRITICAL WARNING: [Timing 38-282] The design failed to meet the timing requirements. Please see the timing summary report for details on the timing violations.
WARNING: [Timing 38-436] There are set_bus_skew constraint(s) in this design. Please run report_bus_skew to ensure that bus skew requirements are met.
INFO: [Vivado 12-24838] Running report commands "report_incremental_reuse, report_route_status" in parallel.
Running report generation with 2 threads.
INFO: [Vivado 12-24828] Executing command : report_incremental_reuse -file design_1_wrapper_incremental_reuse_routed.rpt
INFO: [Vivado_Tcl 4-1062] Incremental flow is disabled. No incremental reuse Info to report.
INFO: [Vivado 12-24828] Executing command : report_route_status -file design_1_wrapper_route_status.rpt -pb design_1_wrapper_route_status.pb
INFO: [Vivado 12-24828] Executing command : report_power -file design_1_wrapper_power_routed.rpt -pb design_1_wrapper_power_summary_routed.pb -rpx design_1_wrapper_power_routed.rpx
Command: report_power -file design_1_wrapper_power_routed.rpt -pb design_1_wrapper_power_summary_routed.pb -rpx design_1_wrapper_power_routed.rpx
Running Vector-less Activity Propagation...

Finished Running Vector-less Activity Propagation
142 Infos, 5 Warnings, 1 Critical Warnings and 0 Errors encountered.
report_power completed successfully
report_power: Time (s): cpu = 00:00:16 ; elapsed = 00:00:18 . Memory (MB): peak = 4101.711 ; gain = 0.000
INFO: [Vivado 12-24828] Executing command : report_clock_utilization -file design_1_wrapper_clock_utilization_routed.rpt
WARNING: [Device 21-9320] Failed to find the Oracle tile group with name 'HSR_BOUNDARY_TOP'. This is required for Clock regions and Virtual grid.
WARNING: [Device 21-2174] Failed to initialize Virtual grid.
report_clock_utilization: Time (s): cpu = 00:00:08 ; elapsed = 00:00:09 . Memory (MB): peak = 4101.711 ; gain = 0.000
INFO: [Vivado 12-24828] Executing command : report_bus_skew -warn_on_violation -file design_1_wrapper_bus_skew_routed.rpt -pb design_1_wrapper_bus_skew_routed.pb -rpx design_1_wrapper_bus_skew_routed.rpx
INFO: [Timing 38-91] UpdateTimingParams: Speed grade: -2LV, Temperature grade: C, Delay Type: min_max.
INFO: [Timing 38-191] Multithreading enabled for timing update using a maximum of 2 CPUs
generate_parallel_reports: Time (s): cpu = 00:00:46 ; elapsed = 00:00:44 . Memory (MB): peak = 4101.711 ; gain = 0.000
INFO: [Timing 38-480] Writing timing data to binary archive.
Write ShapeDB Complete: Time (s): cpu = 00:00:00 ; elapsed = 00:00:00.034 . Memory (MB): peak = 4101.711 ; gain = 0.000
Wrote PlaceDB: Time (s): cpu = 00:00:02 ; elapsed = 00:00:00.692 . Memory (MB): peak = 4101.711 ; gain = 0.000
Wrote PulsedLatchDB: Time (s): cpu = 00:00:00 ; elapsed = 00:00:00 . Memory (MB): peak = 4101.711 ; gain = 0.000
Writing XDEF routing.
Writing XDEF routing logical nets.
Writing XDEF routing special nets.
Wrote RouteStorage: Time (s): cpu = 00:00:00 ; elapsed = 00:00:00.258 . Memory (MB): peak = 4101.711 ; gain = 0.000
Wrote Netlist Cache: Time (s): cpu = 00:00:00 ; elapsed = 00:00:00.008 . Memory (MB): peak = 4101.711 ; gain = 0.000
Wrote Device Cache: Time (s): cpu = 00:00:00 ; elapsed = 00:00:00.072 . Memory (MB): peak = 4101.711 ; gain = 0.000
Write Physdb Complete: Time (s): cpu = 00:00:02 ; elapsed = 00:00:01 . Memory (MB): peak = 4101.711 ; gain = 0.000
INFO: [Common 17-1381] The checkpoint 'C:/Users/ASUS/iCloudDrive/PhD-kriask/prj/blink_mk_VI/blink_mk_VI.runs/impl_1/design_1_wrapper_routed.dcp' has been generated.

WARNING::74 - Unsupported FPGA device name 'xck26-sfvc784-2LV-c'. Verify that the specified device is a valid customer supported device.
-p xck26-sfvc784-2LV-c
   ^

Command: write_bitstream -force design_1_wrapper.bit
Attempting to get a license for feature 'Implementation' and/or device 'xck26'
INFO: [Common 17-349] Got license for feature 'Implementation' and/or device 'xck26'
Running DRC as a precondition to command write_bitstream
INFO: [IP_Flow 19-1839] IP Catalog is up to date.
INFO: [DRC 23-27] Running DRC with 2 threads
WARNING: [DRC PDCN-1569] LUT equation term check: Used physical LUT pin 'A3' of cell dbg_hub/inst/BSCANID.u_xsdbm_id/SWITCH_N_EXT_BSCAN.bscan_switch/temp_curid[31]_i_1 (pin dbg_hub/inst/BSCANID.u_xsdbm_id/SWITCH_N_EXT_BSCAN.bscan_switch/temp_curid[31]_i_1/I1) is not included in the LUT equation: 'O5=(A4*A2)+(A4*(~A2)*(~A1))+((~A4))'. If this cell is a user instantiated LUT in the design, please remove connectivity to the pin or change the equation and/or INIT string of the LUT to prevent this issue. If the cell is inferred or IP created LUT, please regenerate the IP and/or resynthesize the design to attempt to correct the issue.
WARNING: [DRC PDCN-1569] LUT equation term check: Used physical LUT pin 'A4' of cell dbg_hub/inst/BSCANID.u_xsdbm_id/SWITCH_N_EXT_BSCAN.id_state[0]_i_1 (pin dbg_hub/inst/BSCANID.u_xsdbm_id/SWITCH_N_EXT_BSCAN.id_state[0]_i_1/I0) is not included in the LUT equation: 'O6=(A6+~A6)*((A3))'. If this cell is a user instantiated LUT in the design, please remove connectivity to the pin or change the equation and/or INIT string of the LUT to prevent this issue. If the cell is inferred or IP created LUT, please regenerate the IP and/or resynthesize the design to attempt to correct the issue.
WARNING: [DRC PDCN-1569] LUT equation term check: Used physical LUT pin 'A5' of cell dbg_hub/inst/BSCANID.u_xsdbm_id/SWITCH_N_EXT_BSCAN.bscan_switch/temp_curid[31]_i_1 (pin dbg_hub/inst/BSCANID.u_xsdbm_id/SWITCH_N_EXT_BSCAN.bscan_switch/temp_curid[31]_i_1/I0) is not included in the LUT equation: 'O5=(A4*A2)+(A4*(~A2)*(~A1))+((~A4))'. If this cell is a user instantiated LUT in the design, please remove connectivity to the pin or change the equation and/or INIT string of the LUT to prevent this issue. If the cell is inferred or IP created LUT, please regenerate the IP and/or resynthesize the design to attempt to correct the issue.
WARNING: [DRC PDRC-153] Gated clock check: Net design_1_i/and_gate_0/y is a gated clock net sourced by a combinational pin design_1_i/and_gate_0/y_INST_0/O, cell design_1_i/and_gate_0/y_INST_0. This is not good design practice and will likely impact performance. For SLICE registers, for example, use the CE pin to control the loading of data.
WARNING: [DRC PLHOLDVIO-2] Non-Optimal connections which could lead to hold violations: A LUT design_1_i/and_gate_0/y_INST_0 is driving clock pin of 13 cells. This could lead to large hold time violations. Involved cells are:
design_1_i/prescaler_0/U0/counter_reg[0], design_1_i/prescaler_0/U0/counter_reg[10], design_1_i/prescaler_0/U0/counter_reg[11], design_1_i/prescaler_0/U0/counter_reg[1], design_1_i/prescaler_0/U0/counter_reg[2], design_1_i/prescaler_0/U0/counter_reg[3], design_1_i/prescaler_0/U0/counter_reg[4], design_1_i/prescaler_0/U0/counter_reg[5], design_1_i/prescaler_0/U0/counter_reg[6], design_1_i/prescaler_0/U0/counter_reg[7], design_1_i/prescaler_0/U0/counter_reg[8], design_1_i/prescaler_0/U0/counter_reg[9], and design_1_i/prescaler_0/U0/tmp_reg
WARNING: [DRC RTSTAT-10] No routable loads: 25 net(s) have no routable loads. The problem bus(es) and/or net(s) are dbg_hub/inst/BSCANID.u_xsdbm_id/SWITCH_N_EXT_BSCAN.bscan_inst/TMS, dbg_hub/inst/BSCANID.u_xsdbm_id/CORE_XSDB.UUT_MASTER/U_ICON_INTERFACE/U_CMD6_RD/U_RD_FIFO/SUBCORE_FIFO.xsdbm_v3_0_2_rdfifo_inst/inst_fifo_gen/gconvfifo.rf/grf.rf/gntv_or_sync_fifo.gl0.rd/gr1.gr1_int.rfwft/aempty_fwft_i, dbg_hub/inst/BSCANID.u_xsdbm_id/CORE_XSDB.UUT_MASTER/U_ICON_INTERFACE/U_CMD7_CTL/ctl_reg[2:0], dbg_hub/inst/BSCANID.u_xsdbm_id/CORE_XSDB.UUT_MASTER/U_ICON_INTERFACE/U_CMD1/ctl_reg_en_2[1], dbg_hub/inst/BSCANID.u_xsdbm_id/CORE_XSDB.UUT_MASTER/U_ICON_INTERFACE/U_CMD7_CTL/ctl_reg_en_2[1], dbg_hub/inst/BSCANID.u_xsdbm_id/SWITCH_N_EXT_BSCAN.bscan_switch/m_bscan_capture[0], dbg_hub/inst/BSCANID.u_xsdbm_id/SWITCH_N_EXT_BSCAN.bscan_switch/m_bscan_drck[0], dbg_hub/inst/BSCANID.u_xsdbm_id/SWITCH_N_EXT_BSCAN.bscan_switch/m_bscan_runtest[0], dbg_hub/inst/BSCANID.u_xsdbm_id/CORE_XSDB.UUT_MASTER/U_ICON_INTERFACE/U_CMD6_WR/U_WR_FIFO/SUBCORE_FIFO.xsdbm_v3_0_2_wrfifo_inst/inst_fifo_gen/gconvfifo.rf/grf.rf/rstblk/ngwrdrst.grst.rd_rst_reg[0], dbg_hub/inst/BSCANID.u_xsdbm_id/CORE_XSDB.UUT_MASTER/U_ICON_INTERFACE/U_CMD6_WR/U_WR_FIFO/SUBCORE_FIFO.xsdbm_v3_0_2_wrfifo_inst/inst_fifo_gen/gconvfifo.rf/grf.rf/rstblk/ngwrdrst.grst.wr_rst_reg[2], dbg_hub/inst/BSCANID.u_xsdbm_id/CORE_XSDB.UUT_MASTER/U_ICON_INTERFACE/U_CMD6_RD/U_RD_FIFO/SUBCORE_FIFO.xsdbm_v3_0_2_rdfifo_inst/inst_fifo_gen/gconvfifo.rf/grf.rf/rstblk/ngwrdrst.grst.wr_rst_reg[2], dbg_hub/inst/BSCANID.u_xsdbm_id/CORE_XSDB.UUT_MASTER/U_ICON_INTERFACE/U_CMD6_WR/U_WR_FIFO/SUBCORE_FIFO.xsdbm_v3_0_2_wrfifo_inst/inst_fifo_gen/gconvfifo.rf/grf.rf/gntv_or_sync_fifo.gl0.wr/gwhf.whf/overflow, dbg_hub/inst/BSCANID.u_xsdbm_id/CORE_XSDB.UUT_MASTER/U_ICON_INTERFACE/U_CMD6_RD/U_RD_FIFO/SUBCORE_FIFO.xsdbm_v3_0_2_rdfifo_inst/inst_fifo_gen/gconvfifo.rf/grf.rf/gntv_or_sync_fifo.gl0.wr/gwhf.whf/overflow, dbg_hub/inst/BSCANID.u_xsdbm_id/CORE_XSDB.UUT_MASTER/U_ICON_INTERFACE/U_CMD6_RD/U_RD_FIFO/SUBCORE_FIFO.xsdbm_v3_0_2_rdfifo_inst/inst_fifo_gen/gconvfifo.rf/grf.rf/gntv_or_sync_fifo.gl0.rd/gras.rsts/ram_empty_i, dbg_hub/inst/BSCANID.u_xsdbm_id/CORE_XSDB.UUT_MASTER/U_ICON_INTERFACE/U_CMD6_WR/U_WR_FIFO/SUBCORE_FIFO.xsdbm_v3_0_2_wrfifo_inst/inst_fifo_gen/gconvfifo.rf/grf.rf/gntv_or_sync_fifo.gl0.wr/gwas.wsts/ram_full_i... and (the first 15 of 23 listed).
INFO: [Vivado 12-3199] DRC finished with 0 Errors, 6 Warnings
INFO: [Vivado 12-3200] Please refer to the DRC report (report_drc) for more information.
INFO: [Designutils 20-2272] Running write_bitstream with 2 threads.
Loading data files...
Loading site data...
Loading route data...
Processing options...
Creating bitmap...
Creating bitstream...
Bitstream compression saved 44191936 bits.
Writing bitstream ./design_1_wrapper.bit...
INFO: [Vivado 12-1842] Bitgen Completed Successfully.
INFO: [Project 1-1876] WebTalk data collection is mandatory when using a ULT device. To see the specific WebTalk data collected for your design, open the usage_statistics_webtalk.html or usage_statistics_webtalk.xml file in the implementation directory.
INFO: [Common 17-83] Releasing license: Implementation
157 Infos, 13 Warnings, 1 Critical Warnings and 0 Errors encountered.
write_bitstream completed successfully
write_bitstream: Time (s): cpu = 00:00:40 ; elapsed = 00:00:32 . Memory (MB): peak = 4101.711 ; gain = 0.000
INFO: [Common 17-206] Exiting Vivado at Sat Jan  4 15:41:27 2025...
