#-----------------------------------------------------------
# Vivado v2024.1 (64-bit)
# SW Build 5076996 on Wed May 22 18:37:14 MDT 2024
# IP Build 5075265 on Wed May 22 21:45:21 MDT 2024
# SharedData Build 5076995 on Wed May 22 18:29:18 MDT 2024
# Start of session at: Tue Feb 18 11:03:43 2025
# Process ID: 22112
# Current directory: C:/Users/ASUS/Documents/PhD/kriask/prj/blink_mk_VII
# Command line: vivado.exe -gui_launcher_event rodinguilauncherevent17512 C:\Users\ASUS\Documents\PhD\kriask\prj\blink_mk_VII\blink_mk_VII.xpr
# Log file: C:/Users/ASUS/Documents/PhD/kriask/prj/blink_mk_VII/vivado.log
# Journal file: C:/Users/ASUS/Documents/PhD/kriask/prj/blink_mk_VII\vivado.jou
# Running On        :Goose
# Platform          :Windows Server 2016 or Windows 10
# Operating System  :26100
# Processor Detail  :Intel(R) Core(TM) i7-10510U CPU @ 1.80GHz
# CPU Frequency     :2304 MHz
# CPU Physical cores:4
# CPU Logical cores :8
# Host memory       :16979 MB
# Swap memory       :1073 MB
# Total Virtual     :18053 MB
# Available Virtual :10471 MB
#-----------------------------------------------------------
start_gui
open_project C:/Users/ASUS/Documents/PhD/kriask/prj/blink_mk_VII/blink_mk_VII.xpr
WARNING: [Board 49-26] cannot add Board Part xilinx.com:kc705:part0:1.6 available at C:/Xilinx/Vivado/2024.1/data/xhub/boards/XilinxBoardStore/boards/Xilinx/kc705/1.6/board.xml as part xc7k325tffg900-2 specified in board_part file is either invalid or not available
WARNING: [Board 49-26] cannot add Board Part xilinx.com:kcu105:part0:1.6 available at C:/Xilinx/Vivado/2024.1/data/xhub/boards/XilinxBoardStore/boards/Xilinx/kcu105/1.6/board.xml as part xcku040-ffva1156-2-e specified in board_part file is either invalid or not available
WARNING: [Board 49-26] cannot add Board Part xilinx.com:kcu105:part0:1.7 available at C:/Xilinx/Vivado/2024.1/data/xhub/boards/XilinxBoardStore/boards/Xilinx/kcu105/1.7/board.xml as part xcku040-ffva1156-2-e specified in board_part file is either invalid or not available
WARNING: [Board 49-26] cannot add Board Part xilinx.com:kcu1500:part0:1.2 available at C:/Xilinx/Vivado/2024.1/data/xhub/boards/XilinxBoardStore/boards/Xilinx/kcu1500/1.2/board.xml as part xcku115-flvb2104-2-e specified in board_part file is either invalid or not available
WARNING: [Board 49-26] cannot add Board Part xilinx.com:vc707:part0:1.4 available at C:/Xilinx/Vivado/2024.1/data/xhub/boards/XilinxBoardStore/boards/Xilinx/vc707/1.4/board.xml as part xc7vx485tffg1761-2 specified in board_part file is either invalid or not available
WARNING: [Board 49-26] cannot add Board Part xilinx.com:vc709:part0:1.8 available at C:/Xilinx/Vivado/2024.1/data/xhub/boards/XilinxBoardStore/boards/Xilinx/vc709/1.8/board.xml as part xc7vx690tffg1761-2 specified in board_part file is either invalid or not available
WARNING: [Board 49-26] cannot add Board Part xilinx.com:vck190:part0:2.2 available at C:/Xilinx/Vivado/2024.1/data/xhub/boards/XilinxBoardStore/boards/Xilinx/vck190/production/2.2/board.xml as part xcvc1902-vsva2197-2mp-e-s specified in board_part file is either invalid or not available
WARNING: [Board 49-26] cannot add Board Part xilinx.com:vck190:part0:3.0 available at C:/Xilinx/Vivado/2024.1/data/xhub/boards/XilinxBoardStore/boards/Xilinx/vck190/production/3.0/board.xml as part xcvc1902-vsva2197-2mp-e-s specified in board_part file is either invalid or not available
WARNING: [Board 49-26] cannot add Board Part xilinx.com:vck190:part0:3.1 available at C:/Xilinx/Vivado/2024.1/data/xhub/boards/XilinxBoardStore/boards/Xilinx/vck190/production/3.1/board.xml as part xcvc1902-vsva2197-2mp-e-s specified in board_part file is either invalid or not available
WARNING: [Board 49-26] cannot add Board Part xilinx.com:vck190:part0:3.2 available at C:/Xilinx/Vivado/2024.1/data/xhub/boards/XilinxBoardStore/boards/Xilinx/vck190/production/3.2/board.xml as part xcvc1902-vsva2197-2mp-e-s specified in board_part file is either invalid or not available
WARNING: [Board 49-26] cannot add Board Part xilinx.com:vck190:part0:3.3 available at C:/Xilinx/Vivado/2024.1/data/xhub/boards/XilinxBoardStore/boards/Xilinx/vck190/production/3.3/board.xml as part xcvc1902-vsva2197-2mp-e-s specified in board_part file is either invalid or not available
WARNING: [Board 49-26] cannot add Board Part xilinx.com:vck190_newl:part0:1.0 available at C:/Xilinx/Vivado/2024.1/data/xhub/boards/XilinxBoardStore/boards/Xilinx/vck190_newl/production/1.0/board.xml as part xcvc1902-vsva2197-2mp-e-s specified in board_part file is either invalid or not available
WARNING: [Board 49-26] cannot add Board Part xilinx.com:vck190_newl:part0:1.1 available at C:/Xilinx/Vivado/2024.1/data/xhub/boards/XilinxBoardStore/boards/Xilinx/vck190_newl/production/1.1/board.xml as part xcvc1902-vsva2197-2mp-e-s specified in board_part file is either invalid or not available
WARNING: [Board 49-26] cannot add Board Part xilinx.com:vck190_newl:part0:1.2 available at C:/Xilinx/Vivado/2024.1/data/xhub/boards/XilinxBoardStore/boards/Xilinx/vck190_newl/production/1.2/board.xml as part xcvc1902-vsva2197-2mp-e-s specified in board_part file is either invalid or not available
WARNING: [Board 49-26] cannot add Board Part xilinx.com:vcu108:part0:1.6 available at C:/Xilinx/Vivado/2024.1/data/xhub/boards/XilinxBoardStore/boards/Xilinx/vcu108/1.6/board.xml as part xcvu095-ffva2104-2-e specified in board_part file is either invalid or not available
WARNING: [Board 49-26] cannot add Board Part xilinx.com:vcu108:part0:1.7 available at C:/Xilinx/Vivado/2024.1/data/xhub/boards/XilinxBoardStore/boards/Xilinx/vcu108/1.7/board.xml as part xcvu095-ffva2104-2-e specified in board_part file is either invalid or not available
WARNING: [Board 49-26] cannot add Board Part xilinx.com:vcu110:part0:1.4 available at C:/Xilinx/Vivado/2024.1/data/xhub/boards/XilinxBoardStore/boards/Xilinx/vcu110/1.4/board.xml as part xcvu190-flgc2104-2-e specified in board_part file is either invalid or not available
WARNING: [Board 49-26] cannot add Board Part xilinx.com:vcu118:part0:2.0 available at C:/Xilinx/Vivado/2024.1/data/xhub/boards/XilinxBoardStore/boards/Xilinx/vcu118/2.0/board.xml as part xcvu9p-flga2104-2l-e specified in board_part file is either invalid or not available
WARNING: [Board 49-26] cannot add Board Part xilinx.com:vcu118:part0:2.3 available at C:/Xilinx/Vivado/2024.1/data/xhub/boards/XilinxBoardStore/boards/Xilinx/vcu118/2.3/board.xml as part xcvu9p-flga2104-2l-e specified in board_part file is either invalid or not available
WARNING: [Board 49-26] cannot add Board Part xilinx.com:vcu118:part0:2.4 available at C:/Xilinx/Vivado/2024.1/data/xhub/boards/XilinxBoardStore/boards/Xilinx/vcu118/2.4/board.xml as part xcvu9p-flga2104-2l-e specified in board_part file is either invalid or not available
WARNING: [Board 49-26] cannot add Board Part xilinx.com:vcu129:part0:1.0 available at C:/Xilinx/Vivado/2024.1/data/xhub/boards/XilinxBoardStore/boards/Xilinx/vcu129/production/1.0/board.xml as part xcvu29p-fsga2577-2l-e specified in board_part file is either invalid or not available
WARNING: [Board 49-26] cannot add Board Part xilinx.com:vcu1525:part0:1.3 available at C:/Xilinx/Vivado/2024.1/data/xhub/boards/XilinxBoardStore/boards/Xilinx/vcu1525/1.3/board.xml as part xcvu9p-fsgd2104-2l-e specified in board_part file is either invalid or not available
WARNING: [Board 49-26] cannot add Board Part xilinx.com:vek280:part0:1.0 available at C:/Xilinx/Vivado/2024.1/data/xhub/boards/XilinxBoardStore/boards/Xilinx/vek280/production/1.0/board.xml as part xcve2802-vsvh1760-2mp-e-s specified in board_part file is either invalid or not available
WARNING: [Board 49-26] cannot add Board Part xilinx.com:vek280:part0:1.1 available at C:/Xilinx/Vivado/2024.1/data/xhub/boards/XilinxBoardStore/boards/Xilinx/vek280/production/1.1/board.xml as part xcve2802-vsvh1760-2mp-e-s specified in board_part file is either invalid or not available
WARNING: [Board 49-26] cannot add Board Part xilinx.com:vek280:part0:1.2 available at C:/Xilinx/Vivado/2024.1/data/xhub/boards/XilinxBoardStore/boards/Xilinx/vek280/production/1.2/board.xml as part xcve2802-vsvh1760-2mp-e-s specified in board_part file is either invalid or not available
WARNING: [Board 49-26] cannot add Board Part xilinx.com:vek280_es:part0:1.0 available at C:/Xilinx/Vivado/2024.1/data/xhub/boards/XilinxBoardStore/boards/Xilinx/vek280/es/rev_a/1.0/board.xml as part xcve2802-vsvh1760-2lp-e-s-es1 specified in board_part file is either invalid or not available
WARNING: [Board 49-26] cannot add Board Part xilinx.com:vek280_es:part0:1.1 available at C:/Xilinx/Vivado/2024.1/data/xhub/boards/XilinxBoardStore/boards/Xilinx/vek280/es/rev_a/1.1/board.xml as part xcve2802-vsvh1760-2lp-e-s-es1 specified in board_part file is either invalid or not available
WARNING: [Board 49-26] cannot add Board Part xilinx.com:vek280_es_revb:part0:1.0 available at C:/Xilinx/Vivado/2024.1/data/xhub/boards/XilinxBoardStore/boards/Xilinx/vek280/es/rev_b/1.0/board.xml as part xcve2802-vsvh1760-2mp-e-s-es1 specified in board_part file is either invalid or not available
WARNING: [Board 49-26] cannot add Board Part xilinx.com:vek280_es_revb:part0:1.1 available at C:/Xilinx/Vivado/2024.1/data/xhub/boards/XilinxBoardStore/boards/Xilinx/vek280/es/rev_b/1.1/board.xml as part xcve2802-vsvh1760-2mp-e-s-es1 specified in board_part file is either invalid or not available
WARNING: [Board 49-26] cannot add Board Part xilinx.com:vermeo_t1_mpsoc:part0:1.0 available at C:/Xilinx/Vivado/2024.1/data/xhub/boards/XilinxBoardStore/boards/Xilinx/vermeo_t1_mpsoc/1.0/board.xml as part xczu19eg-ffvd1760-2l-e specified in board_part file is either invalid or not available
WARNING: [Board 49-26] cannot add Board Part xilinx.com:vermeo_t1_rfsoc:part0:1.0 available at C:/Xilinx/Vivado/2024.1/data/xhub/boards/XilinxBoardStore/boards/Xilinx/vermeo_t1_rfsoc/1.0/board.xml as part xczu21dr-ffvd1156-2l-e specified in board_part file is either invalid or not available
WARNING: [Board 49-26] cannot add Board Part xilinx.com:vhk158:part0:1.0 available at C:/Xilinx/Vivado/2024.1/data/xhub/boards/XilinxBoardStore/boards/Xilinx/vhk158/production/1.0/board.xml as part xcvh1582-vsva3697-2mp-e-s specified in board_part file is either invalid or not available
WARNING: [Board 49-26] cannot add Board Part xilinx.com:vhk158:part0:1.1 available at C:/Xilinx/Vivado/2024.1/data/xhub/boards/XilinxBoardStore/boards/Xilinx/vhk158/production/1.1/board.xml as part xcvh1582-vsva3697-2mp-e-s specified in board_part file is either invalid or not available
WARNING: [Board 49-26] cannot add Board Part xilinx.com:vhk158_es:part0:1.0 available at C:/Xilinx/Vivado/2024.1/data/xhub/boards/XilinxBoardStore/boards/Xilinx/vhk158/es/1.0/board.xml as part xcvh1582-vsva3697-2mp-e-s-es1 specified in board_part file is either invalid or not available
WARNING: [Board 49-26] cannot add Board Part xilinx.com:vhk158_es:part0:1.1 available at C:/Xilinx/Vivado/2024.1/data/xhub/boards/XilinxBoardStore/boards/Xilinx/vhk158/es/1.1/board.xml as part xcvh1582-vsva3697-2mp-e-s-es1 specified in board_part file is either invalid or not available
WARNING: [Board 49-26] cannot add Board Part xilinx.com:vmk180:part0:2.2 available at C:/Xilinx/Vivado/2024.1/data/xhub/boards/XilinxBoardStore/boards/Xilinx/vmk180/production/2.2/board.xml as part xcvm1802-vsva2197-2mp-e-s specified in board_part file is either invalid or not available
WARNING: [Board 49-26] cannot add Board Part xilinx.com:vmk180:part0:3.0 available at C:/Xilinx/Vivado/2024.1/data/xhub/boards/XilinxBoardStore/boards/Xilinx/vmk180/production/3.0/board.xml as part xcvm1802-vsva2197-2mp-e-s specified in board_part file is either invalid or not available
WARNING: [Board 49-26] cannot add Board Part xilinx.com:vmk180:part0:3.1 available at C:/Xilinx/Vivado/2024.1/data/xhub/boards/XilinxBoardStore/boards/Xilinx/vmk180/production/3.1/board.xml as part xcvm1802-vsva2197-2mp-e-s specified in board_part file is either invalid or not available
WARNING: [Board 49-26] cannot add Board Part xilinx.com:vmk180:part0:3.2 available at C:/Xilinx/Vivado/2024.1/data/xhub/boards/XilinxBoardStore/boards/Xilinx/vmk180/production/3.2/board.xml as part xcvm1802-vsva2197-2mp-e-s specified in board_part file is either invalid or not available
WARNING: [Board 49-26] cannot add Board Part xilinx.com:vmk180_newl:part0:1.0 available at C:/Xilinx/Vivado/2024.1/data/xhub/boards/XilinxBoardStore/boards/Xilinx/vmk180_newl/production/1.0/board.xml as part xcvm1802-vsva2197-2mp-e-s specified in board_part file is either invalid or not available
WARNING: [Board 49-26] cannot add Board Part xilinx.com:vmk180_newl:part0:1.1 available at C:/Xilinx/Vivado/2024.1/data/xhub/boards/XilinxBoardStore/boards/Xilinx/vmk180_newl/production/1.1/board.xml as part xcvm1802-vsva2197-2mp-e-s specified in board_part file is either invalid or not available
WARNING: [Board 49-26] cannot add Board Part xilinx.com:vpk120:part0:1.0 available at C:/Xilinx/Vivado/2024.1/data/xhub/boards/XilinxBoardStore/boards/Xilinx/vpk120/production/1.0/board.xml as part xcvp1202-vsva2785-2mp-e-s specified in board_part file is either invalid or not available
WARNING: [Board 49-26] cannot add Board Part xilinx.com:vpk120:part0:1.1 available at C:/Xilinx/Vivado/2024.1/data/xhub/boards/XilinxBoardStore/boards/Xilinx/vpk120/production/1.1/board.xml as part xcvp1202-vsva2785-2mp-e-s specified in board_part file is either invalid or not available
WARNING: [Board 49-26] cannot add Board Part xilinx.com:vpk120:part0:1.2 available at C:/Xilinx/Vivado/2024.1/data/xhub/boards/XilinxBoardStore/boards/Xilinx/vpk120/production/1.2/board.xml as part xcvp1202-vsva2785-2mp-e-s specified in board_part file is either invalid or not available
WARNING: [Board 49-26] cannot add Board Part xilinx.com:vpk180:part0:1.0 available at C:/Xilinx/Vivado/2024.1/data/xhub/boards/XilinxBoardStore/boards/Xilinx/vpk180/production/1.0/board.xml as part xcvp1802-lsvc4072-2mp-e-s specified in board_part file is either invalid or not available
WARNING: [Board 49-26] cannot add Board Part xilinx.com:vpk180:part0:1.1 available at C:/Xilinx/Vivado/2024.1/data/xhub/boards/XilinxBoardStore/boards/Xilinx/vpk180/production/1.1/board.xml as part xcvp1802-lsvc4072-2mp-e-s specified in board_part file is either invalid or not available
WARNING: [Board 49-26] cannot add Board Part xilinx.com:vpk180:part0:1.2 available at C:/Xilinx/Vivado/2024.1/data/xhub/boards/XilinxBoardStore/boards/Xilinx/vpk180/production/1.2/board.xml as part xcvp1802-lsvc4072-2mp-e-s specified in board_part file is either invalid or not available
WARNING: [Board 49-26] cannot add Board Part xilinx.com:zc706:part0:1.4 available at C:/Xilinx/Vivado/2024.1/data/xhub/boards/XilinxBoardStore/boards/Xilinx/zc706/1.4/board.xml as part xc7z045ffg900-2 specified in board_part file is either invalid or not available
WARNING: [Board 49-26] cannot add Board Part xilinx.com:zcu102:part0:3.3 available at C:/Xilinx/Vivado/2024.1/data/xhub/boards/XilinxBoardStore/boards/Xilinx/zcu102/3.3/board.xml as part xczu9eg-ffvb1156-2-e specified in board_part file is either invalid or not available
WARNING: [Board 49-26] cannot add Board Part xilinx.com:zcu102:part0:3.4 available at C:/Xilinx/Vivado/2024.1/data/xhub/boards/XilinxBoardStore/boards/Xilinx/zcu102/3.4/board.xml as part xczu9eg-ffvb1156-2-e specified in board_part file is either invalid or not available
WARNING: [Board 49-26] cannot add Board Part xilinx.com:zcu111:part0:1.2 available at C:/Xilinx/Vivado/2024.1/data/xhub/boards/XilinxBoardStore/boards/Xilinx/zcu111/1.2/board.xml as part xczu28dr-ffvg1517-2-e specified in board_part file is either invalid or not available
WARNING: [Board 49-26] cannot add Board Part xilinx.com:zcu111:part0:1.3 available at C:/Xilinx/Vivado/2024.1/data/xhub/boards/XilinxBoardStore/boards/Xilinx/zcu111/1.3/board.xml as part xczu28dr-ffvg1517-2-e specified in board_part file is either invalid or not available
WARNING: [Board 49-26] cannot add Board Part xilinx.com:zcu111:part0:1.4 available at C:/Xilinx/Vivado/2024.1/data/xhub/boards/XilinxBoardStore/boards/Xilinx/zcu111/1.4/board.xml as part xczu28dr-ffvg1517-2-e specified in board_part file is either invalid or not available
WARNING: [Board 49-26] cannot add Board Part xilinx.com:zcu1275:part0:1.0 available at C:/Xilinx/Vivado/2024.1/data/xhub/boards/XilinxBoardStore/boards/Xilinx/zcu1275/1.0/board.xml as part xczu29dr-ffvf1760-2-e specified in board_part file is either invalid or not available
WARNING: [Board 49-26] cannot add Board Part xilinx.com:zcu1285:part0:1.0 available at C:/Xilinx/Vivado/2024.1/data/xhub/boards/XilinxBoardStore/boards/Xilinx/zcu1285/1.0/board.xml as part xczu39dr-ffvf1760-2-i specified in board_part file is either invalid or not available
WARNING: [Board 49-26] cannot add Board Part xilinx.com:zcu208:part0:2.0 available at C:/Xilinx/Vivado/2024.1/data/xhub/boards/XilinxBoardStore/boards/Xilinx/zcu208/production/2.0/board.xml as part xczu48dr-fsvg1517-2-e specified in board_part file is either invalid or not available
WARNING: [Board 49-26] cannot add Board Part xilinx.com:zcu208ld:part0:2.0 available at C:/Xilinx/Vivado/2024.1/data/xhub/boards/XilinxBoardStore/boards/Xilinx/zcu208ld/production/2.0/board.xml as part xczu58dr-fsvg1517-2-i specified in board_part file is either invalid or not available
WARNING: [Board 49-26] cannot add Board Part xilinx.com:zcu216:part0:2.0 available at C:/Xilinx/Vivado/2024.1/data/xhub/boards/XilinxBoardStore/boards/Xilinx/zcu216/production/2.0/board.xml as part xczu49dr-ffvf1760-2-e specified in board_part file is either invalid or not available
WARNING: [Board 49-26] cannot add Board Part xilinx.com:zcu216ld:part0:2.0 available at C:/Xilinx/Vivado/2024.1/data/xhub/boards/XilinxBoardStore/boards/Xilinx/zcu216ld/production/2.0/board.xml as part xczu59dr-ffvf1760-2-i specified in board_part file is either invalid or not available
WARNING: [Board 49-26] cannot add Board Part xilinx.com:zcu670:part0:2.0 available at C:/Xilinx/Vivado/2024.1/data/xhub/boards/XilinxBoardStore/boards/Xilinx/zcu670/2.0/board.xml as part xczu67dr-fsve1156-2-i specified in board_part file is either invalid or not available
WARNING: [Board 49-26] cannot add Board Part xilinx.com:zcu670ld:part0:1.0 available at C:/Xilinx/Vivado/2024.1/data/xhub/boards/XilinxBoardStore/boards/Xilinx/zcu670ld/1.0/board.xml as part xczu57dr-fsve1156-2-i specified in board_part file is either invalid or not available
Scanning sources...
Finished scanning sources
INFO: [IP_Flow 19-234] Refreshing IP repositories
INFO: [IP_Flow 19-1704] No user IP repositories specified
INFO: [IP_Flow 19-2313] Loaded Vivado IP repository 'C:/Xilinx/Vivado/2024.1/data/ip'.
open_project: Time (s): cpu = 00:00:31 ; elapsed = 00:00:16 . Memory (MB): peak = 1599.648 ; gain = 488.312
update_compile_order -fileset sources_1
open_bd_design {C:/Users/ASUS/Documents/PhD/kriask/prj/blink_mk_VII/blink_mk_VII.srcs/sources_1/bd/design_1/design_1.bd}
Reading block design file <C:/Users/ASUS/Documents/PhD/kriask/prj/blink_mk_VII/blink_mk_VII.srcs/sources_1/bd/design_1/design_1.bd>...
Adding component instance block -- xilinx.com:ip:zynq_ultra_ps_e:3.5 - zynq_ultra_ps_e_0
Adding component instance block -- xilinx.com:ip:proc_sys_reset:5.0 - proc_sys_reset_0
Adding component instance block -- xilinx.com:module_ref:axi_cfg_register:1.0 - axi_cfg_register_0
Adding component instance block -- xilinx.com:ip:xlslice:1.0 - xlslice_0
Adding component instance block -- xilinx.com:ip:axi_interconnect:2.1 - ps8_0_axi_periph
Adding component instance block -- xilinx.com:ip:axi_crossbar:2.1 - xbar
Adding component instance block -- xilinx.com:ip:axi_dwidth_converter:2.1 - auto_ds
Adding component instance block -- xilinx.com:ip:axi_protocol_converter:2.1 - auto_pc
Adding component instance block -- xilinx.com:ip:axi_dwidth_converter:2.1 - auto_ds
Adding component instance block -- xilinx.com:ip:axi_protocol_converter:2.1 - auto_pc
Adding component instance block -- xilinx.com:ip:clk_wiz:6.0 - clk_wiz_0
Adding component instance block -- xilinx.com:ip:ila:6.2 - ila_0
INFO: [xilinx.com:ip:ila:6.2-6] /ila_0: AMD recommends using the System ILA IP in IP Integrator. The System ILA IP is functionally equivalent to an ILA and offers additional benefits in debugging interfaces both within IP Integrator and the Hardware Manager. Consult the Programming and Debug User Guide UG908 for further details.
Successfully read diagram <design_1> from block design file <C:/Users/ASUS/Documents/PhD/kriask/prj/blink_mk_VII/blink_mk_VII.srcs/sources_1/bd/design_1/design_1.bd>
open_bd_design: Time (s): cpu = 00:00:11 ; elapsed = 00:00:07 . Memory (MB): peak = 1755.812 ; gain = 141.660
regenerate_bd_layout
INFO: [Device 21-403] Loading part xck26-sfvc784-2LV-c
file mkdir C:/Users/ASUS/Documents/PhD/kriask/prj/blink_mk_VII/blink_mk_VII.srcs/sources_1/new
close [ open C:/Users/ASUS/Documents/PhD/kriask/prj/blink_mk_VII/blink_mk_VII.srcs/sources_1/new/demux.vhd w ]
add_files C:/Users/ASUS/Documents/PhD/kriask/prj/blink_mk_VII/blink_mk_VII.srcs/sources_1/new/demux.vhd
update_compile_order -fileset sources_1
create_bd_cell -type module -reference demux demux_0
delete_bd_objs [get_bd_nets axi_cfg_register_0_cfg_data]
startgroup
set_property CONFIG.CFG_DATA_WIDTH {32} [get_bd_cells axi_cfg_register_0]
endgroup
connect_bd_net [get_bd_pins demux_0/d_in] [get_bd_pins axi_cfg_register_0/cfg_data]
connect_bd_net [get_bd_ports uf1] [get_bd_pins demux_0/d_out]
connect_bd_net [get_bd_pins ila_0/probe1] [get_bd_pins demux_0/d_out]
regenerate_bd_layout
delete_bd_objs [get_bd_ports uf1]
delete_bd_objs [get_bd_nets demux_0_d_out]
startgroup
make_bd_pins_external  [get_bd_pins demux_0/d_out]
endgroup
connect_bd_net [get_bd_pins ila_0/probe1] [get_bd_pins demux_0/d_out]
set_property name uf1 [get_bd_ports d_out_0]
regenerate_bd_layout
regenerate_bd_layout
regenerate_bd_layout
regenerate_bd_layout
regenerate_bd_layout
regenerate_bd_layout
regenerate_bd_layout
regenerate_bd_layout
regenerate_bd_layout
regenerate_bd_layout
regenerate_bd_layout
regenerate_bd_layout
regenerate_bd_layout
regenerate_bd_layout
regenerate_bd_layout
regenerate_bd_layout
regenerate_bd_layout
regenerate_bd_layout
save_bd_design
Wrote  : <C:\Users\ASUS\Documents\PhD\kriask\prj\blink_mk_VII\blink_mk_VII.srcs\sources_1\bd\design_1\design_1.bd> 
Wrote  : <C:/Users/ASUS/Documents/PhD/kriask/prj/blink_mk_VII/blink_mk_VII.srcs/sources_1/bd/design_1/ui/bd_1f5defd0.ui> 
update_compile_order -fileset sources_1
reset_run synth_1
INFO: [Project 1-1161] Replacing file C:/Users/ASUS/Documents/PhD/kriask/prj/blink_mk_VII/blink_mk_VII.srcs/utils_1/imports/synth_1/design_1_wrapper.dcp with file C:/Users/ASUS/Documents/PhD/kriask/prj/blink_mk_VII/blink_mk_VII.runs/synth_1/design_1_wrapper.dcp
reset_run design_1_axi_cfg_register_0_0_synth_1
launch_runs impl_1 -to_step write_bitstream -jobs 8
INFO: [xilinx.com:ip:clk_wiz:6.0-1] /clk_wiz_0 clk_wiz propagate
INFO: [xilinx.com:ip:clk_wiz:6.0-1] /clk_wiz_0 clk_wiz propagate
WARNING: [BD 41-237] Bus Interface property AWUSER_WIDTH does not match between /ps8_0_axi_periph/s00_couplers/auto_ds/S_AXI(0) and /zynq_ultra_ps_e_0/M_AXI_HPM0_FPD(16)
WARNING: [BD 41-237] Bus Interface property ARUSER_WIDTH does not match between /ps8_0_axi_periph/s00_couplers/auto_ds/S_AXI(0) and /zynq_ultra_ps_e_0/M_AXI_HPM0_FPD(16)
WARNING: [BD 41-237] Bus Interface property AWUSER_WIDTH does not match between /ps8_0_axi_periph/s01_couplers/auto_ds/S_AXI(0) and /zynq_ultra_ps_e_0/M_AXI_HPM1_FPD(16)
WARNING: [BD 41-237] Bus Interface property ARUSER_WIDTH does not match between /ps8_0_axi_periph/s01_couplers/auto_ds/S_AXI(0) and /zynq_ultra_ps_e_0/M_AXI_HPM1_FPD(16)
Wrote  : <C:\Users\ASUS\Documents\PhD\kriask\prj\blink_mk_VII\blink_mk_VII.srcs\sources_1\bd\design_1\design_1.bd> 
VHDL Output written to : c:/Users/ASUS/Documents/PhD/kriask/prj/blink_mk_VII/blink_mk_VII.gen/sources_1/bd/design_1/synth/design_1.vhd
VHDL Output written to : c:/Users/ASUS/Documents/PhD/kriask/prj/blink_mk_VII/blink_mk_VII.gen/sources_1/bd/design_1/sim/design_1.vhd
VHDL Output written to : c:/Users/ASUS/Documents/PhD/kriask/prj/blink_mk_VII/blink_mk_VII.gen/sources_1/bd/design_1/hdl/design_1_wrapper.vhd
INFO: [BD 41-1029] Generation completed for the IP Integrator block axi_cfg_register_0 .
INFO: [BD 41-1029] Generation completed for the IP Integrator block demux_0 .
WARNING: [IP_Flow 19-4994] Overwriting existing constraint file 'c:/Users/ASUS/Documents/PhD/kriask/prj/blink_mk_VII/blink_mk_VII.gen/sources_1/bd/design_1/ip/design_1_auto_ds_0/design_1_auto_ds_0_ooc.xdc'
INFO: [IP_Flow 19-5611] Unable to find an associated reset port for the interface 'S_AXI'. A default connection has been created.
INFO: [IP_Flow 19-5611] Unable to find an associated reset port for the interface 'M_AXI'. A default connection has been created.
INFO: [BD 41-1029] Generation completed for the IP Integrator block ps8_0_axi_periph/s00_couplers/auto_ds .
WARNING: [IP_Flow 19-4994] Overwriting existing constraint file 'c:/Users/ASUS/Documents/PhD/kriask/prj/blink_mk_VII/blink_mk_VII.gen/sources_1/bd/design_1/ip/design_1_auto_pc_0/design_1_auto_pc_0_ooc.xdc'
INFO: [BD 41-1029] Generation completed for the IP Integrator block ps8_0_axi_periph/s00_couplers/auto_pc .
WARNING: [IP_Flow 19-4994] Overwriting existing constraint file 'c:/Users/ASUS/Documents/PhD/kriask/prj/blink_mk_VII/blink_mk_VII.gen/sources_1/bd/design_1/ip/design_1_auto_ds_1/design_1_auto_ds_1_ooc.xdc'
INFO: [IP_Flow 19-5611] Unable to find an associated reset port for the interface 'S_AXI'. A default connection has been created.
INFO: [IP_Flow 19-5611] Unable to find an associated reset port for the interface 'M_AXI'. A default connection has been created.
INFO: [BD 41-1029] Generation completed for the IP Integrator block ps8_0_axi_periph/s01_couplers/auto_ds .
WARNING: [IP_Flow 19-4994] Overwriting existing constraint file 'c:/Users/ASUS/Documents/PhD/kriask/prj/blink_mk_VII/blink_mk_VII.gen/sources_1/bd/design_1/ip/design_1_auto_pc_1/design_1_auto_pc_1_ooc.xdc'
INFO: [BD 41-1029] Generation completed for the IP Integrator block ps8_0_axi_periph/s01_couplers/auto_pc .
Exporting to file c:/Users/ASUS/Documents/PhD/kriask/prj/blink_mk_VII/blink_mk_VII.gen/sources_1/bd/design_1/hw_handoff/design_1.hwh
Generated Hardware Definition File c:/Users/ASUS/Documents/PhD/kriask/prj/blink_mk_VII/blink_mk_VII.gen/sources_1/bd/design_1/synth/design_1.hwdef
INFO: [IP_Flow 19-6930] IPCACHE: runCacheChecks() number of threads = 8
INFO: [IP_Flow 19-6921] IPCACHE: Adding cache check func to thread queue for IP design_1_auto_ds_0
INFO: [IP_Flow 19-6921] IPCACHE: Adding cache check func to thread queue for IP design_1_auto_ds_1
INFO: [IP_Flow 19-6921] IPCACHE: Adding cache check func to thread queue for IP design_1_auto_pc_0
INFO: [IP_Flow 19-6921] IPCACHE: Adding cache check func to thread queue for IP design_1_auto_pc_1
INFO: [IP_Flow 19-8020] IPCACHE: runCacheChecks() calling threadPool finishWork()
INFO: [IP_Flow 19-6924] IPCACHE: Running cache check for IP inst: design_1_auto_ds_0
INFO: [IP_Flow 19-6922] IPCACHE: Exporting cached entry 4e426c594a7c6675 to dir: c:/Users/ASUS/Documents/PhD/kriask/prj/blink_mk_VII/blink_mk_VII.gen/sources_1/bd/design_1/ip/design_1_auto_ds_0
INFO: [IP_Flow 19-6928] IPCACHE: copied cached file c:/Users/ASUS/Documents/PhD/kriask/prj/blink_mk_VII/blink_mk_VII.cache/ip/2024.1/4/e/4e426c594a7c6675/design_1_auto_ds_0.dcp to c:/Users/ASUS/Documents/PhD/kriask/prj/blink_mk_VII/blink_mk_VII.gen/sources_1/bd/design_1/ip/design_1_auto_ds_0/design_1_auto_ds_0.dcp.
INFO: [IP_Flow 19-6926] IPCACHE: added file to list for BOM: c:/Users/ASUS/Documents/PhD/kriask/prj/blink_mk_VII/blink_mk_VII.gen/sources_1/bd/design_1/ip/design_1_auto_ds_0/design_1_auto_ds_0.dcp
INFO: [IP_Flow 19-6928] IPCACHE: copied cached file c:/Users/ASUS/Documents/PhD/kriask/prj/blink_mk_VII/blink_mk_VII.cache/ip/2024.1/4/e/4e426c594a7c6675/design_1_auto_ds_0_sim_netlist.v to c:/Users/ASUS/Documents/PhD/kriask/prj/blink_mk_VII/blink_mk_VII.gen/sources_1/bd/design_1/ip/design_1_auto_ds_0/design_1_auto_ds_0_sim_netlist.v.
INFO: [IP_Flow 19-6926] IPCACHE: added file to list for BOM: c:/Users/ASUS/Documents/PhD/kriask/prj/blink_mk_VII/blink_mk_VII.gen/sources_1/bd/design_1/ip/design_1_auto_ds_0/design_1_auto_ds_0_sim_netlist.v
INFO: [IP_Flow 19-6928] IPCACHE: copied cached file c:/Users/ASUS/Documents/PhD/kriask/prj/blink_mk_VII/blink_mk_VII.cache/ip/2024.1/4/e/4e426c594a7c6675/design_1_auto_ds_0_sim_netlist.vhdl to c:/Users/ASUS/Documents/PhD/kriask/prj/blink_mk_VII/blink_mk_VII.gen/sources_1/bd/design_1/ip/design_1_auto_ds_0/design_1_auto_ds_0_sim_netlist.vhdl.
INFO: [IP_Flow 19-6926] IPCACHE: added file to list for BOM: c:/Users/ASUS/Documents/PhD/kriask/prj/blink_mk_VII/blink_mk_VII.gen/sources_1/bd/design_1/ip/design_1_auto_ds_0/design_1_auto_ds_0_sim_netlist.vhdl
INFO: [IP_Flow 19-6928] IPCACHE: copied cached file c:/Users/ASUS/Documents/PhD/kriask/prj/blink_mk_VII/blink_mk_VII.cache/ip/2024.1/4/e/4e426c594a7c6675/design_1_auto_ds_0_stub.v to c:/Users/ASUS/Documents/PhD/kriask/prj/blink_mk_VII/blink_mk_VII.gen/sources_1/bd/design_1/ip/design_1_auto_ds_0/design_1_auto_ds_0_stub.v.
INFO: [IP_Flow 19-6926] IPCACHE: added file to list for BOM: c:/Users/ASUS/Documents/PhD/kriask/prj/blink_mk_VII/blink_mk_VII.gen/sources_1/bd/design_1/ip/design_1_auto_ds_0/design_1_auto_ds_0_stub.v
INFO: [IP_Flow 19-6928] IPCACHE: copied cached file c:/Users/ASUS/Documents/PhD/kriask/prj/blink_mk_VII/blink_mk_VII.cache/ip/2024.1/4/e/4e426c594a7c6675/design_1_auto_ds_0_stub.vhdl to c:/Users/ASUS/Documents/PhD/kriask/prj/blink_mk_VII/blink_mk_VII.gen/sources_1/bd/design_1/ip/design_1_auto_ds_0/design_1_auto_ds_0_stub.vhdl.
INFO: [IP_Flow 19-6926] IPCACHE: added file to list for BOM: c:/Users/ASUS/Documents/PhD/kriask/prj/blink_mk_VII/blink_mk_VII.gen/sources_1/bd/design_1/ip/design_1_auto_ds_0/design_1_auto_ds_0_stub.vhdl
INFO: [IP_Flow 19-4993] Using cached IP synthesis design for IP design_1_auto_ds_0, cache-ID = 4e426c594a7c6675; cache size = 25.060 MB.
INFO: [IP_Flow 19-6924] IPCACHE: Running cache check for IP inst: design_1_auto_ds_1
INFO: [IP_Flow 19-6922] IPCACHE: Exporting cached entry 4e426c594a7c6675 to dir: c:/Users/ASUS/Documents/PhD/kriask/prj/blink_mk_VII/blink_mk_VII.gen/sources_1/bd/design_1/ip/design_1_auto_ds_1
INFO: [IP_Flow 19-6928] IPCACHE: copied cached file c:/Users/ASUS/Documents/PhD/kriask/prj/blink_mk_VII/blink_mk_VII.cache/ip/2024.1/4/e/4e426c594a7c6675/design_1_auto_ds_0.dcp to c:/Users/ASUS/Documents/PhD/kriask/prj/blink_mk_VII/blink_mk_VII.gen/sources_1/bd/design_1/ip/design_1_auto_ds_1/design_1_auto_ds_1.dcp.
INFO: [IP_Flow 19-6926] IPCACHE: added file to list for BOM: c:/Users/ASUS/Documents/PhD/kriask/prj/blink_mk_VII/blink_mk_VII.gen/sources_1/bd/design_1/ip/design_1_auto_ds_1/design_1_auto_ds_1.dcp
INFO: [IP_Flow 19-6928] IPCACHE: copied cached file c:/Users/ASUS/Documents/PhD/kriask/prj/blink_mk_VII/blink_mk_VII.cache/ip/2024.1/4/e/4e426c594a7c6675/design_1_auto_ds_0_sim_netlist.v to c:/Users/ASUS/Documents/PhD/kriask/prj/blink_mk_VII/blink_mk_VII.gen/sources_1/bd/design_1/ip/design_1_auto_ds_1/design_1_auto_ds_1_sim_netlist.v.
INFO: [IP_Flow 19-6926] IPCACHE: added file to list for BOM: c:/Users/ASUS/Documents/PhD/kriask/prj/blink_mk_VII/blink_mk_VII.gen/sources_1/bd/design_1/ip/design_1_auto_ds_1/design_1_auto_ds_1_sim_netlist.v
INFO: [IP_Flow 19-6928] IPCACHE: copied cached file c:/Users/ASUS/Documents/PhD/kriask/prj/blink_mk_VII/blink_mk_VII.cache/ip/2024.1/4/e/4e426c594a7c6675/design_1_auto_ds_0_sim_netlist.vhdl to c:/Users/ASUS/Documents/PhD/kriask/prj/blink_mk_VII/blink_mk_VII.gen/sources_1/bd/design_1/ip/design_1_auto_ds_1/design_1_auto_ds_1_sim_netlist.vhdl.
INFO: [IP_Flow 19-6926] IPCACHE: added file to list for BOM: c:/Users/ASUS/Documents/PhD/kriask/prj/blink_mk_VII/blink_mk_VII.gen/sources_1/bd/design_1/ip/design_1_auto_ds_1/design_1_auto_ds_1_sim_netlist.vhdl
INFO: [IP_Flow 19-6928] IPCACHE: copied cached file c:/Users/ASUS/Documents/PhD/kriask/prj/blink_mk_VII/blink_mk_VII.cache/ip/2024.1/4/e/4e426c594a7c6675/design_1_auto_ds_0_stub.v to c:/Users/ASUS/Documents/PhD/kriask/prj/blink_mk_VII/blink_mk_VII.gen/sources_1/bd/design_1/ip/design_1_auto_ds_1/design_1_auto_ds_1_stub.v.
INFO: [IP_Flow 19-6926] IPCACHE: added file to list for BOM: c:/Users/ASUS/Documents/PhD/kriask/prj/blink_mk_VII/blink_mk_VII.gen/sources_1/bd/design_1/ip/design_1_auto_ds_1/design_1_auto_ds_1_stub.v
INFO: [IP_Flow 19-6928] IPCACHE: copied cached file c:/Users/ASUS/Documents/PhD/kriask/prj/blink_mk_VII/blink_mk_VII.cache/ip/2024.1/4/e/4e426c594a7c6675/design_1_auto_ds_0_stub.vhdl to c:/Users/ASUS/Documents/PhD/kriask/prj/blink_mk_VII/blink_mk_VII.gen/sources_1/bd/design_1/ip/design_1_auto_ds_1/design_1_auto_ds_1_stub.vhdl.
INFO: [IP_Flow 19-6926] IPCACHE: added file to list for BOM: c:/Users/ASUS/Documents/PhD/kriask/prj/blink_mk_VII/blink_mk_VII.gen/sources_1/bd/design_1/ip/design_1_auto_ds_1/design_1_auto_ds_1_stub.vhdl
INFO: [IP_Flow 19-4993] Using cached IP synthesis design for IP design_1_auto_ds_1, cache-ID = 4e426c594a7c6675; cache size = 25.060 MB.
INFO: [IP_Flow 19-6924] IPCACHE: Running cache check for IP inst: design_1_auto_pc_0
INFO: [IP_Flow 19-6922] IPCACHE: Exporting cached entry ff66835b5e5d6297 to dir: c:/Users/ASUS/Documents/PhD/kriask/prj/blink_mk_VII/blink_mk_VII.gen/sources_1/bd/design_1/ip/design_1_auto_pc_0
INFO: [IP_Flow 19-6928] IPCACHE: copied cached file c:/Users/ASUS/Documents/PhD/kriask/prj/blink_mk_VII/blink_mk_VII.cache/ip/2024.1/f/f/ff66835b5e5d6297/design_1_auto_pc_0.dcp to c:/Users/ASUS/Documents/PhD/kriask/prj/blink_mk_VII/blink_mk_VII.gen/sources_1/bd/design_1/ip/design_1_auto_pc_0/design_1_auto_pc_0.dcp.
INFO: [IP_Flow 19-6926] IPCACHE: added file to list for BOM: c:/Users/ASUS/Documents/PhD/kriask/prj/blink_mk_VII/blink_mk_VII.gen/sources_1/bd/design_1/ip/design_1_auto_pc_0/design_1_auto_pc_0.dcp
INFO: [IP_Flow 19-6928] IPCACHE: copied cached file c:/Users/ASUS/Documents/PhD/kriask/prj/blink_mk_VII/blink_mk_VII.cache/ip/2024.1/f/f/ff66835b5e5d6297/design_1_auto_pc_0_sim_netlist.v to c:/Users/ASUS/Documents/PhD/kriask/prj/blink_mk_VII/blink_mk_VII.gen/sources_1/bd/design_1/ip/design_1_auto_pc_0/design_1_auto_pc_0_sim_netlist.v.
INFO: [IP_Flow 19-6926] IPCACHE: added file to list for BOM: c:/Users/ASUS/Documents/PhD/kriask/prj/blink_mk_VII/blink_mk_VII.gen/sources_1/bd/design_1/ip/design_1_auto_pc_0/design_1_auto_pc_0_sim_netlist.v
INFO: [IP_Flow 19-6928] IPCACHE: copied cached file c:/Users/ASUS/Documents/PhD/kriask/prj/blink_mk_VII/blink_mk_VII.cache/ip/2024.1/f/f/ff66835b5e5d6297/design_1_auto_pc_0_sim_netlist.vhdl to c:/Users/ASUS/Documents/PhD/kriask/prj/blink_mk_VII/blink_mk_VII.gen/sources_1/bd/design_1/ip/design_1_auto_pc_0/design_1_auto_pc_0_sim_netlist.vhdl.
INFO: [IP_Flow 19-6926] IPCACHE: added file to list for BOM: c:/Users/ASUS/Documents/PhD/kriask/prj/blink_mk_VII/blink_mk_VII.gen/sources_1/bd/design_1/ip/design_1_auto_pc_0/design_1_auto_pc_0_sim_netlist.vhdl
INFO: [IP_Flow 19-6928] IPCACHE: copied cached file c:/Users/ASUS/Documents/PhD/kriask/prj/blink_mk_VII/blink_mk_VII.cache/ip/2024.1/f/f/ff66835b5e5d6297/design_1_auto_pc_0_stub.v to c:/Users/ASUS/Documents/PhD/kriask/prj/blink_mk_VII/blink_mk_VII.gen/sources_1/bd/design_1/ip/design_1_auto_pc_0/design_1_auto_pc_0_stub.v.
INFO: [IP_Flow 19-6926] IPCACHE: added file to list for BOM: c:/Users/ASUS/Documents/PhD/kriask/prj/blink_mk_VII/blink_mk_VII.gen/sources_1/bd/design_1/ip/design_1_auto_pc_0/design_1_auto_pc_0_stub.v
INFO: [IP_Flow 19-6928] IPCACHE: copied cached file c:/Users/ASUS/Documents/PhD/kriask/prj/blink_mk_VII/blink_mk_VII.cache/ip/2024.1/f/f/ff66835b5e5d6297/design_1_auto_pc_0_stub.vhdl to c:/Users/ASUS/Documents/PhD/kriask/prj/blink_mk_VII/blink_mk_VII.gen/sources_1/bd/design_1/ip/design_1_auto_pc_0/design_1_auto_pc_0_stub.vhdl.
INFO: [IP_Flow 19-6926] IPCACHE: added file to list for BOM: c:/Users/ASUS/Documents/PhD/kriask/prj/blink_mk_VII/blink_mk_VII.gen/sources_1/bd/design_1/ip/design_1_auto_pc_0/design_1_auto_pc_0_stub.vhdl
INFO: [IP_Flow 19-4993] Using cached IP synthesis design for IP design_1_auto_pc_0, cache-ID = ff66835b5e5d6297; cache size = 25.060 MB.
INFO: [IP_Flow 19-6924] IPCACHE: Running cache check for IP inst: design_1_auto_pc_1
INFO: [IP_Flow 19-6922] IPCACHE: Exporting cached entry ff66835b5e5d6297 to dir: c:/Users/ASUS/Documents/PhD/kriask/prj/blink_mk_VII/blink_mk_VII.gen/sources_1/bd/design_1/ip/design_1_auto_pc_1
INFO: [IP_Flow 19-6928] IPCACHE: copied cached file c:/Users/ASUS/Documents/PhD/kriask/prj/blink_mk_VII/blink_mk_VII.cache/ip/2024.1/f/f/ff66835b5e5d6297/design_1_auto_pc_0.dcp to c:/Users/ASUS/Documents/PhD/kriask/prj/blink_mk_VII/blink_mk_VII.gen/sources_1/bd/design_1/ip/design_1_auto_pc_1/design_1_auto_pc_1.dcp.
INFO: [IP_Flow 19-6926] IPCACHE: added file to list for BOM: c:/Users/ASUS/Documents/PhD/kriask/prj/blink_mk_VII/blink_mk_VII.gen/sources_1/bd/design_1/ip/design_1_auto_pc_1/design_1_auto_pc_1.dcp
INFO: [IP_Flow 19-6928] IPCACHE: copied cached file c:/Users/ASUS/Documents/PhD/kriask/prj/blink_mk_VII/blink_mk_VII.cache/ip/2024.1/f/f/ff66835b5e5d6297/design_1_auto_pc_0_sim_netlist.v to c:/Users/ASUS/Documents/PhD/kriask/prj/blink_mk_VII/blink_mk_VII.gen/sources_1/bd/design_1/ip/design_1_auto_pc_1/design_1_auto_pc_1_sim_netlist.v.
INFO: [IP_Flow 19-6926] IPCACHE: added file to list for BOM: c:/Users/ASUS/Documents/PhD/kriask/prj/blink_mk_VII/blink_mk_VII.gen/sources_1/bd/design_1/ip/design_1_auto_pc_1/design_1_auto_pc_1_sim_netlist.v
INFO: [IP_Flow 19-6928] IPCACHE: copied cached file c:/Users/ASUS/Documents/PhD/kriask/prj/blink_mk_VII/blink_mk_VII.cache/ip/2024.1/f/f/ff66835b5e5d6297/design_1_auto_pc_0_sim_netlist.vhdl to c:/Users/ASUS/Documents/PhD/kriask/prj/blink_mk_VII/blink_mk_VII.gen/sources_1/bd/design_1/ip/design_1_auto_pc_1/design_1_auto_pc_1_sim_netlist.vhdl.
INFO: [IP_Flow 19-6926] IPCACHE: added file to list for BOM: c:/Users/ASUS/Documents/PhD/kriask/prj/blink_mk_VII/blink_mk_VII.gen/sources_1/bd/design_1/ip/design_1_auto_pc_1/design_1_auto_pc_1_sim_netlist.vhdl
INFO: [IP_Flow 19-6928] IPCACHE: copied cached file c:/Users/ASUS/Documents/PhD/kriask/prj/blink_mk_VII/blink_mk_VII.cache/ip/2024.1/f/f/ff66835b5e5d6297/design_1_auto_pc_0_stub.v to c:/Users/ASUS/Documents/PhD/kriask/prj/blink_mk_VII/blink_mk_VII.gen/sources_1/bd/design_1/ip/design_1_auto_pc_1/design_1_auto_pc_1_stub.v.
INFO: [IP_Flow 19-6926] IPCACHE: added file to list for BOM: c:/Users/ASUS/Documents/PhD/kriask/prj/blink_mk_VII/blink_mk_VII.gen/sources_1/bd/design_1/ip/design_1_auto_pc_1/design_1_auto_pc_1_stub.v
INFO: [IP_Flow 19-6928] IPCACHE: copied cached file c:/Users/ASUS/Documents/PhD/kriask/prj/blink_mk_VII/blink_mk_VII.cache/ip/2024.1/f/f/ff66835b5e5d6297/design_1_auto_pc_0_stub.vhdl to c:/Users/ASUS/Documents/PhD/kriask/prj/blink_mk_VII/blink_mk_VII.gen/sources_1/bd/design_1/ip/design_1_auto_pc_1/design_1_auto_pc_1_stub.vhdl.
INFO: [IP_Flow 19-6926] IPCACHE: added file to list for BOM: c:/Users/ASUS/Documents/PhD/kriask/prj/blink_mk_VII/blink_mk_VII.gen/sources_1/bd/design_1/ip/design_1_auto_pc_1/design_1_auto_pc_1_stub.vhdl
INFO: [IP_Flow 19-4993] Using cached IP synthesis design for IP design_1_auto_pc_1, cache-ID = ff66835b5e5d6297; cache size = 25.060 MB.
[Tue Feb 18 11:20:10 2025] Launched design_1_axi_cfg_register_0_0_synth_1, design_1_demux_0_0_synth_1, synth_1...
Run output will be captured here:
design_1_axi_cfg_register_0_0_synth_1: C:/Users/ASUS/Documents/PhD/kriask/prj/blink_mk_VII/blink_mk_VII.runs/design_1_axi_cfg_register_0_0_synth_1/runme.log
design_1_demux_0_0_synth_1: C:/Users/ASUS/Documents/PhD/kriask/prj/blink_mk_VII/blink_mk_VII.runs/design_1_demux_0_0_synth_1/runme.log
synth_1: C:/Users/ASUS/Documents/PhD/kriask/prj/blink_mk_VII/blink_mk_VII.runs/synth_1/runme.log
[Tue Feb 18 11:20:10 2025] Launched impl_1...
Run output will be captured here: C:/Users/ASUS/Documents/PhD/kriask/prj/blink_mk_VII/blink_mk_VII.runs/impl_1/runme.log
launch_runs: Time (s): cpu = 00:00:14 ; elapsed = 00:00:17 . Memory (MB): peak = 3306.301 ; gain = 36.754
