Copyright 1986-2022 Xilinx, Inc. All Rights Reserved. Copyright 2022-2024 Advanced Micro Devices, Inc. All Rights Reserved.
---------------------------------------------------------------------------------------------------------------------------------------------------------------
| Tool Version : Vivado v.2024.1 (win64) Build 5076996 Wed May 22 18:37:14 MDT 2024
| Date         : Thu Jan  2 17:12:39 2025
| Host         : Goose running 64-bit major release  (build 9200)
| Command      : report_drc -file kria_starter_kit_wrapper_drc_opted.rpt -pb kria_starter_kit_wrapper_drc_opted.pb -rpx kria_starter_kit_wrapper_drc_opted.rpx
| Design       : kria_starter_kit_wrapper
| Device       : xck26-sfvc784-2LV-c
| Speed File   : -2LV
| Design State : Synthesized
---------------------------------------------------------------------------------------------------------------------------------------------------------------

Report DRC

Table of Contents
-----------------
1. REPORT SUMMARY
2. REPORT DETAILS

1. REPORT SUMMARY
-----------------
            Netlist: netlist
          Floorplan: design_1
      Design limits: <entire design considered>
           Ruledeck: default
             Max violations: <unlimited>
             Violations found: 1
+-------------+----------+-------------------------------------------------------------+------------+
| Rule        | Severity | Description                                                 | Violations |
+-------------+----------+-------------------------------------------------------------+------------+
| PLHOLDVIO-2 | Warning  | Non-Optimal connections which could lead to hold violations | 1          |
+-------------+----------+-------------------------------------------------------------+------------+

2. REPORT DETAILS
-----------------
PLHOLDVIO-2#1 Warning
Non-Optimal connections which could lead to hold violations  
A LUT kria_starter_kit_i/and_gate_0/y_INST_0 is driving clock pin of 20 cells. This could lead to large hold time violations. Involved cells are:
kria_starter_kit_i/prescaler_0/U0/counter_reg[0],
kria_starter_kit_i/prescaler_0/U0/counter_reg[10],
kria_starter_kit_i/prescaler_0/U0/counter_reg[11],
kria_starter_kit_i/prescaler_0/U0/counter_reg[12],
kria_starter_kit_i/prescaler_0/U0/counter_reg[13],
kria_starter_kit_i/prescaler_0/U0/counter_reg[14],
kria_starter_kit_i/prescaler_0/U0/counter_reg[15],
kria_starter_kit_i/prescaler_0/U0/counter_reg[16],
kria_starter_kit_i/prescaler_0/U0/counter_reg[17],
kria_starter_kit_i/prescaler_0/U0/counter_reg[18],
kria_starter_kit_i/prescaler_0/U0/counter_reg[1],
kria_starter_kit_i/prescaler_0/U0/counter_reg[2],
kria_starter_kit_i/prescaler_0/U0/counter_reg[3],
kria_starter_kit_i/prescaler_0/U0/counter_reg[4],
kria_starter_kit_i/prescaler_0/U0/counter_reg[5]
 (the first 15 of 20 listed)
Related violations: <none>


