
*** Running vivado
    with args -log kria_starter_kit_nand_gate_0_0.vds -m64 -product Vivado -mode batch -messageDb vivado.pb -notrace -source kria_starter_kit_nand_gate_0_0.tcl



****** Vivado v2024.1 (64-bit)
  **** SW Build 5076996 on Wed May 22 18:37:14 MDT 2024
  **** IP Build 5075265 on Wed May 22 21:45:21 MDT 2024
  **** SharedData Build 5076995 on Wed May 22 18:29:18 MDT 2024
  **** Start of session at: Sun Dec 22 14:43:30 2024
    ** Copyright 1986-2022 Xilinx, Inc. All Rights Reserved.
    ** Copyright 2022-2024 Advanced Micro Devices, Inc. All Rights Reserved.

source kria_starter_kit_nand_gate_0_0.tcl -notrace
create_project: Time (s): cpu = 00:00:16 ; elapsed = 00:00:17 . Memory (MB): peak = 514.473 ; gain = 200.578
INFO: [IP_Flow 19-234] Refreshing IP repositories
INFO: [IP_Flow 19-1704] No user IP repositories specified
INFO: [IP_Flow 19-2313] Loaded Vivado IP repository 'C:/Xilinx/Vivado/2024.1/data/ip'.
Command: synth_design -top kria_starter_kit_nand_gate_0_0 -part xck26-sfvc784-2LV-c -incremental_mode off -mode out_of_context
Starting synth_design
Attempting to get a license for feature 'Synthesis' and/or device 'xck26'
INFO: [Common 17-349] Got license for feature 'Synthesis' and/or device 'xck26'
INFO: [Device 21-403] Loading part xck26-sfvc784-2LV-c
INFO: [Synth 8-7079] Multithreading enabled for synth_design using a maximum of 2 processes.
INFO: [Synth 8-7078] Launching helper process for spawning children vivado processes
INFO: [Synth 8-7075] Helper process launched with PID 19792
---------------------------------------------------------------------------------
Starting RTL Elaboration : Time (s): cpu = 00:00:14 ; elapsed = 00:00:16 . Memory (MB): peak = 1942.910 ; gain = 398.133
---------------------------------------------------------------------------------
INFO: [Synth 8-638] synthesizing module 'kria_starter_kit_nand_gate_0_0' [c:/Users/ASUS/iCloudDrive/PhD-kriask/prj/nand_ps_mk_III/nand_ps_mk_III.gen/sources_1/bd/kria_starter_kit/ip/kria_starter_kit_nand_gate_0_0/synth/kria_starter_kit_nand_gate_0_0.vhd:64]
INFO: [Synth 8-3491] module 'nand_gate' declared at 'C:/Users/ASUS/iCloudDrive/PhD-kriask/prj/nand_ps_mk_III/nand_ps_mk_III.srcs/sources_1/new/nand_gate.vhd:34' bound to instance 'U0' of component 'nand_gate' [c:/Users/ASUS/iCloudDrive/PhD-kriask/prj/nand_ps_mk_III/nand_ps_mk_III.gen/sources_1/bd/kria_starter_kit/ip/kria_starter_kit_nand_gate_0_0/synth/kria_starter_kit_nand_gate_0_0.vhd:83]
INFO: [Synth 8-638] synthesizing module 'nand_gate' [C:/Users/ASUS/iCloudDrive/PhD-kriask/prj/nand_ps_mk_III/nand_ps_mk_III.srcs/sources_1/new/nand_gate.vhd:39]
INFO: [Synth 8-256] done synthesizing module 'nand_gate' (0#1) [C:/Users/ASUS/iCloudDrive/PhD-kriask/prj/nand_ps_mk_III/nand_ps_mk_III.srcs/sources_1/new/nand_gate.vhd:39]
INFO: [Synth 8-256] done synthesizing module 'kria_starter_kit_nand_gate_0_0' (0#1) [c:/Users/ASUS/iCloudDrive/PhD-kriask/prj/nand_ps_mk_III/nand_ps_mk_III.gen/sources_1/bd/kria_starter_kit/ip/kria_starter_kit_nand_gate_0_0/synth/kria_starter_kit_nand_gate_0_0.vhd:64]
---------------------------------------------------------------------------------
Finished RTL Elaboration : Time (s): cpu = 00:00:18 ; elapsed = 00:00:19 . Memory (MB): peak = 2055.293 ; gain = 510.516
---------------------------------------------------------------------------------
---------------------------------------------------------------------------------
Start Handling Custom Attributes
---------------------------------------------------------------------------------
---------------------------------------------------------------------------------
Finished Handling Custom Attributes : Time (s): cpu = 00:00:18 ; elapsed = 00:00:20 . Memory (MB): peak = 2055.293 ; gain = 510.516
---------------------------------------------------------------------------------
---------------------------------------------------------------------------------
Finished RTL Optimization Phase 1 : Time (s): cpu = 00:00:18 ; elapsed = 00:00:20 . Memory (MB): peak = 2055.293 ; gain = 510.516
---------------------------------------------------------------------------------
Netlist sorting complete. Time (s): cpu = 00:00:00 ; elapsed = 00:00:00 . Memory (MB): peak = 2055.293 ; gain = 0.000
INFO: [Project 1-570] Preparing netlist for logic optimization

Processing XDC Constraints
Initializing timing engine
Completed Processing XDC Constraints

Netlist sorting complete. Time (s): cpu = 00:00:00 ; elapsed = 00:00:00 . Memory (MB): peak = 2056.977 ; gain = 0.000
INFO: [Project 1-111] Unisim Transformation Summary:
No Unisim elements were transformed.

Constraint Validation Runtime : Time (s): cpu = 00:00:00 ; elapsed = 00:00:00.024 . Memory (MB): peak = 2078.211 ; gain = 21.234
INFO: [Designutils 20-5008] Incremental synthesis strategy off
---------------------------------------------------------------------------------
Finished Constraint Validation : Time (s): cpu = 00:00:35 ; elapsed = 00:00:37 . Memory (MB): peak = 2078.211 ; gain = 533.434
---------------------------------------------------------------------------------
---------------------------------------------------------------------------------
Start Loading Part and Timing Information
---------------------------------------------------------------------------------
Loading part: xck26-sfvc784-2LV-c
INFO: [Synth 8-6742] Reading net delay rules and data
---------------------------------------------------------------------------------
Finished Loading Part and Timing Information : Time (s): cpu = 00:00:35 ; elapsed = 00:00:37 . Memory (MB): peak = 2078.211 ; gain = 533.434
---------------------------------------------------------------------------------
---------------------------------------------------------------------------------
Start Applying 'set_property' XDC Constraints
---------------------------------------------------------------------------------
---------------------------------------------------------------------------------
Finished applying 'set_property' XDC Constraints : Time (s): cpu = 00:00:35 ; elapsed = 00:00:37 . Memory (MB): peak = 2078.211 ; gain = 533.434
---------------------------------------------------------------------------------
---------------------------------------------------------------------------------
Finished RTL Optimization Phase 2 : Time (s): cpu = 00:00:35 ; elapsed = 00:00:38 . Memory (MB): peak = 2078.211 ; gain = 533.434
---------------------------------------------------------------------------------
---------------------------------------------------------------------------------
Start RTL Component Statistics 
---------------------------------------------------------------------------------
Detailed RTL Component Info : 
---------------------------------------------------------------------------------
Finished RTL Component Statistics 
---------------------------------------------------------------------------------
---------------------------------------------------------------------------------
Start Part Resource Summary
---------------------------------------------------------------------------------
Part Resources:
DSPs: 1248 (col length:96)
BRAMs: 288 (col length: RAMB18 96 RAMB36 48)
---------------------------------------------------------------------------------
Finished Part Resource Summary
---------------------------------------------------------------------------------
---------------------------------------------------------------------------------
Start Cross Boundary and Area Optimization
---------------------------------------------------------------------------------
WARNING: [Synth 8-7080] Parallel synthesis criteria is not met
---------------------------------------------------------------------------------
Finished Cross Boundary and Area Optimization : Time (s): cpu = 00:00:39 ; elapsed = 00:00:42 . Memory (MB): peak = 2078.211 ; gain = 533.434
---------------------------------------------------------------------------------
---------------------------------------------------------------------------------
Start Applying XDC Timing Constraints
---------------------------------------------------------------------------------
---------------------------------------------------------------------------------
Finished Applying XDC Timing Constraints : Time (s): cpu = 00:01:02 ; elapsed = 00:01:07 . Memory (MB): peak = 2558.887 ; gain = 1014.109
---------------------------------------------------------------------------------
---------------------------------------------------------------------------------
Start Timing Optimization
---------------------------------------------------------------------------------
---------------------------------------------------------------------------------
Finished Timing Optimization : Time (s): cpu = 00:01:02 ; elapsed = 00:01:07 . Memory (MB): peak = 2558.887 ; gain = 1014.109
---------------------------------------------------------------------------------
---------------------------------------------------------------------------------
Start Technology Mapping
---------------------------------------------------------------------------------
---------------------------------------------------------------------------------
Finished Technology Mapping : Time (s): cpu = 00:01:02 ; elapsed = 00:01:07 . Memory (MB): peak = 2568.445 ; gain = 1023.668
---------------------------------------------------------------------------------
---------------------------------------------------------------------------------
Start IO Insertion
---------------------------------------------------------------------------------
---------------------------------------------------------------------------------
Start Flattening Before IO Insertion
---------------------------------------------------------------------------------
---------------------------------------------------------------------------------
Finished Flattening Before IO Insertion
---------------------------------------------------------------------------------
---------------------------------------------------------------------------------
Start Final Netlist Cleanup
---------------------------------------------------------------------------------
---------------------------------------------------------------------------------
Finished Final Netlist Cleanup
---------------------------------------------------------------------------------
---------------------------------------------------------------------------------
Finished IO Insertion : Time (s): cpu = 00:01:13 ; elapsed = 00:01:18 . Memory (MB): peak = 2584.270 ; gain = 1039.492
---------------------------------------------------------------------------------
---------------------------------------------------------------------------------
Start Renaming Generated Instances
---------------------------------------------------------------------------------
---------------------------------------------------------------------------------
Finished Renaming Generated Instances : Time (s): cpu = 00:01:13 ; elapsed = 00:01:18 . Memory (MB): peak = 2584.270 ; gain = 1039.492
---------------------------------------------------------------------------------
---------------------------------------------------------------------------------
Start Rebuilding User Hierarchy
---------------------------------------------------------------------------------
---------------------------------------------------------------------------------
Finished Rebuilding User Hierarchy : Time (s): cpu = 00:01:13 ; elapsed = 00:01:18 . Memory (MB): peak = 2584.270 ; gain = 1039.492
---------------------------------------------------------------------------------
---------------------------------------------------------------------------------
Start Renaming Generated Ports
---------------------------------------------------------------------------------
---------------------------------------------------------------------------------
Finished Renaming Generated Ports : Time (s): cpu = 00:01:13 ; elapsed = 00:01:18 . Memory (MB): peak = 2584.270 ; gain = 1039.492
---------------------------------------------------------------------------------
---------------------------------------------------------------------------------
Start Handling Custom Attributes
---------------------------------------------------------------------------------
---------------------------------------------------------------------------------
Finished Handling Custom Attributes : Time (s): cpu = 00:01:13 ; elapsed = 00:01:18 . Memory (MB): peak = 2584.270 ; gain = 1039.492
---------------------------------------------------------------------------------
---------------------------------------------------------------------------------
Start Renaming Generated Nets
---------------------------------------------------------------------------------
---------------------------------------------------------------------------------
Finished Renaming Generated Nets : Time (s): cpu = 00:01:13 ; elapsed = 00:01:18 . Memory (MB): peak = 2584.270 ; gain = 1039.492
---------------------------------------------------------------------------------
---------------------------------------------------------------------------------
Start Writing Synthesis Report
---------------------------------------------------------------------------------

Report BlackBoxes: 
+-+--------------+----------+
| |BlackBox name |Instances |
+-+--------------+----------+
+-+--------------+----------+

Report Cell Usage: 
+------+-----+------+
|      |Cell |Count |
+------+-----+------+
|1     |LUT2 |     1|
+------+-----+------+
---------------------------------------------------------------------------------
Finished Writing Synthesis Report : Time (s): cpu = 00:01:13 ; elapsed = 00:01:18 . Memory (MB): peak = 2584.270 ; gain = 1039.492
---------------------------------------------------------------------------------
Synthesis finished with 0 errors, 0 critical warnings and 1 warnings.
Synthesis Optimization Runtime : Time (s): cpu = 00:00:52 ; elapsed = 00:01:15 . Memory (MB): peak = 2584.270 ; gain = 1016.574
Synthesis Optimization Complete : Time (s): cpu = 00:01:14 ; elapsed = 00:01:19 . Memory (MB): peak = 2584.270 ; gain = 1039.492
INFO: [Project 1-571] Translating synthesized netlist
Netlist sorting complete. Time (s): cpu = 00:00:00 ; elapsed = 00:00:00 . Memory (MB): peak = 2584.270 ; gain = 0.000
INFO: [Project 1-570] Preparing netlist for logic optimization
INFO: [Opt 31-138] Pushed 0 inverter(s) to 0 load pin(s).
Netlist sorting complete. Time (s): cpu = 00:00:00 ; elapsed = 00:00:00 . Memory (MB): peak = 2584.270 ; gain = 0.000
INFO: [Project 1-111] Unisim Transformation Summary:
No Unisim elements were transformed.

Synth Design complete | Checksum: d4a89837
INFO: [Common 17-83] Releasing license: Synthesis
22 Infos, 1 Warnings, 0 Critical Warnings and 0 Errors encountered.
synth_design completed successfully
synth_design: Time (s): cpu = 00:01:32 ; elapsed = 00:01:41 . Memory (MB): peak = 2584.270 ; gain = 2011.934
INFO: [Common 17-1381] The checkpoint 'C:/Users/ASUS/iCloudDrive/PhD-kriask/prj/nand_ps_mk_III/nand_ps_mk_III.runs/kria_starter_kit_nand_gate_0_0_synth_1/kria_starter_kit_nand_gate_0_0.dcp' has been generated.
INFO: [Vivado 12-24828] Executing command : report_utilization -file kria_starter_kit_nand_gate_0_0_utilization_synth.rpt -pb kria_starter_kit_nand_gate_0_0_utilization_synth.pb
INFO: [Common 17-206] Exiting Vivado at Sun Dec 22 14:45:40 2024...
